Component: ARM Compiler 5.06 update 5 (build 528) Tool: armlink [4d35e2]

==============================================================================

Section Cross References

    startup_stm32f103xb.o(RESET) refers to startup_stm32f103xb.o(STACK) for __initial_sp
    startup_stm32f103xb.o(RESET) refers to startup_stm32f103xb.o(.text) for Reset_Handler
    startup_stm32f103xb.o(RESET) refers to stm32f1xx_it.o(i.NMI_Handler) for NMI_Handler
    startup_stm32f103xb.o(RESET) refers to stm32f1xx_it.o(i.HardFault_Handler) for HardFault_Handler
    startup_stm32f103xb.o(RESET) refers to stm32f1xx_it.o(i.MemManage_Handler) for MemManage_Handler
    startup_stm32f103xb.o(RESET) refers to stm32f1xx_it.o(i.BusFault_Handler) for BusFault_Handler
    startup_stm32f103xb.o(RESET) refers to stm32f1xx_it.o(i.UsageFault_Handler) for UsageFault_Handler
    startup_stm32f103xb.o(RESET) refers to port.o(.emb_text) for SVC_Handler
    startup_stm32f103xb.o(RESET) refers to stm32f1xx_it.o(i.DebugMon_Handler) for DebugMon_Handler
    startup_stm32f103xb.o(RESET) refers to port.o(i.SysTick_Handler) for SysTick_Handler
    startup_stm32f103xb.o(RESET) refers to stm32f1xx_it.o(i.TIM4_IRQHandler) for TIM4_IRQHandler
    startup_stm32f103xb.o(RESET) refers to stm32f1xx_it.o(i.USART1_IRQHandler) for USART1_IRQHandler
    startup_stm32f103xb.o(RESET) refers to stm32f1xx_it.o(i.USART3_IRQHandler) for USART3_IRQHandler
    startup_stm32f103xb.o(RESET) refers to stm32f1xx_it.o(i.EXTI15_10_IRQHandler) for EXTI15_10_IRQHandler
    startup_stm32f103xb.o(.text) refers to system_stm32f1xx.o(i.SystemInit) for SystemInit
    startup_stm32f103xb.o(.text) refers to entry.o(.ARM.Collect$$$$00000000) for __main
    oled.o(i.OLED_Clear) refers to oled.o(.bss) for .bss
    oled.o(i.OLED_ClearArea) refers to oled.o(.bss) for .bss
    oled.o(i.OLED_DrawArc) refers to oled.o(i.OLED_IsInAngle) for OLED_IsInAngle
    oled.o(i.OLED_DrawArc) refers to oled.o(i.OLED_DrawPoint) for OLED_DrawPoint
    oled.o(i.OLED_DrawCircle) refers to oled.o(i.OLED_DrawPoint) for OLED_DrawPoint
    oled.o(i.OLED_DrawEllipse) refers to dflti.o(.text) for __aeabi_i2d
    oled.o(i.OLED_DrawEllipse) refers to dadd.o(.text) for __aeabi_dadd
    oled.o(i.OLED_DrawEllipse) refers to dmul.o(.text) for __aeabi_dmul
    oled.o(i.OLED_DrawEllipse) refers to d2f.o(.text) for __aeabi_d2f
    oled.o(i.OLED_DrawEllipse) refers to oled.o(i.OLED_DrawPoint) for OLED_DrawPoint
    oled.o(i.OLED_DrawEllipse) refers to fflti.o(.text) for __aeabi_i2f
    oled.o(i.OLED_DrawEllipse) refers to fadd.o(.text) for __aeabi_fadd
    oled.o(i.OLED_DrawEllipse) refers to cdcmple.o(.text) for __aeabi_cdcmple
    oled.o(i.OLED_DrawLine) refers to oled.o(i.OLED_DrawPoint) for OLED_DrawPoint
    oled.o(i.OLED_DrawPoint) refers to oled.o(.bss) for .bss
    oled.o(i.OLED_DrawRectangle) refers to oled.o(i.OLED_DrawPoint) for OLED_DrawPoint
    oled.o(i.OLED_DrawTriangle) refers to oled.o(i.OLED_DrawLine) for OLED_DrawLine
    oled.o(i.OLED_DrawTriangle) refers to oled.o(i.OLED_pnpoly) for OLED_pnpoly
    oled.o(i.OLED_DrawTriangle) refers to oled.o(i.OLED_DrawPoint) for OLED_DrawPoint
    oled.o(i.OLED_GPIO_Init) refers to gpio.o(i.MX_GPIO_Init) for MX_GPIO_Init
    oled.o(i.OLED_GPIO_Init) refers to oled.o(i.OLED_W_SCL) for OLED_W_SCL
    oled.o(i.OLED_GPIO_Init) refers to oled.o(i.OLED_W_SDA) for OLED_W_SDA
    oled.o(i.OLED_GetPoint) refers to oled.o(.bss) for .bss
    oled.o(i.OLED_I2C_SendByte) refers to oled.o(i.OLED_W_SDA) for OLED_W_SDA
    oled.o(i.OLED_I2C_SendByte) refers to oled.o(i.OLED_W_SCL) for OLED_W_SCL
    oled.o(i.OLED_I2C_Start) refers to oled.o(i.OLED_W_SDA) for OLED_W_SDA
    oled.o(i.OLED_I2C_Start) refers to oled.o(i.OLED_W_SCL) for OLED_W_SCL
    oled.o(i.OLED_I2C_Stop) refers to oled.o(i.OLED_W_SDA) for OLED_W_SDA
    oled.o(i.OLED_I2C_Stop) refers to oled.o(i.OLED_W_SCL) for OLED_W_SCL
    oled.o(i.OLED_Init) refers to oled.o(i.OLED_GPIO_Init) for OLED_GPIO_Init
    oled.o(i.OLED_Init) refers to oled.o(i.OLED_WriteCommand) for OLED_WriteCommand
    oled.o(i.OLED_Init) refers to oled.o(i.OLED_Clear) for OLED_Clear
    oled.o(i.OLED_Init) refers to oled.o(i.OLED_Update) for OLED_Update
    oled.o(i.OLED_IsInAngle) refers to dflti.o(.text) for __aeabi_i2d
    oled.o(i.OLED_IsInAngle) refers to atan2.o(i.atan2) for atan2
    oled.o(i.OLED_IsInAngle) refers to ddiv.o(.text) for __aeabi_ddiv
    oled.o(i.OLED_IsInAngle) refers to dmul.o(.text) for __aeabi_dmul
    oled.o(i.OLED_IsInAngle) refers to dfixi.o(.text) for __aeabi_d2iz
    oled.o(i.OLED_Printf) refers to printfa.o(i.__0vsprintf) for vsprintf
    oled.o(i.OLED_Printf) refers to oled.o(i.OLED_ShowString) for OLED_ShowString
    oled.o(i.OLED_Reverse) refers to oled.o(.bss) for .bss
    oled.o(i.OLED_ReverseArea) refers to oled.o(.bss) for .bss
    oled.o(i.OLED_SetCursor) refers to oled.o(i.OLED_WriteCommand) for OLED_WriteCommand
    oled.o(i.OLED_ShowBinNum) refers to oled.o(i.OLED_Pow) for OLED_Pow
[...]
    i.prvDeleteTCB                           0x08005c16   Section        0  tasks.o(i.prvDeleteTCB)
    prvDeleteTCB                             0x08005c17   Thumb Code    52  tasks.o(i.prvDeleteTCB)
    i.prvHeapInit                            0x08005c4c   Section        0  heap_4.o(i.prvHeapInit)
    prvHeapInit                              0x08005c4d   Thumb Code    64  heap_4.o(i.prvHeapInit)
    i.prvIdleTask                            0x08005c94   Section        0  tasks.o(i.prvIdleTask)
    prvIdleTask                              0x08005c95   Thumb Code    86  tasks.o(i.prvIdleTask)
    i.prvInitialiseMutex                     0x08005cf8   Section        0  queue.o(i.prvInitialiseMutex)
    prvInitialiseMutex                       0x08005cf9   Thumb Code    22  queue.o(i.prvInitialiseMutex)
    i.prvInitialiseNewQueue                  0x08005d0e   Section        0  queue.o(i.prvInitialiseNewQueue)
    prvInitialiseNewQueue                    0x08005d0f   Thumb Code    22  queue.o(i.prvInitialiseNewQueue)
    i.prvInitialiseNewTask                   0x08005d24   Section        0  tasks.o(i.prvInitialiseNewTask)
    prvInitialiseNewTask                     0x08005d25   Thumb Code   176  tasks.o(i.prvInitialiseNewTask)
    i.prvInsertBlockIntoFreeList             0x08005dd4   Section        0  heap_4.o(i.prvInsertBlockIntoFreeList)
    prvInsertBlockIntoFreeList               0x08005dd5   Thumb Code    72  heap_4.o(i.prvInsertBlockIntoFreeList)
    i.prvIsQueueEmpty                        0x08005e20   Section        0  queue.o(i.prvIsQueueEmpty)
    prvIsQueueEmpty                          0x08005e21   Thumb Code    28  queue.o(i.prvIsQueueEmpty)
    i.prvResetNextTaskUnblockTime            0x08005e3c   Section        0  tasks.o(i.prvResetNextTaskUnblockTime)
    prvResetNextTaskUnblockTime              0x08005e3d   Thumb Code    26  tasks.o(i.prvResetNextTaskUnblockTime)
    i.prvTaskExitError                       0x08005e5c   Section        0  port.o(i.prvTaskExitError)
    prvTaskExitError                         0x08005e5d   Thumb Code    36  port.o(i.prvTaskExitError)
    i.prvUnlockQueue                         0x08005e84   Section        0  queue.o(i.prvUnlockQueue)
    prvUnlockQueue                           0x08005e85   Thumb Code   106  queue.o(i.prvUnlockQueue)
    i.pvPortMalloc                           0x08005ef0   Section        0  heap_4.o(i.pvPortMalloc)
    i.pvTaskIncrementMutexHeldCount          0x08005fcc   Section        0  tasks.o(i.pvTaskIncrementMutexHeldCount)
    i.pxPortInitialiseStack                  0x08005fe4   Section        0  port.o(i.pxPortInitialiseStack)
    i.uart_print                             0x08006008   Section        0  usart.o(i.uart_print)
    i.uxListRemove                           0x08006044   Section        0  list.o(i.uxListRemove)
    i.vApplicationGetIdleTaskMemory          0x0800606c   Section        0  freertos.o(i.vApplicationGetIdleTaskMemory)
    i.vApplicationIdleHook                   0x08006080   Section        0  freertos.o(i.vApplicationIdleHook)
    i.vApplicationStackOverflowHook          0x080060c8   Section        0  freertos.o(i.vApplicationStackOverflowHook)
    i.vListInitialise                        0x080060d8   Section        0  list.o(i.vListInitialise)
    i.vListInitialiseItem                    0x080060ee   Section        0  list.o(i.vListInitialiseItem)
    i.vListInsert                            0x080060f4   Section        0  list.o(i.vListInsert)
    i.vListInsertEnd                         0x08006124   Section        0  list.o(i.vListInsertEnd)
    i.vPortEnterCritical                     0x0800613c   Section        0  port.o(i.vPortEnterCritical)
    i.vPortExitCritical                      0x0800617c   Section        0  port.o(i.vPortExitCritical)
    i.vPortFree                              0x080061a4   Section        0  heap_4.o(i.vPortFree)
    i.vPortSetupTimerInterrupt               0x08006208   Section        0  port.o(i.vPortSetupTimerInterrupt)
    i.vPortValidateInterruptPriority         0x0800622c   Section        0  port.o(i.vPortValidateInterruptPriority)
    i.vTaskDelay                             0x08006280   Section        0  tasks.o(i.vTaskDelay)
    i.vTaskInternalSetTimeOutState           0x080062cc   Section        0  tasks.o(i.vTaskInternalSetTimeOutState)
    i.vTaskMissedYield                       0x080062dc   Section        0  tasks.o(i.vTaskMissedYield)
    i.vTaskPlaceOnEventList                  0x080062e8   Section        0  tasks.o(i.vTaskPlaceOnEventList)
    i.vTaskPriorityDisinheritAfterTimeout    0x08006318   Section        0  tasks.o(i.vTaskPriorityDisinheritAfterTimeout)
    i.vTaskStartScheduler                    0x080063b8   Section        0  tasks.o(i.vTaskStartScheduler)
    i.vTaskSuspendAll                        0x08006424   Section        0  tasks.o(i.vTaskSuspendAll)
    i.vTaskSwitchContext                     0x08006434   Section        0  tasks.o(i.vTaskSwitchContext)
    i.xPortStartScheduler                    0x080064bc   Section        0  port.o(i.xPortStartScheduler)
    i.xQueueCreateMutex                      0x08006564   Section        0  queue.o(i.xQueueCreateMutex)
    i.xQueueGenericCreate                    0x0800657a   Section        0  queue.o(i.xQueueGenericCreate)
    i.xQueueGenericReset                     0x080065bc   Section        0  queue.o(i.xQueueGenericReset)
    i.xQueueGenericSend                      0x08006644   Section        0  queue.o(i.xQueueGenericSend)
    i.xQueueGenericSendFromISR               0x080067a4   Section        0  queue.o(i.xQueueGenericSendFromISR)
    i.xQueueReceive                          0x08006864   Section        0  queue.o(i.xQueueReceive)
    i.xQueueSemaphoreTake                    0x0800699c   Section        0  queue.o(i.xQueueSemaphoreTake)
    i.xTaskCheckForTimeOut                   0x08006b14   Section        0  tasks.o(i.xTaskCheckForTimeOut)
    i.xTaskCreate                            0x08006b88   Section        0  tasks.o(i.xTaskCreate)
    i.xTaskCreateStatic                      0x08006be2   Section        0  tasks.o(i.xTaskCreateStatic)
    i.xTaskGetSchedulerState                 0x08006c38   Section        0  tasks.o(i.xTaskGetSchedulerState)
    i.xTaskIncrementTick                     0x08006c54   Section        0  tasks.o(i.xTaskIncrementTick)
    i.xTaskPriorityDisinherit                0x08006d20   Section        0  tasks.o(i.xTaskPriorityDisinherit)
    i.xTaskPriorityInherit                   0x08006db8   Section        0  tasks.o(i.xTaskPriorityInherit)
    i.xTaskRemoveFromEventList               0x08006e44   Section        0  tasks.o(i.xTaskRemoveFromEventList)
    i.xTaskResumeAll                         0x08006eb8   Section        0  tasks.o(i.xTaskResumeAll)
    .constdata                               0x08006f7c   Section     1520  oled_data.o(.constdata)
    .constdata                               0x0800756c   Section      570  oled_data.o(.constdata)
    .constdata                               0x080077a6   Section      259  oled_data.o(.constdata)
    .constdata                               0x080078a9   Section       32  oled_data.o(.constdata)
    .constdata                               0x080078c9   Section       32  oled_data.o(.constdata)
    .constdata                               0x080078e9   Section        4  oled_data.o(.constdata)
    .constdata                               0x080078ed   Section       32  oled_data.o(.constdata)
    .constdata                               0x0800790d   Section        8  oled_data.o(.constdata)
    .constdata                               0x08007918   Section      196  freertos.o(.constdata)
    .constdata                               0x080079dc   Section       18  stm32f1xx_hal_rcc.o(.constdata)
    aPredivFactorTable                       0x080079dc   Data           2  stm32f1xx_hal_rcc.o(.constdata)
    aPLLMULFactorTable                       0x080079de   Data          16  stm32f1xx_hal_rcc.o(.constdata)
    .constdata                               0x080079ee   Section       18  stm32f1xx_hal_rcc_ex.o(.constdata)
    aPredivFactorTable                       0x080079ee   Data           2  stm32f1xx_hal_rcc_ex.o(.constdata)
    aPLLMULFactorTable                       0x080079f0   Data          16  stm32f1xx_hal_rcc_ex.o(.constdata)
    .constdata                               0x08007a00   Section       16  system_stm32f1xx.o(.constdata)
    .constdata                               0x08007a10   Section        8  system_stm32f1xx.o(.constdata)
    .conststring                             0x08007a18   Section      525  wifi.o(.conststring)
    .conststring                             0x08007c28   Section       75  freertos.o(.conststring)
    .data                                    0x20000000   Section        4  main.o(.data)
    .data                                    0x20000004   Section        4  main.o(.data)
    .data                                    0x20000008   Section        5  main.o(.data)
    .data                                    0x20000010   Section      276  freertos.o(.data)
    Aflag                                    0x20000018   Data           1  freertos.o(.data)
    flag                                     0x20000019   Data           1  freertos.o(.data)
    .data                                    0x20000124   Section       12  stm32f1xx_hal.o(.data)
    .data                                    0x20000130   Section        4  system_stm32f1xx.o(.data)
    .data                                    0x20000134   Section       60  tasks.o(.data)
    uxDeletedTasksWaitingCleanUp             0x20000138   Data           4  tasks.o(.data)
    uxCurrentNumberOfTasks                   0x2000013c   Data           4  tasks.o(.data)
    xTickCount                               0x20000140   Data           4  tasks.o(.data)
    uxTopReadyPriority                       0x20000144   Data           4  tasks.o(.data)
    xSchedulerRunning                        0x20000148   Data           4  tasks.o(.data)
    xPendedTicks                             0x2000014c   Data           4  tasks.o(.data)
    xYieldPending                            0x20000150   Data           4  tasks.o(.data)
    xNumOfOverflows                          0x20000154   Data           4  tasks.o(.data)
    uxTaskNumber                             0x20000158   Data           4  tasks.o(.data)
    xNextTaskUnblockTime                     0x2000015c   Data           4  tasks.o(.data)
    xIdleTaskHandle                          0x20000160   Data           4  tasks.o(.data)
    uxSchedulerSuspended                     0x20000164   Data           4  tasks.o(.data)
    pxDelayedTaskList                        0x20000168   Data           4  tasks.o(.data)
    pxOverflowDelayedTaskList                0x2000016c   Data           4  tasks.o(.data)
    .data                                    0x20000170   Section       32  heap_4.o(.data)
    pxEnd                                    0x20000170   Data           4  heap_4.o(.data)
    xFreeBytesRemaining                      0x20000174   Data           4  heap_4.o(.data)
    xMinimumEverFreeBytesRemaining           0x20000178   Data           4  heap_4.o(.data)
    xNumberOfSuccessfulAllocations           0x2000017c   Data           4  heap_4.o(.data)
    xNumberOfSuccessfulFrees                 0x20000180   Data           4  heap_4.o(.data)
    xBlockAllocatedBit                       0x20000184   Data           4  heap_4.o(.data)
    xStart                                   0x20000188   Data           8  heap_4.o(.data)
    .data                                    0x20000190   Section       12  port.o(.data)
    ucMaxSysCallPriority                     0x20000190   Data           1  port.o(.data)
    uxCriticalNesting                        0x20000194   Data           4  port.o(.data)
    ulMaxPRIGROUPValue                       0x20000198   Data           4  port.o(.data)
    .bss                                     0x2000019c   Section     1024  oled.o(.bss)
    .bss                                     0x2000059c   Section     1024  aoled.o(.bss)
    .bss                                     0x2000099c   Section       64  main.o(.bss)
    .bss                                     0x200009dc   Section      596  freertos.o(.bss)
    xIdleTaskTCBBuffer                       0x200009dc   Data          84  freertos.o(.bss)
    xIdleStack                               0x20000a30   Data         512  freertos.o(.bss)
    .bss                                     0x20000c30   Section       48  adc.o(.bss)
    .bss                                     0x20000c60   Section      144  tim.o(.bss)
    .bss                                     0x20000cf0   Section      216  usart.o(.bss)
    .bss                                     0x20000dc8   Section       72  stm32f1xx_hal_timebase_tim.o(.bss)
    .bss                                     0x20000e10   Section       32  stm32f1xx_hal_flash.o(.bss)
    .bss                                     0x20000e30   Section      240  tasks.o(.bss)
    pxReadyTasksLists                        0x20000e30   Data         140  tasks.o(.bss)
    xDelayedTaskList1                        0x20000ebc   Data          20  tasks.o(.bss)
    xDelayedTaskList2                        0x20000ed0   Data          20  tasks.o(.bss)
    xPendingReadyList                        0x20000ee4   Data          20  tasks.o(.bss)
    xTasksWaitingTermination                 0x20000ef8   Data          20  tasks.o(.bss)
    xSuspendedTaskList                       0x20000f0c   Data          20  tasks.o(.bss)
    .bss                                     0x20000f20   Section    11000  heap_4.o(.bss)
    ucHeap                                   0x20000f20   Data       11000  heap_4.o(.bss)
    STACK                                    0x20003a18   Section     1024  startup_stm32f103xb.o(STACK)

    Global Symbols

    Symbol Name                              Value     Ov Type        Size  Object(Section)

    BuildAttributes$$THM_ISAv4$P$D$K$B$S$PE$A:L22UL41UL21$X:L11$S22US41US21$IEEE1$IW$USESV6$~STKCKD$USESV7$~SHL$OTIME$ROPI$IEEEX$EBA8$MICROLIB$REQ8$PRES8$EABIv2 0x00000000   Number         0  anon$$obj.o ABSOLUTE
    __ARM_use_no_argv                        0x00000000   Number         0  main.o ABSOLUTE
    __cpp_initialize__aeabi_                  - Undefined Weak Reference
    __cxa_finalize                            - Undefined Weak Reference
    _clock_init                               - Undefined Weak Reference
    _microlib_exit                            - Undefined Weak Reference
    __Vectors_Size                           0x000000ec   Number         0  startup_stm32f103xb.o ABSOLUTE
    __Vectors                                0x08000000   Data           4  startup_stm32f103xb.o(RESET)
    __Vectors_End                            0x080000ec   Data           0  startup_stm32f103xb.o(RESET)
    __main                                   0x080000ed   Thumb Code     0  entry.o(.ARM.Collect$$$$00000000)
    _main_stk                                0x080000ed   Thumb Code     0  entry2.o(.ARM.Collect$$$$00000001)
    _main_scatterload                        0x080000f1   Thumb Code     0  entry5.o(.ARM.Collect$$$$00000004)
    __main_after_scatterload                 0x080000f5   Thumb Code     0  entry5.o(.ARM.Collect$$$$00000004)
    _main_clock                              0x080000f5   Thumb Code     0  entry7b.o(.ARM.Collect$$$$00000008)
    _main_cpp_init                           0x080000f5   Thumb Code     0  entry8b.o(.ARM.Collect$$$$0000000A)
    _main_init                               0x080000f5   Thumb Code     0  entry9a.o(.ARM.Collect$$$$0000000B)
    __rt_final_cpp                           0x080000fd   Thumb Code     0  entry10a.o(.ARM.Collect$$$$0000000D)
    __rt_final_exit                          0x080000fd   Thumb Code     0  entry11a.o(.ARM.Collect$$$$0000000F)
    SVC_Handler                              0x08000101   Thumb Code    32  port.o(.emb_text)
    __asm___6_port_c_39a90d8d__prvStartFirstTask 0x08000125   Thumb Code    28  port.o(.emb_text)
    PendSV_Handler                           0x08000145   Thumb Code    72  port.o(.emb_text)
    vPortGetIPSR                             0x08000191   Thumb Code     6  port.o(.emb_text)
    Reset_Handler                            0x08000199   Thumb Code     8  startup_stm32f103xb.o(.text)
    ADC1_2_IRQHandler                        0x080001b3   Thumb Code     0  startup_stm32f103xb.o(.text)
    CAN1_RX1_IRQHandler                      0x080001b3   Thumb Code     0  startup_stm32f103xb.o(.text)
    CAN1_SCE_IRQHandler                      0x080001b3   Thumb Code     0  startup_stm32f103xb.o(.text)
    DMA1_Channel1_IRQHandler                 0x080001b3   Thumb Code     0  startup_stm32f103xb.o(.text)
    DMA1_Channel2_IRQHandler                 0x080001b3   Thumb Code     0  startup_stm32f103xb.o(.text)
    DMA1_Channel3_IRQHandler                 0x080001b3   Thumb Code     0  startup_stm32f103xb.o(.text)
    DMA1_Channel4_IRQHandler                 0x080001b3   Thumb Code     0  startup_stm32f103xb.o(.text)
    DMA1_Channel5_IRQHandler                 0x080001b3   Thumb Code     0  startup_stm32f103xb.o(.text)
    DMA1_Channel6_IRQHandler                 0x080001b3   Thumb Code     0  startup_stm32f103xb.o(.text)
    DMA1_Channel7_IRQHandler                 0x080001b3   Thumb Code     0  startup_stm32f103xb.o(.text)
    EXTI0_IRQHandler                         0x080001b3   Thumb Code     0  startup_stm32f103xb.o(.text)
    EXTI1_IRQHandler                         0x080001b3   Thumb Code     0  startup_stm32f103xb.o(.text)
    EXTI2_IRQHandler                         0x080001b3   Thumb Code     0  startup_stm32f103xb.o(.text)
    EXTI3_IRQHandler                         0x080001b3   Thumb Code     0  startup_stm32f103xb.o(.text)
    EXTI4_IRQHandler                         0x080001b3   Thumb Code     0  startup_stm32f103xb.o(.text)
    EXTI9_5_IRQHandler                       0x080001b3   Thumb Code     0  startup_stm32f103xb.o(.text)
    FLASH_IRQHandler                         0x080001b3   Thumb Code     0  startup_stm32f103xb.o(.text)
    I2C1_ER_IRQHandler                       0x080001b3   Thumb Code     0  startup_stm32f103xb.o(.text)
    I2C1_EV_IRQHandler                       0x080001b3   Thumb Code     0  startup_stm32f103xb.o(.text)
    I2C2_ER_IRQHandler                       0x080001b3   Thumb Code     0  startup_stm32f103xb.o(.text)
    I2C2_EV_IRQHandler                       0x080001b3   Thumb Code     0  startup_stm32f103xb.o(.text)
    PVD_IRQHandler                           0x080001b3   Thumb Code     0  startup_stm32f103xb.o(.text)
    RCC_IRQHandler                           0x080001b3   Thumb Code     0  startup_stm32f103xb.o(.text)
    RTC_Alarm_IRQHandler                     0x080001b3   Thumb Code     0  startup_stm32f103xb.o(.text)
    RTC_IRQHandler                           0x080001b3   Thumb Code     0  startup_stm32f103xb.o(.text)
    SPI1_IRQHandler                          0x080001b3   Thumb Code     0  startup_stm32f103xb.o(.text)
    SPI2_IRQHandler                          0x080001b3   Thumb Code     0  startup_stm32f103xb.o(.text)
    TAMPER_IRQHandler                        0x080001b3   Thumb Code     0  startup_stm32f103xb.o(.text)
    TIM1_BRK_IRQHandler                      0x080001b3   Thumb Code     0  startup_stm32f103xb.o(.text)
    TIM1_CC_IRQHandler                       0x080001b3   Thumb Code     0  startup_stm32f103xb.o(.text)
    TIM1_TRG_COM_IRQHandler                  0x080001b3   Thumb Code     0  startup_stm32f103xb.o(.text)
    TIM1_UP_IRQHandler                       0x080001b3   Thumb Code     0  startup_stm32f103xb.o(.text)
    TIM2_IRQHandler                          0x080001b3   Thumb Code     0  startup_stm32f103xb.o(.text)
    TIM3_IRQHandler                          0x080001b3   Thumb Code     0  startup_stm32f103xb.o(.text)
    USART2_IRQHandler                        0x080001b3   Thumb Code     0  startup_stm32f103xb.o(.text)
    USBWakeUp_IRQHandler                     0x080001b3   Thumb Code     0  startup_stm32f103xb.o(.text)
    USB_HP_CAN1_TX_IRQHandler                0x080001b3   Thumb Code     0  startup_stm32f103xb.o(.text)
    USB_LP_CAN1_RX0_IRQHandler               0x080001b3   Thumb Code     0  startup_stm32f103xb.o(.text)
    WWDG_IRQHandler                          0x080001b3   Thumb Code     0  startup_stm32f103xb.o(.text)
    __aeabi_llsr                             0x080001bd   Thumb Code    32  llushr.o(.text)
    _ll_ushift_r                             0x080001bd   Thumb Code     0  llushr.o(.text)
    __aeabi_memcpy                           0x080001dd   Thumb Code    36  memcpya.o(.text)
    __aeabi_memcpy4                          0x080001dd   Thumb Code     0  memcpya.o(.text)
    __aeabi_memcpy8                          0x080001dd   Thumb Code     0  memcpya.o(.text)
    __aeabi_memset                           0x08000201   Thumb Code    14  memseta.o(.text)
    __aeabi_memset4                          0x08000201   Thumb Code     0  memseta.o(.text)
    __aeabi_memset8                          0x08000201   Thumb Code     0  memseta.o(.text)
    __aeabi_memclr                           0x0800020f   Thumb Code     4  memseta.o(.text)
    __aeabi_memclr4                          0x0800020f   Thumb Code     0  memseta.o(.text)
    __aeabi_memclr8                          0x0800020f   Thumb Code     0  memseta.o(.text)
    memset                                   0x08000213   Thumb Code    18  memseta.o(.text)
    strlen                                   0x08000225   Thumb Code    14  strlen.o(.text)
    strcmp                                   0x08000233   Thumb Code    28  strcmp.o(.text)
    __aeabi_dadd                             0x0800024f   Thumb Code   322  dadd.o(.text)
    __aeabi_dsub                             0x08000391   Thumb Code     6  dadd.o(.text)
    __aeabi_drsub                            0x08000397   Thumb Code     6  dadd.o(.text)
    __aeabi_dmul                             0x0800039d   Thumb Code   228  dmul.o(.text)
    __aeabi_ddiv                             0x08000481   Thumb Code   222  ddiv.o(.text)
    __aeabi_cdrcmple                         0x08000561   Thumb Code    48  cdrcmple.o(.text)
    __aeabi_uidiv                            0x08000591   Thumb Code     0  uidiv.o(.text)
    __aeabi_uidivmod                         0x08000591   Thumb Code    44  uidiv.o(.text)
    __aeabi_uldivmod                         0x080005bd   Thumb Code    98  uldiv.o(.text)
    __aeabi_llsl                             0x0800061f   Thumb Code    30  llshl.o(.text)
    _ll_shift_l                              0x0800061f   Thumb Code     0  llshl.o(.text)
    __aeabi_lasr                             0x0800063d   Thumb Code    36  llsshr.o(.text)
    _ll_sshift_r                             0x0800063d   Thumb Code     0  llsshr.o(.text)
    __I$use$fp                               0x08000661   Thumb Code     0  iusefp.o(.text)
    _double_round                            0x08000661   Thumb Code    30  depilogue.o(.text)
    _double_epilogue                         0x0800067f   Thumb Code   156  depilogue.o(.text)
    __aeabi_d2ulz                            0x0800071b   Thumb Code    48  dfixul.o(.text)
    __scatterload                            0x0800074d   Thumb Code    28  init.o(.text)
    __scatterload_rt2                        0x0800074d   Thumb Code     0  init.o(.text)
    __decompress                             0x08000771   Thumb Code     0  __dczerorl2.o(.text)
    __decompress1                            0x08000771   Thumb Code    86  __dczerorl2.o(.text)
    ADC_ConversionStop_Disable               0x080007c9   Thumb Code    86  stm32f1xx_hal_adc.o(i.ADC_ConversionStop_Disable)
    ADC_Enable                               0x08000821   Thumb Code   114  stm32f1xx_hal_adc.o(i.ADC_Enable)
    ADraw_Pic                                0x0800089d   Thumb Code   686  freertos.o(i.ADraw_Pic)
    AKey                                     0x08000b71   Thumb Code   490  freertos.o(i.AKey)
    AOLED_Clear                              0x08000d69   Thumb Code    34  aoled.o(i.AOLED_Clear)
    AOLED_ClearArea                          0x08000d91   Thumb Code    86  aoled.o(i.AOLED_ClearArea)
    AOLED_GPIO_Init                          0x08000ded   Thumb Code    42  aoled.o(i.AOLED_GPIO_Init)
    AOLED_I2C_SendByte                       0x08000e17   Thumb Code    58  aoled.o(i.AOLED_I2C_SendByte)
    AOLED_I2C_Start                          0x08000e51   Thumb Code    30  aoled.o(i.AOLED_I2C_Start)
    AOLED_I2C_Stop                           0x08000e6f   Thumb Code    24  aoled.o(i.AOLED_I2C_Stop)
    AOLED_Init                               0x08000e87   Thumb Code   156  aoled.o(i.AOLED_Init)
    AOLED_Printf                             0x08000f23   Thumb Code    42  aoled.o(i.AOLED_Printf)
    AOLED_SetCursor                          0x08000f4d   Thumb Code    34  aoled.o(i.AOLED_SetCursor)
    AOLED_ShowChar                           0x08000f71   Thumb Code    52  aoled.o(i.AOLED_ShowChar)
    AOLED_ShowImage                          0x08000fad   Thumb Code   182  aoled.o(i.AOLED_ShowImage)
    AOLED_ShowString                         0x08001069   Thumb Code   356  aoled.o(i.AOLED_ShowString)
    AOLED_Update                             0x080011d5   Thumb Code    34  aoled.o(i.AOLED_Update)
    AOLED_W_SCL                              0x080011fd   Thumb Code    18  aoled.o(i.AOLED_W_SCL)
    AOLED_W_SDA                              0x08001215   Thumb Code    18  aoled.o(i.AOLED_W_SDA)
    AOLED_WriteCommand                       0x0800122d   Thumb Code    34  aoled.o(i.AOLED_WriteCommand)
    AOLED_WriteData                          0x0800124f   Thumb Code    48  aoled.o(i.AOLED_WriteData)
    BusFault_Handler                         0x0800127f   Thumb Code     2  stm32f1xx_it.o(i.BusFault_Handler)
    Buzzer_SetFrequency                      0x08001281   Thumb Code    52  tim.o(i.Buzzer_SetFrequency)
    DebugMon_Handler                         0x080012bd   Thumb Code     2  stm32f1xx_it.o(i.DebugMon_Handler)
    DrawPic                                  0x080012c1   Thumb Code   760  freertos.o(i.DrawPic)
    EXTI15_10_IRQHandler                     0x080015d9   Thumb Code     8  stm32f1xx_it.o(i.EXTI15_10_IRQHandler)
    Encoder_Get                              0x080015e1   Thumb Code    14  tim.o(i.Encoder_Get)
    Error_Handler                            0x080015f5   Thumb Code     4  main.o(i.Error_Handler)
    FLASH_PageErase                          0x0800161d   Thumb Code    28  stm32f1xx_hal_flash_ex.o(i.FLASH_PageErase)
    FLASH_WaitForLastOperation               0x080016b9   Thumb Code    80  stm32f1xx_hal_flash.o(i.FLASH_WaitForLastOperation)
    GetwakeupFlag                            0x0800170d   Thumb Code   184  freertos.o(i.GetwakeupFlag)
    HAL_ADC_ConfigChannel                    0x080017d9   Thumb Code   240  stm32f1xx_hal_adc.o(i.HAL_ADC_ConfigChannel)
    HAL_ADC_GetState                         0x080018d5   Thumb Code     4  stm32f1xx_hal_adc.o(i.HAL_ADC_GetState)
    HAL_ADC_GetValue                         0x080018d9   Thumb Code     6  stm32f1xx_hal_adc.o(i.HAL_ADC_GetValue)
    HAL_ADC_Init                             0x080018e1   Thumb Code   272  stm32f1xx_hal_adc.o(i.HAL_ADC_Init)
    HAL_ADC_MspInit                          0x080019fd   Thumb Code    76  adc.o(i.HAL_ADC_MspInit)
    HAL_ADC_PollForConversion                0x08001a55   Thumb Code   304  stm32f1xx_hal_adc.o(i.HAL_ADC_PollForConversion)
    HAL_ADC_Start                            0x08001b91   Thumb Code   184  stm32f1xx_hal_adc.o(i.HAL_ADC_Start)
    HAL_DMA_Abort                            0x08001c51   Thumb Code    70  stm32f1xx_hal_dma.o(i.HAL_DMA_Abort)
    HAL_DMA_Abort_IT                         0x08001c99   Thumb Code   148  stm32f1xx_hal_dma.o(i.HAL_DMA_Abort_IT)
    HAL_Delay                                0x08001d31   Thumb Code    32  stm32f1xx_hal.o(i.HAL_Delay)
    HAL_FLASHEx_Erase                        0x08001d55   Thumb Code   160  stm32f1xx_hal_flash_ex.o(i.HAL_FLASHEx_Erase)
    HAL_FLASH_Lock                           0x08001dfd   Thumb Code    14  stm32f1xx_hal_flash.o(i.HAL_FLASH_Lock)
    HAL_FLASH_Program                        0x08001e11   Thumb Code   120  stm32f1xx_hal_flash.o(i.HAL_FLASH_Program)
    HAL_FLASH_Unlock                         0x08001e91   Thumb Code    28  stm32f1xx_hal_flash.o(i.HAL_FLASH_Unlock)
    HAL_GPIO_EXTI_Callback                   0x08001eb9   Thumb Code    14  freertos.o(i.HAL_GPIO_EXTI_Callback)
    HAL_GPIO_EXTI_IRQHandler                 0x08001ecd   Thumb Code    18  stm32f1xx_hal_gpio.o(i.HAL_GPIO_EXTI_IRQHandler)
    HAL_GPIO_Init                            0x08001ee5   Thumb Code   446  stm32f1xx_hal_gpio.o(i.HAL_GPIO_Init)
    HAL_GPIO_ReadPin                         0x080020c5   Thumb Code    10  stm32f1xx_hal_gpio.o(i.HAL_GPIO_ReadPin)
    HAL_GPIO_WritePin                        0x080020cf   Thumb Code    10  stm32f1xx_hal_gpio.o(i.HAL_GPIO_WritePin)
    HAL_GetTick                              0x080020d9   Thumb Code     6  stm32f1xx_hal.o(i.HAL_GetTick)
    HAL_IncTick                              0x080020e5   Thumb Code    12  stm32f1xx_hal.o(i.HAL_IncTick)
    HAL_Init                                 0x080020f5   Thumb Code    32  stm32f1xx_hal.o(i.HAL_Init)
    HAL_InitTick                             0x08002119   Thumb Code   132  stm32f1xx_hal_timebase_tim.o(i.HAL_InitTick)
    HAL_MspInit                              0x080021b1   Thumb Code    62  stm32f1xx_hal_msp.o(i.HAL_MspInit)
    HAL_NVIC_EnableIRQ                       0x080021f9   Thumb Code    26  stm32f1xx_hal_cortex.o(i.HAL_NVIC_EnableIRQ)
    HAL_NVIC_SetPriority                     0x08002215   Thumb Code    60  stm32f1xx_hal_cortex.o(i.HAL_NVIC_SetPriority)
    HAL_NVIC_SetPriorityGrouping             0x08002255   Thumb Code    26  stm32f1xx_hal_cortex.o(i.HAL_NVIC_SetPriorityGrouping)
    HAL_PWR_EnterSTOPMode                    0x08002279   Thumb Code    60  stm32f1xx_hal_pwr.o(i.HAL_PWR_EnterSTOPMode)
    HAL_RCCEx_GetPeriphCLKFreq               0x080022bd   Thumb Code   148  stm32f1xx_hal_rcc_ex.o(i.HAL_RCCEx_GetPeriphCLKFreq)
    HAL_RCCEx_PeriphCLKConfig                0x08002361   Thumb Code   224  stm32f1xx_hal_rcc_ex.o(i.HAL_RCCEx_PeriphCLKConfig)
    HAL_RCC_ClockConfig                      0x0800244d   Thumb Code   280  stm32f1xx_hal_rcc.o(i.HAL_RCC_ClockConfig)
    HAL_RCC_GetClockConfig                   0x08002579   Thumb Code    54  stm32f1xx_hal_rcc.o(i.HAL_RCC_GetClockConfig)
    HAL_RCC_GetPCLK1Freq                     0x080025b9   Thumb Code    20  stm32f1xx_hal_rcc.o(i.HAL_RCC_GetPCLK1Freq)
    HAL_RCC_GetPCLK2Freq                     0x080025d9   Thumb Code    20  stm32f1xx_hal_rcc.o(i.HAL_RCC_GetPCLK2Freq)
    HAL_RCC_GetSysClockFreq                  0x080025f9   Thumb Code    58  stm32f1xx_hal_rcc.o(i.HAL_RCC_GetSysClockFreq)
    HAL_RCC_OscConfig                        0x08002645   Thumb Code   778  stm32f1xx_hal_rcc.o(i.HAL_RCC_OscConfig)
    HAL_ResumeTick                           0x08002965   Thumb Code    14  stm32f1xx_hal_timebase_tim.o(i.HAL_ResumeTick)
    HAL_SuspendTick                          0x08002979   Thumb Code    14  stm32f1xx_hal_timebase_tim.o(i.HAL_SuspendTick)
    HAL_TIMEx_BreakCallback                  0x0800298d   Thumb Code     2  stm32f1xx_hal_tim_ex.o(i.HAL_TIMEx_BreakCallback)
    HAL_TIMEx_CommutCallback                 0x0800298f   Thumb Code     2  stm32f1xx_hal_tim_ex.o(i.HAL_TIMEx_CommutCallback)
    HAL_TIMEx_ConfigBreakDeadTime            0x08002991   Thumb Code    84  stm32f1xx_hal_tim_ex.o(i.HAL_TIMEx_ConfigBreakDeadTime)
    HAL_TIMEx_MasterConfigSynchronization    0x080029e5   Thumb Code    92  stm32f1xx_hal_tim_ex.o(i.HAL_TIMEx_MasterConfigSynchronization)
    HAL_TIM_Base_Init                        0x08002a4d   Thumb Code    90  stm32f1xx_hal_tim.o(i.HAL_TIM_Base_Init)
    HAL_TIM_Base_MspInit                     0x08002aa7   Thumb Code     2  stm32f1xx_hal_tim.o(i.HAL_TIM_Base_MspInit)
    HAL_TIM_Base_Start_IT                    0x08002aa9   Thumb Code    76  stm32f1xx_hal_tim.o(i.HAL_TIM_Base_Start_IT)
    HAL_TIM_Encoder_Init                     0x08002b01   Thumb Code   164  stm32f1xx_hal_tim.o(i.HAL_TIM_Encoder_Init)
    HAL_TIM_Encoder_MspInit                  0x08002ba5   Thumb Code    72  tim.o(i.HAL_TIM_Encoder_MspInit)
    HAL_TIM_Encoder_Start                    0x08002bf9   Thumb Code   142  stm32f1xx_hal_tim.o(i.HAL_TIM_Encoder_Start)
    HAL_TIM_IC_CaptureCallback               0x08002c87   Thumb Code     2  stm32f1xx_hal_tim.o(i.HAL_TIM_IC_CaptureCallback)
    HAL_TIM_IRQHandler                       0x08002c89   Thumb Code   304  stm32f1xx_hal_tim.o(i.HAL_TIM_IRQHandler)
    HAL_TIM_MspPostInit                      0x08002db9   Thumb Code    64  tim.o(i.HAL_TIM_MspPostInit)
    HAL_TIM_OC_DelayElapsedCallback          0x08002e05   Thumb Code     2  stm32f1xx_hal_tim.o(i.HAL_TIM_OC_DelayElapsedCallback)
    HAL_TIM_PWM_ConfigChannel                0x08002e07   Thumb Code   204  stm32f1xx_hal_tim.o(i.HAL_TIM_PWM_ConfigChannel)
    HAL_TIM_PWM_Init                         0x08002ed3   Thumb Code    90  stm32f1xx_hal_tim.o(i.HAL_TIM_PWM_Init)
    HAL_TIM_PWM_MspInit                      0x08002f2d   Thumb Code    30  tim.o(i.HAL_TIM_PWM_MspInit)
    HAL_TIM_PWM_PulseFinishedCallback        0x08002f55   Thumb Code     2  stm32f1xx_hal_tim.o(i.HAL_TIM_PWM_PulseFinishedCallback)
    HAL_TIM_PWM_Start                        0x08002f59   Thumb Code   144  stm32f1xx_hal_tim.o(i.HAL_TIM_PWM_Start)
    HAL_TIM_PeriodElapsedCallback            0x08002ff5   Thumb Code    14  main.o(i.HAL_TIM_PeriodElapsedCallback)
    HAL_TIM_TriggerCallback                  0x08003009   Thumb Code     2  stm32f1xx_hal_tim.o(i.HAL_TIM_TriggerCallback)
    HAL_UARTEx_RxEventCallback               0x0800300b   Thumb Code     2  stm32f1xx_hal_uart.o(i.HAL_UARTEx_RxEventCallback)
    HAL_UART_ErrorCallback                   0x0800300d   Thumb Code     2  stm32f1xx_hal_uart.o(i.HAL_UART_ErrorCallback)
    HAL_UART_IRQHandler                      0x08003011   Thumb Code   616  stm32f1xx_hal_uart.o(i.HAL_UART_IRQHandler)
    HAL_UART_Init                            0x0800327d   Thumb Code   100  stm32f1xx_hal_uart.o(i.HAL_UART_Init)
    HAL_UART_MspInit                         0x080032e1   Thumb Code   270  usart.o(i.HAL_UART_MspInit)
    HAL_UART_Receive_IT                      0x08003409   Thumb Code    28  stm32f1xx_hal_uart.o(i.HAL_UART_Receive_IT)
    HAL_UART_RxCpltCallback                  0x08003425   Thumb Code   214  usart.o(i.HAL_UART_RxCpltCallback)
    HAL_UART_Transmit                        0x0800351d   Thumb Code   160  stm32f1xx_hal_uart.o(i.HAL_UART_Transmit)
    HAL_UART_TxCpltCallback                  0x080035bd   Thumb Code     2  stm32f1xx_hal_uart.o(i.HAL_UART_TxCpltCallback)
    HardFault_Handler                        0x080035bf   Thumb Code     2  stm32f1xx_it.o(i.HardFault_Handler)
    JudgePlace                               0x080035c1   Thumb Code   152  freertos.o(i.JudgePlace)
    JudgeThorns                              0x0800365d   Thumb Code   176  freertos.o(i.JudgeThorns)
    Judgethrough                             0x08003711   Thumb Code    66  freertos.o(i.Judgethrough)
    Judgewhowin                              0x08003755   Thumb Code   762  freertos.o(i.Judgewhowin)
    Key                                      0x08003afd   Thumb Code   754  freertos.o(i.Key)
    LightSensor_GetValue                     0x08003e05   Thumb Code    40  adc.o(i.LightSensor_GetValue)
    LoadWinRecord                            0x08003e31   Thumb Code     8  freertos.o(i.LoadWinRecord)
    MX_ADC1_Init                             0x08003e3d   Thumb Code    68  adc.o(i.MX_ADC1_Init)
    MX_FREERTOS_Init                         0x08003e89   Thumb Code   212  freertos.o(i.MX_FREERTOS_Init)
    MX_GPIO_Init                             0x08003f65   Thumb Code   206  gpio.o(i.MX_GPIO_Init)
    MX_TIM1_Init                             0x08004045   Thumb Code   152  tim.o(i.MX_TIM1_Init)
    MX_TIM3_Init                             0x080040e5   Thumb Code    98  tim.o(i.MX_TIM3_Init)
    MX_USART1_UART_Init                      0x08004151   Thumb Code    48  usart.o(i.MX_USART1_UART_Init)
    MX_USART2_UART_Init                      0x08004189   Thumb Code    48  usart.o(i.MX_USART2_UART_Init)
    MX_USART3_UART_Init                      0x080041c1   Thumb Code    48  usart.o(i.MX_USART3_UART_Init)
    MemManage_Handler                        0x080041f9   Thumb Code     2  stm32f1xx_it.o(i.MemManage_Handler)
    NMI_Handler                              0x080041fb   Thumb Code     2  stm32f1xx_it.o(i.NMI_Handler)
    OLED_Clear                               0x080041fd   Thumb Code    34  oled.o(i.OLED_Clear)
    OLED_ClearArea                           0x08004225   Thumb Code    86  oled.o(i.OLED_ClearArea)
    OLED_GPIO_Init                           0x08004281   Thumb Code    42  oled.o(i.OLED_GPIO_Init)
    OLED_I2C_SendByte                        0x080042ab   Thumb Code    58  oled.o(i.OLED_I2C_SendByte)
    OLED_I2C_Start                           0x080042e5   Thumb Code    30  oled.o(i.OLED_I2C_Start)
    OLED_I2C_Stop                            0x08004303   Thumb Code    24  oled.o(i.OLED_I2C_Stop)
    OLED_Init                                0x0800431b   Thumb Code   156  oled.o(i.OLED_Init)
    OLED_Printf                              0x080043b7   Thumb Code    42  oled.o(i.OLED_Printf)
    OLED_SetCursor                           0x080043e1   Thumb Code    34  oled.o(i.OLED_SetCursor)
    OLED_ShowChar                            0x08004405   Thumb Code    52  oled.o(i.OLED_ShowChar)
    OLED_ShowImage                           0x08004441   Thumb Code   182  oled.o(i.OLED_ShowImage)
    OLED_ShowString                          0x080044fd   Thumb Code   356  oled.o(i.OLED_ShowString)
    OLED_Update                              0x08004669   Thumb Code    34  oled.o(i.OLED_Update)
    OLED_W_SCL                               0x08004691   Thumb Code    16  oled.o(i.OLED_W_SCL)
    OLED_W_SDA                               0x080046a5   Thumb Code    16  oled.o(i.OLED_W_SDA)
    OLED_WriteCommand                        0x080046b9   Thumb Code    34  oled.o(i.OLED_WriteCommand)
    OLED_WriteData                           0x080046db   Thumb Code    48  oled.o(i.OLED_WriteData)
    Playmusic                                0x08004711   Thumb Code   118  freertos.o(i.Playmusic)
    SaveWinRecord                            0x08004791   Thumb Code    64  freertos.o(i.SaveWinRecord)
    SysTick_Handler                          0x080047d5   Thumb Code    38  port.o(i.SysTick_Handler)
    SystemClock_Config                       0x08004801   Thumb Code   120  main.o(i.SystemClock_Config)
    SystemInit                               0x08004879   Thumb Code     2  system_stm32f1xx.o(i.SystemInit)
    TIM4_IRQHandler                          0x0800487d   Thumb Code     6  stm32f1xx_it.o(i.TIM4_IRQHandler)
    TIM_Base_SetConfig                       0x08004889   Thumb Code   108  stm32f1xx_hal_tim.o(i.TIM_Base_SetConfig)
    TIM_CCxChannelCmd                        0x08004901   Thumb Code    26  stm32f1xx_hal_tim.o(i.TIM_CCxChannelCmd)
    TIM_OC2_SetConfig                        0x0800496d   Thumb Code    84  stm32f1xx_hal_tim.o(i.TIM_OC2_SetConfig)
    UART_Start_Receive_IT                    0x08004c39   Thumb Code    54  stm32f1xx_hal_uart.o(i.UART_Start_Receive_IT)
    USART1_IRQHandler                        0x08004ce1   Thumb Code     6  stm32f1xx_it.o(i.USART1_IRQHandler)
    USART3_IRQHandler                        0x08004ced   Thumb Code     6  stm32f1xx_it.o(i.USART3_IRQHandler)
    UsageFault_Handler                       0x08004cf9   Thumb Code     2  stm32f1xx_it.o(i.UsageFault_Handler)
    Wifi_SendData                            0x08004cfd   Thumb Code    84  wifi.o(i.Wifi_SendData)
    __0vsprintf                              0x08004d91   Thumb Code    30  printfa.o(i.__0vsprintf)
    __1vsprintf                              0x08004d91   Thumb Code     0  printfa.o(i.__0vsprintf)
    __2vsprintf                              0x08004d91   Thumb Code     0  printfa.o(i.__0vsprintf)
    __c89vsprintf                            0x08004d91   Thumb Code     0  printfa.o(i.__0vsprintf)
    vsprintf                                 0x08004d91   Thumb Code     0  printfa.o(i.__0vsprintf)
    __scatterload_copy                       0x08004dd5   Thumb Code    14  handlers.o(i.__scatterload_copy)
    __scatterload_null                       0x08004de3   Thumb Code     2  handlers.o(i.__scatterload_null)
    __scatterload_zeroinit                   0x08004de5   Thumb Code    14  handlers.o(i.__scatterload_zeroinit)
    main                                     0x080056b1   Thumb Code   650  main.o(i.main)
    osDelay                                  0x080059d9   Thumb Code    14  cmsis_os.o(i.osDelay)
    osKernelStart                            0x080059e7   Thumb Code    10  cmsis_os.o(i.osKernelStart)
    osThreadCreate                           0x080059f1   Thumb Code    84  cmsis_os.o(i.osThreadCreate)
    pvPortMalloc                             0x08005ef1   Thumb Code   216  heap_4.o(i.pvPortMalloc)
    pvTaskIncrementMutexHeldCount            0x08005fcd   Thumb Code    18  tasks.o(i.pvTaskIncrementMutexHeldCount)
    pxPortInitialiseStack                    0x08005fe5   Thumb Code    32  port.o(i.pxPortInitialiseStack)
    uart_print                               0x08006009   Thumb Code    60  usart.o(i.uart_print)
    uxListRemove                             0x08006045   Thumb Code    38  list.o(i.uxListRemove)
    vApplicationGetIdleTaskMemory            0x0800606d   Thumb Code    16  freertos.o(i.vApplicationGetIdleTaskMemory)
    vApplicationIdleHook                     0x08006081   Thumb Code    60  freertos.o(i.vApplicationIdleHook)
    vApplicationStackOverflowHook            0x080060c9   Thumb Code    12  freertos.o(i.vApplicationStackOverflowHook)
    vListInitialise                          0x080060d9   Thumb Code    22  list.o(i.vListInitialise)
    vListInitialiseItem                      0x080060ef   Thumb Code     6  list.o(i.vListInitialiseItem)
    vListInsert                              0x080060f5   Thumb Code    48  list.o(i.vListInsert)
    vListInsertEnd                           0x08006125   Thumb Code    24  list.o(i.vListInsertEnd)
    vPortEnterCritical                       0x0800613d   Thumb Code    54  port.o(i.vPortEnterCritical)
    vPortExitCritical                        0x0800617d   Thumb Code    34  port.o(i.vPortExitCritical)
    vPortFree                                0x080061a5   Thumb Code    94  heap_4.o(i.vPortFree)
    vPortSetupTimerInterrupt                 0x08006209   Thumb Code    32  port.o(i.vPortSetupTimerInterrupt)
    vPortValidateInterruptPriority           0x0800622d   Thumb Code    74  port.o(i.vPortValidateInterruptPriority)
    vTaskDelay                               0x08006281   Thumb Code    66  tasks.o(i.vTaskDelay)
    vTaskInternalSetTimeOutState             0x080062cd   Thumb Code    12  tasks.o(i.vTaskInternalSetTimeOutState)
    vTaskMissedYield                         0x080062dd   Thumb Code     8  tasks.o(i.vTaskMissedYield)
    vTaskPlaceOnEventList                    0x080062e9   Thumb Code    44  tasks.o(i.vTaskPlaceOnEventList)
    vTaskPriorityDisinheritAfterTimeout      0x08006319   Thumb Code   152  tasks.o(i.vTaskPriorityDisinheritAfterTimeout)
    vTaskStartScheduler                      0x080063b9   Thumb Code    90  tasks.o(i.vTaskStartScheduler)
    vTaskSuspendAll                          0x08006425   Thumb Code    10  tasks.o(i.vTaskSuspendAll)
    vTaskSwitchContext                       0x08006435   Thumb Code   126  tasks.o(i.vTaskSwitchContext)
    xPortStartScheduler                      0x080064bd   Thumb Code   154  port.o(i.xPortStartScheduler)
    xQueueCreateMutex                        0x08006565   Thumb Code    22  queue.o(i.xQueueCreateMutex)
    xQueueGenericCreate                      0x0800657b   Thumb Code    66  queue.o(i.xQueueGenericCreate)
    xQueueGenericReset                       0x080065bd   Thumb Code   132  queue.o(i.xQueueGenericReset)
    xQueueGenericSend                        0x08006645   Thumb Code   346  queue.o(i.xQueueGenericSend)
    xQueueGenericSendFromISR                 0x080067a5   Thumb Code   190  queue.o(i.xQueueGenericSendFromISR)
    xQueueReceive                            0x08006865   Thumb Code   308  queue.o(i.xQueueReceive)
    xQueueSemaphoreTake                      0x0800699d   Thumb Code   372  queue.o(i.xQueueSemaphoreTake)
    xTaskCheckForTimeOut                     0x08006b15   Thumb Code   112  tasks.o(i.xTaskCheckForTimeOut)
    xTaskCreate                              0x08006b89   Thumb Code    90  tasks.o(i.xTaskCreate)
    xTaskCreateStatic                        0x08006be3   Thumb Code    86  tasks.o(i.xTaskCreateStatic)
    xTaskGetSchedulerState                   0x08006c39   Thumb Code    22  tasks.o(i.xTaskGetSchedulerState)
    xTaskIncrementTick                       0x08006c55   Thumb Code   194  tasks.o(i.xTaskIncrementTick)
    xTaskPriorityDisinherit                  0x08006d21   Thumb Code   144  tasks.o(i.xTaskPriorityDisinherit)
    xTaskPriorityInherit                     0x08006db9   Thumb Code   130  tasks.o(i.xTaskPriorityInherit)
    xTaskRemoveFromEventList                 0x08006e45   Thumb Code   108  tasks.o(i.xTaskRemoveFromEventList)
    xTaskResumeAll                           0x08006eb9   Thumb Code   182  tasks.o(i.xTaskResumeAll)
    OLED_F8x16                               0x08006f7c   Data        1520  oled_data.o(.constdata)
    OLED_F6x8                                0x0800756c   Data         570  oled_data.o(.constdata)
    OLED_CF16x16                             0x080077a6   Data         259  oled_data.o(.constdata)
    people1                                  0x080078a9   Data          32  oled_data.o(.constdata)
    people2                                  0x080078c9   Data          32  oled_data.o(.constdata)
    thorn                                    0x080078e9   Data           4  oled_data.o(.constdata)
    platform                                 0x080078ed   Data          32  oled_data.o(.constdata)
    Door                                     0x0800790d   Data           8  oled_data.o(.constdata)
    AHBPrescTable                            0x08007a00   Data          16  system_stm32f1xx.o(.constdata)
    APBPrescTable                            0x08007a10   Data           8  system_stm32f1xx.o(.constdata)
    Region$$Table$$Base                      0x08007c74   Number         0  anon$$obj.o(Region$$Table)
    Region$$Table$$Limit                     0x08007c94   Number         0  anon$$obj.o(Region$$Table)
    Nowwakeup_Time                           0x20000000   Data           4  main.o(.data)
    Lastwakeup_Time                          0x20000004   Data           4  main.o(.data)
    ChoseDoneFlag                            0x20000008   Data           1  main.o(.data)
    AChoseDoneFlag                           0x20000009   Data           1  main.o(.data)
    OnePMode                                 0x2000000a   Data           1  main.o(.data)
    P1XMax                                   0x2000000b   Data           1  main.o(.data)
    ChoseModeFlag                            0x2000000c   Data           1  main.o(.data)
    LowPowerFlag                             0x20000010   Data           1  freertos.o(.data)
    OnePState                                0x20000011   Data           1  freertos.o(.data)
    temp                                     0x20000012   Data           1  freertos.o(.data)
    Atemp                                    0x20000013   Data           1  freertos.o(.data)
    gameover                                 0x20000014   Data           1  freertos.o(.data)
    Agameover                                0x20000015   Data           1  freertos.o(.data)
    OPgameover                               0x20000016   Data           1  freertos.o(.data)
    State                                    0x20000017   Data           1  freertos.o(.data)
    Whowin                                   0x2000001a   Data           1  freertos.o(.data)
    wakeup_flag                              0x2000001b   Data           1  freertos.o(.data)
    PWM                                      0x2000001c   Data           2  freertos.o(.data)
    LightControl                             0x2000001e   Data           2  freertos.o(.data)
    people1X                                 0x20000020   Data           2  freertos.o(.data)
    people1Y                                 0x20000022   Data           2  freertos.o(.data)
    people2X                                 0x20000024   Data           2  freertos.o(.data)
    people2Y                                 0x20000026   Data           2  freertos.o(.data)
    thorns1                                  0x20000028   Data           4  freertos.o(.data)
    thorns4                                  0x2000002c   Data           4  freertos.o(.data)
    AKeyQueue                                0x20000030   Data           4  freertos.o(.data)
    KeyQueue                                 0x20000034   Data           4  freertos.o(.data)
    P1Mutex                                  0x20000038   Data           4  freertos.o(.data)
    P2Mutex                                  0x2000003c   Data           4  freertos.o(.data)
    HP                                       0x20000040   Data           4  freertos.o(.data)
    AHP                                      0x20000044   Data           4  freertos.o(.data)
    lasttick                                 0x20000048   Data           4  freertos.o(.data)
    nowtick                                  0x2000004c   Data           4  freertos.o(.data)
    Alasttick                                0x20000050   Data           4  freertos.o(.data)
    Anowtick                                 0x20000054   Data           4  freertos.o(.data)
    moveplatform                             0x20000058   Data           4  freertos.o(.data)
    Amoveplatform                            0x2000005c   Data           4  freertos.o(.data)
    OPM_moveplatform                         0x20000060   Data           4  freertos.o(.data)
    winround                                 0x20000064   Data           4  freertos.o(.data)
    Awinround                                0x20000068   Data           4  freertos.o(.data)
    record                                   0x2000006c   Data           4  freertos.o(.data)
    Buffer                                   0x20000070   Data           4  freertos.o(.data)
    ABuffer                                  0x20000074   Data           4  freertos.o(.data)
    OLED_DrawHandle                          0x20000078   Data           4  freertos.o(.data)
    KeyTaskHandle                            0x2000007c   Data           4  freertos.o(.data)
    AOLED_DrawHandle                         0x20000080   Data           4  freertos.o(.data)
    AKeyTaskHandle                           0x20000084   Data           4  freertos.o(.data)
    JudgeWinHandle                           0x20000088   Data           4  freertos.o(.data)
    BuzzerPlayHandle                         0x2000008c   Data           4  freertos.o(.data)
    WakeUpHandle                             0x20000090   Data           4  freertos.o(.data)
    thorns5                                  0x20000094   Data           8  freertos.o(.data)
    platforms1                               0x2000009c   Data          24  freertos.o(.data)
    platforms2                               0x200000b4   Data          20  freertos.o(.data)
    platforms3                               0x200000c8   Data          24  freertos.o(.data)
    platforms4                               0x200000e0   Data          20  freertos.o(.data)
    platforms5                               0x200000f4   Data          16  freertos.o(.data)
    platforms6                               0x20000104   Data          32  freertos.o(.data)
    uwTickFreq                               0x20000124   Data           1  stm32f1xx_hal.o(.data)
    uwTickPrio                               0x20000128   Data           4  stm32f1xx_hal.o(.data)
    uwTick                                   0x2000012c   Data           4  stm32f1xx_hal.o(.data)
    SystemCoreClock                          0x20000130   Data           4  system_stm32f1xx.o(.data)
    pxCurrentTCB                             0x20000134   Data           4  tasks.o(.data)
    OLED_DisplayBuf                          0x2000019c   Data        1024  oled.o(.bss)
    AOLED_DisplayBuf                         0x2000059c   Data        1024  aoled.o(.bss)
    Player1                                  0x2000099c   Data          32  main.o(.bss)
    Player2                                  0x200009bc   Data          32  main.o(.bss)
    hadc1                                    0x20000c30   Data          48  adc.o(.bss)
    htim1                                    0x20000c60   Data          72  tim.o(.bss)
    htim3                                    0x20000ca8   Data          72  tim.o(.bss)
    huart1                                   0x20000cf0   Data          72  usart.o(.bss)
    huart2                                   0x20000d38   Data          72  usart.o(.bss)
    huart3                                   0x20000d80   Data          72  usart.o(.bss)
    htim4                                    0x20000dc8   Data          72  stm32f1xx_hal_timebase_tim.o(.bss)
    pFlash                                   0x20000e10   Data          32  stm32f1xx_hal_flash.o(.bss)
    __initial_sp                             0x20003e18   Data           0  startup_stm32f103xb.o(STACK)



==============================================================================

Memory Map of the image

  Image Entry point : 0x080000ed

  Load Region LR_IROM1 (Base: 0x08000000, Size: 0x00007e30, Max: 0x00010000, ABSOLUTE, COMPRESSED[0x00007d1c])

    Execution Region ER_IROM1 (Exec base: 0x08000000, Load base: 0x08000000, Size: 0x00007c94, Max: 0x00010000, ABSOLUTE)

    Exec Addr    Load Addr    Size         Type   Attr      Idx    E Section Name        Object

    0x08000000   0x08000000   0x000000ec   Data   RO            3    RESET               startup_stm32f103xb.o
    0x080000ec   0x080000ec   0x00000000   Code   RO         5230  * .ARM.Collect$$$$00000000  mc_w.l(entry.o)
    0x080000ec   0x080000ec   0x00000004   Code   RO         5324    .ARM.Collect$$$$00000001  mc_w.l(entry2.o)
    0x080000f0   0x080000f0   0x00000004   Code   RO         5327    .ARM.Collect$$$$00000004  mc_w.l(entry5.o)
    0x080000f4   0x080000f4   0x00000000   Code   RO         5329    .ARM.Collect$$$$00000008  mc_w.l(entry7b.o)
    0x080000f4   0x080000f4   0x00000000   Code   RO         5331    .ARM.Collect$$$$0000000A  mc_w.l(entry8b.o)
    0x080000f4   0x080000f4   0x00000008   Code   RO         5332    .ARM.Collect$$$$0000000B  mc_w.l(entry9a.o)
    0x080000fc   0x080000fc   0x00000000   Code   RO         5334    .ARM.Collect$$$$0000000D  mc_w.l(entry10a.o)
    0x080000fc   0x080000fc   0x00000000   Code   RO         5336    .ARM.Collect$$$$0000000F  mc_w.l(entry11a.o)
    0x080000fc   0x080000fc   0x00000004   Code   RO         5325    .ARM.Collect$$$$00002712  mc_w.l(entry2.o)
    0x08000100   0x08000100   0x00000096   Code   RO         5143    .emb_text           port.o
    0x08000196   0x08000196   0x00000002   PAD
    0x08000198   0x08000198   0x00000024   Code   RO            4    .text               startup_stm32f103xb.o
    0x080001bc   0x080001bc   0x00000020   Code   RO         5233    .text               mc_w.l(llushr.o)
    0x080001dc   0x080001dc   0x00000024   Code   RO         5235    .text               mc_w.l(memcpya.o)
    0x08000200   0x08000200   0x00000024   Code   RO         5239    .text               mc_w.l(memseta.o)
    0x08000224   0x08000224   0x0000000e   Code   RO         5241    .text               mc_w.l(strlen.o)
    0x08000232   0x08000232   0x0000001c   Code   RO         5243    .text               mc_w.l(strcmp.o)
    0x0800024e   0x0800024e   0x0000014e   Code   RO         5277    .text               mf_w.l(dadd.o)
    0x0800039c   0x0800039c   0x000000e4   Code   RO         5279    .text               mf_w.l(dmul.o)
    0x08000480   0x08000480   0x000000de   Code   RO         5281    .text               mf_w.l(ddiv.o)
    0x0800055e   0x0800055e   0x00000002   PAD
    0x08000560   0x08000560   0x00000030   Code   RO         5295    .text               mf_w.l(cdrcmple.o)
    0x08000590   0x08000590   0x0000002c   Code   RO         5341    .text               mc_w.l(uidiv.o)
    0x080005bc   0x080005bc   0x00000062   Code   RO         5343    .text               mc_w.l(uldiv.o)
    0x0800061e   0x0800061e   0x0000001e   Code   RO         5345    .text               mc_w.l(llshl.o)
    0x0800063c   0x0800063c   0x00000024   Code   RO         5347    .text               mc_w.l(llsshr.o)
    0x08000660   0x08000660   0x00000000   Code   RO         5356    .text               mc_w.l(iusefp.o)
    0x08000660   0x08000660   0x000000ba   Code   RO         5359    .text               mf_w.l(depilogue.o)
    0x0800071a   0x0800071a   0x00000030   Code   RO         5363    .text               mf_w.l(dfixul.o)
    0x0800074a   0x0800074a   0x00000002   PAD
    0x0800074c   0x0800074c   0x00000024   Code   RO         5369    .text               mc_w.l(init.o)
    0x08000770   0x08000770   0x00000056   Code   RO         5383    .text               mc_w.l(__dczerorl2.o)
    0x080007c6   0x080007c6   0x00000002   PAD
    0x080007c8   0x080007c8   0x00000056   Code   RO         1299    i.ADC_ConversionStop_Disable  stm32f1xx_hal_adc.o
    0x0800081e   0x0800081e   0x00000002   PAD
    0x08000820   0x08000820   0x0000007c   Code   RO         1303    i.ADC_Enable        stm32f1xx_hal_adc.o
    0x0800089c   0x0800089c   0x000002d4   Code   RO          778    i.ADraw_Pic         freertos.o
    0x08000b70   0x08000b70   0x000001f8   Code   RO          779    i.AKey              freertos.o
    0x08000d68   0x08000d68   0x00000028   Code   RO          379    i.AOLED_Clear       aoled.o
    0x08000d90   0x08000d90   0x0000005c   Code   RO          380    i.AOLED_ClearArea   aoled.o
    0x08000dec   0x08000dec   0x0000002a   Code   RO          388    i.AOLED_GPIO_Init   aoled.o
    0x08000e16   0x08000e16   0x0000003a   Code   RO          390    i.AOLED_I2C_SendByte  aoled.o
    0x08000e50   0x08000e50   0x0000001e   Code   RO          391    i.AOLED_I2C_Start   aoled.o
    0x08000e6e   0x08000e6e   0x00000018   Code   RO          392    i.AOLED_I2C_Stop    aoled.o
    0x08000e86   0x08000e86   0x0000009c   Code   RO          393    i.AOLED_Init        aoled.o
    0x08000f22   0x08000f22   0x0000002a   Code   RO          396    i.AOLED_Printf      aoled.o
    0x08000f4c   0x08000f4c   0x00000022   Code   RO          399    i.AOLED_SetCursor   aoled.o
    0x08000f6e   0x08000f6e   0x00000002   PAD
    0x08000f70   0x08000f70   0x0000003c   Code   RO          401    i.AOLED_ShowChar    aoled.o
    0x08000fac   0x08000fac   0x000000bc   Code   RO          404    i.AOLED_ShowImage   aoled.o
    0x08001068   0x08001068   0x0000016c   Code   RO          407    i.AOLED_ShowString  aoled.o
    0x080011d4   0x080011d4   0x00000028   Code   RO          408    i.AOLED_Update      aoled.o
    0x080011fc   0x080011fc   0x00000018   Code   RO          410    i.AOLED_W_SCL       aoled.o
    0x08001214   0x08001214   0x00000018   Code   RO          411    i.AOLED_W_SDA       aoled.o
    0x0800122c   0x0800122c   0x00000022   Code   RO          412    i.AOLED_WriteCommand  aoled.o
    0x0800124e   0x0800124e   0x00000030   Code   RO          413    i.AOLED_WriteData   aoled.o
    0x0800127e   0x0800127e   0x00000002   Code   RO         1118    i.BusFault_Handler  stm32f1xx_it.o
    0x08001280   0x08001280   0x0000003c   Code   RO          973    i.Buzzer_SetFrequency  tim.o
    0x080012bc   0x080012bc   0x00000002   Code   RO         1119    i.DebugMon_Handler  stm32f1xx_it.o
    0x080012be   0x080012be   0x00000002   PAD
    0x080012c0   0x080012c0   0x00000318   Code   RO          780    i.DrawPic           freertos.o
    0x080015d8   0x080015d8   0x00000008   Code   RO         1120    i.EXTI15_10_IRQHandler  stm32f1xx_it.o
    0x080015e0   0x080015e0   0x00000014   Code   RO          974    i.Encoder_Get       tim.o
    0x080015f4   0x080015f4   0x00000004   Code   RO          687    i.Error_Handler     main.o
    0x080015f8   0x080015f8   0x00000024   Code   RO         2395    i.FLASH_MassErase   stm32f1xx_hal_flash_ex.o
    0x0800161c   0x0800161c   0x00000024   Code   RO         2400    i.FLASH_PageErase   stm32f1xx_hal_flash_ex.o
    0x08001640   0x08001640   0x0000001c   Code   RO         2292    i.FLASH_Program_HalfWord  stm32f1xx_hal_flash.o
    0x0800165c   0x0800165c   0x0000005c   Code   RO         2293    i.FLASH_SetErrorCode  stm32f1xx_hal_flash.o
    0x080016b8   0x080016b8   0x00000054   Code   RO         2294    i.FLASH_WaitForLastOperation  stm32f1xx_hal_flash.o
    0x0800170c   0x0800170c   0x000000cc   Code   RO          781    i.GetwakeupFlag     freertos.o
    0x080017d8   0x080017d8   0x000000fc   Code   RO         1305    i.HAL_ADC_ConfigChannel  stm32f1xx_hal_adc.o
    0x080018d4   0x080018d4   0x00000004   Code   RO         1311    i.HAL_ADC_GetState  stm32f1xx_hal_adc.o
    0x080018d8   0x080018d8   0x00000006   Code   RO         1312    i.HAL_ADC_GetValue  stm32f1xx_hal_adc.o
    0x080018de   0x080018de   0x00000002   PAD
    0x080018e0   0x080018e0   0x0000011c   Code   RO         1314    i.HAL_ADC_Init      stm32f1xx_hal_adc.o
    0x080019fc   0x080019fc   0x00000058   Code   RO          926    i.HAL_ADC_MspInit   adc.o
    0x08001a54   0x08001a54   0x0000013c   Code   RO         1318    i.HAL_ADC_PollForConversion  stm32f1xx_hal_adc.o
    0x08001b90   0x08001b90   0x000000c0   Code   RO         1320    i.HAL_ADC_Start     stm32f1xx_hal_adc.o
    0x08001c50   0x08001c50   0x00000046   Code   RO         1956    i.HAL_DMA_Abort     stm32f1xx_hal_dma.o
    0x08001c96   0x08001c96   0x00000002   PAD
    0x08001c98   0x08001c98   0x00000098   Code   RO         1957    i.HAL_DMA_Abort_IT  stm32f1xx_hal_dma.o
    0x08001d30   0x08001d30   0x00000024   Code   RO         1582    i.HAL_Delay         stm32f1xx_hal.o
    0x08001d54   0x08001d54   0x000000a8   Code   RO         2401    i.HAL_FLASHEx_Erase  stm32f1xx_hal_flash_ex.o
    0x08001dfc   0x08001dfc   0x00000014   Code   RO         2298    i.HAL_FLASH_Lock    stm32f1xx_hal_flash.o
    0x08001e10   0x08001e10   0x00000080   Code   RO         2303    i.HAL_FLASH_Program  stm32f1xx_hal_flash.o
    0x08001e90   0x08001e90   0x00000028   Code   RO         2305    i.HAL_FLASH_Unlock  stm32f1xx_hal_flash.o
    0x08001eb8   0x08001eb8   0x00000014   Code   RO          782    i.HAL_GPIO_EXTI_Callback  freertos.o
    0x08001ecc   0x08001ecc   0x00000018   Code   RO         1891    i.HAL_GPIO_EXTI_IRQHandler  stm32f1xx_hal_gpio.o
    0x08001ee4   0x08001ee4   0x000001e0   Code   RO         1892    i.HAL_GPIO_Init     stm32f1xx_hal_gpio.o
    0x080020c4   0x080020c4   0x0000000a   Code   RO         1894    i.HAL_GPIO_ReadPin  stm32f1xx_hal_gpio.o
    0x080020ce   0x080020ce   0x0000000a   Code   RO         1896    i.HAL_GPIO_WritePin  stm32f1xx_hal_gpio.o
    0x080020d8   0x080020d8   0x0000000c   Code   RO         1586    i.HAL_GetTick       stm32f1xx_hal.o
    0x080020e4   0x080020e4   0x00000010   Code   RO         1592    i.HAL_IncTick       stm32f1xx_hal.o
    0x080020f4   0x080020f4   0x00000024   Code   RO         1593    i.HAL_Init          stm32f1xx_hal.o
    0x08002118   0x08002118   0x00000098   Code   RO         1224    i.HAL_InitTick      stm32f1xx_hal_timebase_tim.o
    0x080021b0   0x080021b0   0x00000048   Code   RO         1200    i.HAL_MspInit       stm32f1xx_hal_msp.o
    0x080021f8   0x080021f8   0x0000001a   Code   RO         2052    i.HAL_NVIC_EnableIRQ  stm32f1xx_hal_cortex.o
    0x08002212   0x08002212   0x00000002   PAD
    0x08002214   0x08002214   0x00000040   Code   RO         2058    i.HAL_NVIC_SetPriority  stm32f1xx_hal_cortex.o
    0x08002254   0x08002254   0x00000024   Code   RO         2059    i.HAL_NVIC_SetPriorityGrouping  stm32f1xx_hal_cortex.o
    0x08002278   0x08002278   0x00000044   Code   RO         2181    i.HAL_PWR_EnterSTOPMode  stm32f1xx_hal_pwr.o
    0x080022bc   0x080022bc   0x000000a4   Code   RO         1853    i.HAL_RCCEx_GetPeriphCLKFreq  stm32f1xx_hal_rcc_ex.o
    0x08002360   0x08002360   0x000000ec   Code   RO         1854    i.HAL_RCCEx_PeriphCLKConfig  stm32f1xx_hal_rcc_ex.o
    0x0800244c   0x0800244c   0x0000012c   Code   RO         1750    i.HAL_RCC_ClockConfig  stm32f1xx_hal_rcc.o
    0x08002578   0x08002578   0x00000040   Code   RO         1754    i.HAL_RCC_GetClockConfig  stm32f1xx_hal_rcc.o
    0x080025b8   0x080025b8   0x00000020   Code   RO         1757    i.HAL_RCC_GetPCLK1Freq  stm32f1xx_hal_rcc.o
    0x080025d8   0x080025d8   0x00000020   Code   RO         1758    i.HAL_RCC_GetPCLK2Freq  stm32f1xx_hal_rcc.o
    0x080025f8   0x080025f8   0x0000004c   Code   RO         1759    i.HAL_RCC_GetSysClockFreq  stm32f1xx_hal_rcc.o
    0x08002644   0x08002644   0x00000320   Code   RO         1762    i.HAL_RCC_OscConfig  stm32f1xx_hal_rcc.o
    0x08002964   0x08002964   0x00000014   Code   RO         1225    i.HAL_ResumeTick    stm32f1xx_hal_timebase_tim.o
    0x08002978   0x08002978   0x00000014   Code   RO         1226    i.HAL_SuspendTick   stm32f1xx_hal_timebase_tim.o
    0x0800298c   0x0800298c   0x00000002   Code   RO         3258    i.HAL_TIMEx_BreakCallback  stm32f1xx_hal_tim_ex.o
    0x0800298e   0x0800298e   0x00000002   Code   RO         3259    i.HAL_TIMEx_CommutCallback  stm32f1xx_hal_tim_ex.o
    0x08002990   0x08002990   0x00000054   Code   RO         3261    i.HAL_TIMEx_ConfigBreakDeadTime  stm32f1xx_hal_tim_ex.o
    0x080029e4   0x080029e4   0x00000068   Code   RO         3277    i.HAL_TIMEx_MasterConfigSynchronization  stm32f1xx_hal_tim_ex.o
    0x08002a4c   0x08002a4c   0x0000005a   Code   RO         2554    i.HAL_TIM_Base_Init  stm32f1xx_hal_tim.o
    0x08002aa6   0x08002aa6   0x00000002   Code   RO         2556    i.HAL_TIM_Base_MspInit  stm32f1xx_hal_tim.o
    0x08002aa8   0x08002aa8   0x00000058   Code   RO         2559    i.HAL_TIM_Base_Start_IT  stm32f1xx_hal_tim.o
    0x08002b00   0x08002b00   0x000000a4   Code   RO         2575    i.HAL_TIM_Encoder_Init  stm32f1xx_hal_tim.o
    0x08002ba4   0x08002ba4   0x00000054   Code   RO          976    i.HAL_TIM_Encoder_MspInit  tim.o
    0x08002bf8   0x08002bf8   0x0000008e   Code   RO         2578    i.HAL_TIM_Encoder_Start  stm32f1xx_hal_tim.o
    0x08002c86   0x08002c86   0x00000002   Code   RO         2588    i.HAL_TIM_IC_CaptureCallback  stm32f1xx_hal_tim.o
    0x08002c88   0x08002c88   0x00000130   Code   RO         2602    i.HAL_TIM_IRQHandler  stm32f1xx_hal_tim.o
    0x08002db8   0x08002db8   0x0000004c   Code   RO          977    i.HAL_TIM_MspPostInit  tim.o
    0x08002e04   0x08002e04   0x00000002   Code   RO         2605    i.HAL_TIM_OC_DelayElapsedCallback  stm32f1xx_hal_tim.o
    0x08002e06   0x08002e06   0x000000cc   Code   RO         2626    i.HAL_TIM_PWM_ConfigChannel  stm32f1xx_hal_tim.o
    0x08002ed2   0x08002ed2   0x0000005a   Code   RO         2629    i.HAL_TIM_PWM_Init  stm32f1xx_hal_tim.o
    0x08002f2c   0x08002f2c   0x00000028   Code   RO          979    i.HAL_TIM_PWM_MspInit  tim.o
    0x08002f54   0x08002f54   0x00000002   Code   RO         2632    i.HAL_TIM_PWM_PulseFinishedCallback  stm32f1xx_hal_tim.o
    0x08002f56   0x08002f56   0x00000002   PAD
    0x08002f58   0x08002f58   0x0000009c   Code   RO         2634    i.HAL_TIM_PWM_Start  stm32f1xx_hal_tim.o
    0x08002ff4   0x08002ff4   0x00000014   Code   RO          688    i.HAL_TIM_PeriodElapsedCallback  main.o
    0x08003008   0x08003008   0x00000002   Code   RO         2645    i.HAL_TIM_TriggerCallback  stm32f1xx_hal_tim.o
    0x0800300a   0x0800300a   0x00000002   Code   RO         3537    i.HAL_UARTEx_RxEventCallback  stm32f1xx_hal_uart.o
    0x0800300c   0x0800300c   0x00000002   Code   RO         3551    i.HAL_UART_ErrorCallback  stm32f1xx_hal_uart.o
    0x0800300e   0x0800300e   0x00000002   PAD
    0x08003010   0x08003010   0x0000026c   Code   RO         3554    i.HAL_UART_IRQHandler  stm32f1xx_hal_uart.o
    0x0800327c   0x0800327c   0x00000064   Code   RO         3555    i.HAL_UART_Init     stm32f1xx_hal_uart.o
    0x080032e0   0x080032e0   0x00000128   Code   RO         1052    i.HAL_UART_MspInit  usart.o
    0x08003408   0x08003408   0x0000001c   Code   RO         3560    i.HAL_UART_Receive_IT  stm32f1xx_hal_uart.o
    0x08003424   0x08003424   0x000000f8   Code   RO         1053    i.HAL_UART_RxCpltCallback  usart.o
    0x0800351c   0x0800351c   0x000000a0   Code   RO         3563    i.HAL_UART_Transmit  stm32f1xx_hal_uart.o
    0x080035bc   0x080035bc   0x00000002   Code   RO         3566    i.HAL_UART_TxCpltCallback  stm32f1xx_hal_uart.o
    0x080035be   0x080035be   0x00000002   Code   RO         1121    i.HardFault_Handler  stm32f1xx_it.o
    0x080035c0   0x080035c0   0x0000009c   Code   RO          783    i.JudgePlace        freertos.o
    0x0800365c   0x0800365c   0x000000b4   Code   RO          784    i.JudgeThorns       freertos.o
    0x08003710   0x08003710   0x00000042   Code   RO          785    i.Judgethrough      freertos.o
    0x08003752   0x08003752   0x00000002   PAD
    0x08003754   0x08003754   0x000003a8   Code   RO          786    i.Judgewhowin       freertos.o
    0x08003afc   0x08003afc   0x00000308   Code   RO          787    i.Key               freertos.o
    0x08003e04   0x08003e04   0x0000002c   Code   RO          927    i.LightSensor_GetValue  adc.o
    0x08003e30   0x08003e30   0x0000000c   Code   RO          788    i.LoadWinRecord     freertos.o
    0x08003e3c   0x08003e3c   0x0000004c   Code   RO          928    i.MX_ADC1_Init      adc.o
    0x08003e88   0x08003e88   0x000000dc   Code   RO          789    i.MX_FREERTOS_Init  freertos.o
    0x08003f64   0x08003f64   0x000000e0   Code   RO          754    i.MX_GPIO_Init      gpio.o
    0x08004044   0x08004044   0x000000a0   Code   RO          980    i.MX_TIM1_Init      tim.o
    0x080040e4   0x080040e4   0x0000006c   Code   RO          981    i.MX_TIM3_Init      tim.o
    0x08004150   0x08004150   0x00000038   Code   RO         1054    i.MX_USART1_UART_Init  usart.o
    0x08004188   0x08004188   0x00000038   Code   RO         1055    i.MX_USART2_UART_Init  usart.o
    0x080041c0   0x080041c0   0x00000038   Code   RO         1056    i.MX_USART3_UART_Init  usart.o
    0x080041f8   0x080041f8   0x00000002   Code   RO         1122    i.MemManage_Handler  stm32f1xx_it.o
    0x080041fa   0x080041fa   0x00000002   Code   RO         1123    i.NMI_Handler       stm32f1xx_it.o
    0x080041fc   0x080041fc   0x00000028   Code   RO           13    i.OLED_Clear        oled.o
    0x08004224   0x08004224   0x0000005c   Code   RO           14    i.OLED_ClearArea    oled.o
    0x08004280   0x08004280   0x0000002a   Code   RO           22    i.OLED_GPIO_Init    oled.o
    0x080042aa   0x080042aa   0x0000003a   Code   RO           24    i.OLED_I2C_SendByte  oled.o
    0x080042e4   0x080042e4   0x0000001e   Code   RO           25    i.OLED_I2C_Start    oled.o
    0x08004302   0x08004302   0x00000018   Code   RO           26    i.OLED_I2C_Stop     oled.o
    0x0800431a   0x0800431a   0x0000009c   Code   RO           27    i.OLED_Init         oled.o
    0x080043b6   0x080043b6   0x0000002a   Code   RO           30    i.OLED_Printf       oled.o
    0x080043e0   0x080043e0   0x00000022   Code   RO           33    i.OLED_SetCursor    oled.o
    0x08004402   0x08004402   0x00000002   PAD
    0x08004404   0x08004404   0x0000003c   Code   RO           35    i.OLED_ShowChar     oled.o
    0x08004440   0x08004440   0x000000bc   Code   RO           38    i.OLED_ShowImage    oled.o
    0x080044fc   0x080044fc   0x0000016c   Code   RO           41    i.OLED_ShowString   oled.o
    0x08004668   0x08004668   0x00000028   Code   RO           42    i.OLED_Update       oled.o
    0x08004690   0x08004690   0x00000014   Code   RO           44    i.OLED_W_SCL        oled.o
    0x080046a4   0x080046a4   0x00000014   Code   RO           45    i.OLED_W_SDA        oled.o
    0x080046b8   0x080046b8   0x00000022   Code   RO           46    i.OLED_WriteCommand  oled.o
    0x080046da   0x080046da   0x00000030   Code   RO           47    i.OLED_WriteData    oled.o
    0x0800470a   0x0800470a   0x00000006   Code   RO         2184    i.PWR_OverloadWfe   stm32f1xx_hal_pwr.o
    0x08004710   0x08004710   0x00000080   Code   RO          790    i.Playmusic         freertos.o
    0x08004790   0x08004790   0x00000044   Code   RO          791    i.SaveWinRecord     freertos.o
    0x080047d4   0x080047d4   0x0000002c   Code   RO         5144    i.SysTick_Handler   port.o
    0x08004800   0x08004800   0x00000078   Code   RO          689    i.SystemClock_Config  main.o
    0x08004878   0x08004878   0x00000002   Code   RO         3889    i.SystemInit        system_stm32f1xx.o
    0x0800487a   0x0800487a   0x00000002   PAD
    0x0800487c   0x0800487c   0x0000000c   Code   RO         1124    i.TIM4_IRQHandler   stm32f1xx_it.o
    0x08004888   0x08004888   0x00000078   Code   RO         2647    i.TIM_Base_SetConfig  stm32f1xx_hal_tim.o
    0x08004900   0x08004900   0x0000001a   Code   RO         2648    i.TIM_CCxChannelCmd  stm32f1xx_hal_tim.o
    0x0800491a   0x0800491a   0x00000002   PAD
    0x0800491c   0x0800491c   0x00000050   Code   RO         2660    i.TIM_OC1_SetConfig  stm32f1xx_hal_tim.o
    0x0800496c   0x0800496c   0x00000058   Code   RO         2661    i.TIM_OC2_SetConfig  stm32f1xx_hal_tim.o
    0x080049c4   0x080049c4   0x00000058   Code   RO         2662    i.TIM_OC3_SetConfig  stm32f1xx_hal_tim.o
    0x08004a1c   0x08004a1c   0x00000044   Code   RO         2663    i.TIM_OC4_SetConfig  stm32f1xx_hal_tim.o
    0x08004a60   0x08004a60   0x00000010   Code   RO         3568    i.UART_DMAAbortOnError  stm32f1xx_hal_uart.o
    0x08004a70   0x08004a70   0x0000004e   Code   RO         3578    i.UART_EndRxTransfer  stm32f1xx_hal_uart.o
    0x08004abe   0x08004abe   0x000000c2   Code   RO         3580    i.UART_Receive_IT   stm32f1xx_hal_uart.o
    0x08004b80   0x08004b80   0x000000b8   Code   RO         3581    i.UART_SetConfig    stm32f1xx_hal_uart.o
    0x08004c38   0x08004c38   0x00000036   Code   RO         3583    i.UART_Start_Receive_IT  stm32f1xx_hal_uart.o
    0x08004c6e   0x08004c6e   0x00000072   Code   RO         3584    i.UART_WaitOnFlagUntilTimeout  stm32f1xx_hal_uart.o
    0x08004ce0   0x08004ce0   0x0000000c   Code   RO         1125    i.USART1_IRQHandler  stm32f1xx_it.o
    0x08004cec   0x08004cec   0x0000000c   Code   RO         1126    i.USART3_IRQHandler  stm32f1xx_it.o
    0x08004cf8   0x08004cf8   0x00000002   Code   RO         1127    i.UsageFault_Handler  stm32f1xx_it.o
    0x08004cfa   0x08004cfa   0x00000002   PAD
    0x08004cfc   0x08004cfc   0x00000094   Code   RO          611    i.Wifi_SendData     wifi.o
    0x08004d90   0x08004d90   0x00000024   Code   RO         5254    i.__0vsprintf       mc_w.l(printfa.o)
    0x08004db4   0x08004db4   0x00000020   Code   RO         2065    i.__NVIC_SetPriority  stm32f1xx_hal_cortex.o
    0x08004dd4   0x08004dd4   0x0000000e   Code   RO         5377    i.__scatterload_copy  mc_w.l(handlers.o)
    0x08004de2   0x08004de2   0x00000002   Code   RO         5378    i.__scatterload_null  mc_w.l(handlers.o)
    0x08004de4   0x08004de4   0x0000000e   Code   RO         5379    i.__scatterload_zeroinit  mc_w.l(handlers.o)
    0x08004df2   0x08004df2   0x00000002   PAD
    0x08004df4   0x08004df4   0x00000184   Code   RO         5255    i._fp_digits        mc_w.l(printfa.o)
    0x08004f78   0x08004f78   0x000006dc   Code   RO         5256    i._printf_core      mc_w.l(printfa.o)
    0x08005654   0x08005654   0x00000024   Code   RO         5257    i._printf_post_padding  mc_w.l(printfa.o)
    0x08005678   0x08005678   0x0000002e   Code   RO         5258    i._printf_pre_padding  mc_w.l(printfa.o)
    0x080056a6   0x080056a6   0x0000000a   Code   RO         5260    i._sputc            mc_w.l(printfa.o)
    0x080056b0   0x080056b0   0x0000031c   Code   RO          690    i.main              main.o
    0x080059cc   0x080059cc   0x0000000c   Code   RO         4709    i.makeFreeRtosPriority  cmsis_os.o
    0x080059d8   0x080059d8   0x0000000e   Code   RO         4711    i.osDelay           cmsis_os.o
    0x080059e6   0x080059e6   0x0000000a   Code   RO         4714    i.osKernelStart     cmsis_os.o
    0x080059f0   0x080059f0   0x00000054   Code   RO         4748    i.osThreadCreate    cmsis_os.o
    0x08005a44   0x08005a44   0x00000070   Code   RO         4391    i.prvAddCurrentTaskToDelayedList  tasks.o
    0x08005ab4   0x08005ab4   0x000000d0   Code   RO         4392    i.prvAddNewTaskToReadyList  tasks.o
    0x08005b84   0x08005b84   0x00000026   Code   RO         4067    i.prvCopyDataFromQueue  queue.o
    0x08005baa   0x08005baa   0x0000006c   Code   RO         4068    i.prvCopyDataToQueue  queue.o
    0x08005c16   0x08005c16   0x00000034   Code   RO         4393    i.prvDeleteTCB      tasks.o
    0x08005c4a   0x08005c4a   0x00000002   PAD
    0x08005c4c   0x08005c4c   0x00000048   Code   RO         5076    i.prvHeapInit       heap_4.o
    0x08005c94   0x08005c94   0x00000064   Code   RO         4394    i.prvIdleTask       tasks.o
    0x08005cf8   0x08005cf8   0x00000016   Code   RO         4069    i.prvInitialiseMutex  queue.o
    0x08005d0e   0x08005d0e   0x00000016   Code   RO         4070    i.prvInitialiseNewQueue  queue.o
    0x08005d24   0x08005d24   0x000000b0   Code   RO         4395    i.prvInitialiseNewTask  tasks.o
    0x08005dd4   0x08005dd4   0x0000004c   Code   RO         5077    i.prvInsertBlockIntoFreeList  heap_4.o
    0x08005e20   0x08005e20   0x0000001c   Code   RO         4071    i.prvIsQueueEmpty   queue.o
    0x08005e3c   0x08005e3c   0x00000020   Code   RO         4396    i.prvResetNextTaskUnblockTime  tasks.o
    0x08005e5c   0x08005e5c   0x00000028   Code   RO         5145    i.prvTaskExitError  port.o
    0x08005e84   0x08005e84   0x0000006a   Code   RO         4072    i.prvUnlockQueue    queue.o
    0x08005eee   0x08005eee   0x00000002   PAD
    0x08005ef0   0x08005ef0   0x000000dc   Code   RO         5078    i.pvPortMalloc      heap_4.o
    0x08005fcc   0x08005fcc   0x00000018   Code   RO         4398    i.pvTaskIncrementMutexHeldCount  tasks.o
    0x08005fe4   0x08005fe4   0x00000024   Code   RO         5146    i.pxPortInitialiseStack  port.o
    0x08006008   0x08006008   0x0000003c   Code   RO         1057    i.uart_print        usart.o
    0x08006044   0x08006044   0x00000026   Code   RO         4027    i.uxListRemove      list.o
    0x0800606a   0x0800606a   0x00000002   PAD
    0x0800606c   0x0800606c   0x00000014   Code   RO          792    i.vApplicationGetIdleTaskMemory  freertos.o
    0x08006080   0x08006080   0x00000048   Code   RO          793    i.vApplicationIdleHook  freertos.o
    0x080060c8   0x080060c8   0x00000010   Code   RO          794    i.vApplicationStackOverflowHook  freertos.o
    0x080060d8   0x080060d8   0x00000016   Code   RO         4028    i.vListInitialise   list.o
    0x080060ee   0x080060ee   0x00000006   Code   RO         4029    i.vListInitialiseItem  list.o
    0x080060f4   0x080060f4   0x00000030   Code   RO         4030    i.vListInsert       list.o
    0x08006124   0x08006124   0x00000018   Code   RO         4031    i.vListInsertEnd    list.o
    0x0800613c   0x0800613c   0x00000040   Code   RO         5148    i.vPortEnterCritical  port.o
    0x0800617c   0x0800617c   0x00000028   Code   RO         5149    i.vPortExitCritical  port.o
    0x080061a4   0x080061a4   0x00000064   Code   RO         5079    i.vPortFree         heap_4.o
    0x08006208   0x08006208   0x00000024   Code   RO         5150    i.vPortSetupTimerInterrupt  port.o
    0x0800622c   0x0800622c   0x00000054   Code   RO         5151    i.vPortValidateInterruptPriority  port.o
    0x08006280   0x08006280   0x0000004c   Code   RO         4405    i.vTaskDelay        tasks.o
    0x080062cc   0x080062cc   0x00000010   Code   RO         4408    i.vTaskInternalSetTimeOutState  tasks.o
    0x080062dc   0x080062dc   0x0000000c   Code   RO         4409    i.vTaskMissedYield  tasks.o
    0x080062e8   0x080062e8   0x00000030   Code   RO         4411    i.vTaskPlaceOnEventList  tasks.o
    0x08006318   0x08006318   0x000000a0   Code   RO         4413    i.vTaskPriorityDisinheritAfterTimeout  tasks.o
    0x080063b8   0x080063b8   0x0000006c   Code   RO         4418    i.vTaskStartScheduler  tasks.o
    0x08006424   0x08006424   0x00000010   Code   RO         4420    i.vTaskSuspendAll   tasks.o
    0x08006434   0x08006434   0x00000088   Code   RO         4421    i.vTaskSwitchContext  tasks.o
    0x080064bc   0x080064bc   0x000000a8   Code   RO         5152    i.xPortStartScheduler  port.o
    0x08006564   0x08006564   0x00000016   Code   RO         4079    i.xQueueCreateMutex  queue.o
    0x0800657a   0x0800657a   0x00000042   Code   RO         4081    i.xQueueGenericCreate  queue.o
    0x080065bc   0x080065bc   0x00000088   Code   RO         4083    i.xQueueGenericReset  queue.o
    0x08006644   0x08006644   0x00000160   Code   RO         4084    i.xQueueGenericSend  queue.o
    0x080067a4   0x080067a4   0x000000be   Code   RO         4085    i.xQueueGenericSendFromISR  queue.o
    0x08006862   0x08006862   0x00000002   PAD
    0x08006864   0x08006864   0x00000138   Code   RO         4091    i.xQueueReceive     queue.o
    0x0800699c   0x0800699c   0x00000178   Code   RO         4093    i.xQueueSemaphoreTake  queue.o
    0x08006b14   0x08006b14   0x00000074   Code   RO         4423    i.xTaskCheckForTimeOut  tasks.o
    0x08006b88   0x08006b88   0x0000005a   Code   RO         4424    i.xTaskCreate       tasks.o
    0x08006be2   0x08006be2   0x00000056   Code   RO         4425    i.xTaskCreateStatic  tasks.o
    0x08006c38   0x08006c38   0x0000001c   Code   RO         4429    i.xTaskGetSchedulerState  tasks.o
    0x08006c54   0x08006c54   0x000000cc   Code   RO         4432    i.xTaskIncrementTick  tasks.o
    0x08006d20   0x08006d20   0x00000098   Code   RO         4435    i.xTaskPriorityDisinherit  tasks.o
    0x08006db8   0x08006db8   0x0000008c   Code   RO         4436    i.xTaskPriorityInherit  tasks.o
    0x08006e44   0x08006e44   0x00000074   Code   RO         4437    i.xTaskRemoveFromEventList  tasks.o
    0x08006eb8   0x08006eb8   0x000000c4   Code   RO         4438    i.xTaskResumeAll    tasks.o
    0x08006f7c   0x08006f7c   0x000005f0   Data   RO          356    .constdata          oled_data.o
    0x0800756c   0x0800756c   0x0000023a   Data   RO          357    .constdata          oled_data.o
    0x080077a6   0x080077a6   0x00000103   Data   RO          358    .constdata          oled_data.o
    0x080078a9   0x080078a9   0x00000020   Data   RO          360    .constdata          oled_data.o
    0x080078c9   0x080078c9   0x00000020   Data   RO          361    .constdata          oled_data.o
    0x080078e9   0x080078e9   0x00000004   Data   RO          362    .constdata          oled_data.o
    0x080078ed   0x080078ed   0x00000020   Data   RO          363    .constdata          oled_data.o
    0x0800790d   0x0800790d   0x00000008   Data   RO          364    .constdata          oled_data.o
    0x08007915   0x08007915   0x00000003   PAD
    0x08007918   0x08007918   0x000000c4   Data   RO          798    .constdata          freertos.o
    0x080079dc   0x080079dc   0x00000012   Data   RO         1763    .constdata          stm32f1xx_hal_rcc.o
    0x080079ee   0x080079ee   0x00000012   Data   RO         1855    .constdata          stm32f1xx_hal_rcc_ex.o
    0x08007a00   0x08007a00   0x00000010   Data   RO         3890    .constdata          system_stm32f1xx.o
    0x08007a10   0x08007a10   0x00000008   Data   RO         3891    .constdata          system_stm32f1xx.o
    0x08007a18   0x08007a18   0x0000020d   Data   RO          612    .conststring        wifi.o
    0x08007c25   0x08007c25   0x00000003   PAD
    0x08007c28   0x08007c28   0x0000004b   Data   RO          799    .conststring        freertos.o
    0x08007c73   0x08007c73   0x00000001   PAD
    0x08007c74   0x08007c74   0x00000020   Data   RO         5375    Region$$Table       anon$$obj.o


    Execution Region RW_IRAM1 (Exec base: 0x20000000, Load base: 0x08007c94, Size: 0x00003e18, Max: 0x00005000, ABSOLUTE, COMPRESSED[0x00000088])

    Exec Addr    Load Addr    Size         Type   Attr      Idx    E Section Name        Object

    0x20000000   COMPRESSED   0x00000004   Data   RW          692    .data               main.o
    0x20000004   COMPRESSED   0x00000004   Data   RW          693    .data               main.o
    0x20000008   COMPRESSED   0x00000005   Data   RW          694    .data               main.o
    0x2000000d   COMPRESSED   0x00000003   PAD
    0x20000010   COMPRESSED   0x00000114   Data   RW          800    .data               freertos.o
    0x20000124   COMPRESSED   0x0000000c   Data   RW         1600    .data               stm32f1xx_hal.o
    0x20000130   COMPRESSED   0x00000004   Data   RW         3892    .data               system_stm32f1xx.o
    0x20000134   COMPRESSED   0x0000003c   Data   RW         4441    .data               tasks.o
    0x20000170   COMPRESSED   0x00000020   Data   RW         5085    .data               heap_4.o
    0x20000190   COMPRESSED   0x0000000c   Data   RW         5153    .data               port.o
    0x2000019c        -       0x00000400   Zero   RW           49    .bss                oled.o
    0x2000059c        -       0x00000400   Zero   RW          415    .bss                aoled.o
    0x2000099c        -       0x00000040   Zero   RW          691    .bss                main.o
    0x200009dc        -       0x00000254   Zero   RW          795    .bss                freertos.o
    0x20000c30        -       0x00000030   Zero   RW          929    .bss                adc.o
    0x20000c60        -       0x00000090   Zero   RW          982    .bss                tim.o
    0x20000cf0        -       0x000000d8   Zero   RW         1058    .bss                usart.o
    0x20000dc8        -       0x00000048   Zero   RW         1227    .bss                stm32f1xx_hal_timebase_tim.o
    0x20000e10        -       0x00000020   Zero   RW         2306    .bss                stm32f1xx_hal_flash.o
    0x20000e30        -       0x000000f0   Zero   RW         4440    .bss                tasks.o
    0x20000f20        -       0x00002af8   Zero   RW         5084    .bss                heap_4.o
    0x20003a18        -       0x00000400   Zero   RW            1    STACK               startup_stm32f103xb.o


==============================================================================

Image component sizes


      Code (inc. data)   RO Data    RW Data    ZI Data      Debug   Object Name

       208         24          0          0         48       2088   adc.o
      1300         52          0          0       1024      10813   aoled.o
       120          0          0          0          0      23137   cmsis_os.o
         0          0          0          0          0      20020   event_groups.o
      4894        360        271        276        596      18979   freertos.o
       224         18          0          0          0        947   gpio.o
       468         22          0         32      11000       7211   heap_4.o
       138          0          0          0          0       3290   list.o
       940        152          0         13         64       4122   main.o
      1292         48          0          0       1024     459114   oled.o
         0          0       2457          0          0       1254   oled_data.o
       662         70          0         12          0      10885   port.o
      1778         18          0          0          0      17644   queue.o
        36          8        236          0       1024        788   startup_stm32f103xb.o
       100         18          0         12          0       5130   stm32f1xx_hal.o
      1264         54          0          0          0       6931   stm32f1xx_hal_adc.o
       158         14          0          0          0      28098   stm32f1xx_hal_cortex.o
       222          4          0          0          0       1723   stm32f1xx_hal_dma.o
       392         46          0          0         32       4598   stm32f1xx_hal_flash.o
       240         26          0          0          0       3181   stm32f1xx_hal_flash_ex.o
       524         40          0          0          0       4034   stm32f1xx_hal_gpio.o
        72         10          0          0          0        838   stm32f1xx_hal_msp.o
        74          8          0          0          0       1080   stm32f1xx_hal_pwr.o
      1304         94         18          0          0       5625   stm32f1xx_hal_rcc.o
       400         28         18          0          0       2417   stm32f1xx_hal_rcc_ex.o
      1718         56          0          0          0      14518   stm32f1xx_hal_tim.o
       192         12          0          0          0       3109   stm32f1xx_hal_tim_ex.o
       192         32          0          0         72       2318   stm32f1xx_hal_timebase_tim.o
      1554         10          0          0          0      10732   stm32f1xx_hal_uart.o
        56         18          0          0          0       4166   stm32f1xx_it.o
         0          0          0          0          0        384   stream_buffer.o
         2          0         24          4          0       1071   system_stm32f1xx.o
      2404        174          0         60        240      26667   tasks.o
       548         66          0          0        144       4470   tim.o
       772         84          0          0        216       4719   usart.o
       148         64        525          0          0      32260   wifi.o

    ----------------------------------------------------------------------
     24432       1630       3588        412      15484     748361   Object Totals
         0          0         32          0          0          0   (incl. Generated)
        36          0          7          3          0          0   (incl. Padding)

    ----------------------------------------------------------------------

      Code (inc. data)   RO Data    RW Data    ZI Data      Debug   Library Member Name

        86          0          0          0          0          0   __dczerorl2.o
         0          0          0          0          0          0   entry.o
         0          0          0          0          0          0   entry10a.o
         0          0          0          0          0          0   entry11a.o
         8          4          0          0          0          0   entry2.o
         4          0          0          0          0          0   entry5.o
         0          0          0          0          0          0   entry7b.o
         0          0          0          0          0          0   entry8b.o
         8          4          0          0          0          0   entry9a.o
        30          0          0          0          0          0   handlers.o
        36          8          0          0          0         68   init.o
         0          0          0          0          0          0   iusefp.o
        30          0          0          0          0         68   llshl.o
        36          0          0          0          0         68   llsshr.o
        32          0          0          0          0         68   llushr.o
        36          0          0          0          0         68   memcpya.o
        36          0          0          0          0        108   memseta.o
      2272         86          0          0          0        516   printfa.o
        28          0          0          0          0         76   strcmp.o
        14          0          0          0          0         68   strlen.o
        44          0          0          0          0         80   uidiv.o
        98          0          0          0          0         92   uldiv.o
        48          0          0          0          0         68   cdrcmple.o
       334          0          0          0          0        148   dadd.o
       222          0          0          0          0        100   ddiv.o
       186          0          0          0          0        176   depilogue.o
        48          0          0          0          0         68   dfixul.o
       228          0          0          0          0         96   dmul.o

    ----------------------------------------------------------------------
      3872        102          0          0          0       1936   Library Totals
         8          0          0          0          0          0   (incl. Padding)

    ----------------------------------------------------------------------

      Code (inc. data)   RO Data    RW Data    ZI Data      Debug   Library Name

      2798        102          0          0          0       1280   mc_w.l
      1066          0          0          0          0        656   mf_w.l

    ----------------------------------------------------------------------
      3872        102          0          0          0       1936   Library Totals

    ----------------------------------------------------------------------

==============================================================================


      Code (inc. data)   RO Data    RW Data    ZI Data      Debug   

     28304       1732       3588        412      15484     738101   Grand Totals
     28304       1732       3588        136      15484     738101   ELF Image Totals (compressed)
     28304       1732       3588        136          0          0   ROM Totals

==============================================================================

    Total RO  Size (Code + RO Data)                31892 (  31.14kB)
    Total RW  Size (RW Data + ZI Data)             15896 (  15.52kB)
    Total ROM Size (Code + RO Data + RW Data)      32028 (  31.28kB)

==============================================================================

