Component: ARM Compiler 5.06 update 5 (build 528) Tool: armlink [4d35e2]

==============================================================================

Section Cross References

    startup_stm32f103xb.o(STACK) refers (Special) to heapauxi.o(.text) for __use_two_region_memory
    startup_stm32f103xb.o(HEAP) refers (Special) to heapauxi.o(.text) for __use_two_region_memory
    startup_stm32f103xb.o(RESET) refers (Special) to heapauxi.o(.text) for __use_two_region_memory
    startup_stm32f103xb.o(RESET) refers to startup_stm32f103xb.o(STACK) for __initial_sp
    startup_stm32f103xb.o(RESET) refers to startup_stm32f103xb.o(.text) for Reset_Handler
    startup_stm32f103xb.o(RESET) refers to stm32f1xx_it.o(i.NMI_Handler) for NMI_Handler
    startup_stm32f103xb.o(RESET) refers to stm32f1xx_it.o(i.HardFault_Handler) for HardFault_Handler
    startup_stm32f103xb.o(RESET) refers to stm32f1xx_it.o(i.MemManage_Handler) for MemManage_Handler
    startup_stm32f103xb.o(RESET) refers to stm32f1xx_it.o(i.BusFault_Handler) for BusFault_Handler
    startup_stm32f103xb.o(RESET) refers to stm32f1xx_it.o(i.UsageFault_Handler) for UsageFault_Handler
    startup_stm32f103xb.o(RESET) refers to port.o(.emb_text) for SVC_Handler
    startup_stm32f103xb.o(RESET) refers to stm32f1xx_it.o(i.DebugMon_Handler) for DebugMon_Handler
    startup_stm32f103xb.o(RESET) refers to port.o(i.SysTick_Handler) for SysTick_Handler
    startup_stm32f103xb.o(RESET) refers to stm32f1xx_it.o(i.TIM4_IRQHandler) for TIM4_IRQHandler
    startup_stm32f103xb.o(RESET) refers to stm32f1xx_it.o(i.USART1_IRQHandler) for USART1_IRQHandler
    startup_stm32f103xb.o(RESET) refers to stm32f1xx_it.o(i.USART3_IRQHandler) for USART3_IRQHandler
    startup_stm32f103xb.o(.text) refers (Special) to heapauxi.o(.text) for __use_two_region_memory
    startup_stm32f103xb.o(.text) refers to system_stm32f1xx.o(i.SystemInit) for SystemInit
    startup_stm32f103xb.o(.text) refers to __main.o(!!!main) for __main
    startup_stm32f103xb.o(.text) refers to startup_stm32f103xb.o(HEAP) for Heap_Mem
    startup_stm32f103xb.o(.text) refers to startup_stm32f103xb.o(STACK) for Stack_Mem
    oled.o(i.OLED_Clear) refers to oled.o(.bss) for .bss
    oled.o(i.OLED_ClearArea) refers to oled.o(.bss) for .bss
    oled.o(i.OLED_DrawArc) refers to oled.o(i.OLED_IsInAngle) for OLED_IsInAngle
    oled.o(i.OLED_DrawArc) refers to oled.o(i.OLED_DrawPoint) for OLED_DrawPoint
    oled.o(i.OLED_DrawCircle) refers to oled.o(i.OLED_DrawPoint) for OLED_DrawPoint
    oled.o(i.OLED_DrawEllipse) refers to dflt_clz.o(x$fpl$dflt) for __aeabi_i2d
    oled.o(i.OLED_DrawEllipse) refers to daddsub_clz.o(x$fpl$dadd) for __aeabi_dadd
    oled.o(i.OLED_DrawEllipse) refers to dmul.o(x$fpl$dmul) for __aeabi_dmul
    oled.o(i.OLED_DrawEllipse) refers to d2f.o(x$fpl$d2f) for __aeabi_d2f
    oled.o(i.OLED_DrawEllipse) refers to oled.o(i.OLED_DrawPoint) for OLED_DrawPoint
    oled.o(i.OLED_DrawEllipse) refers to fflt_clz.o(x$fpl$fflt) for __aeabi_i2f
    oled.o(i.OLED_DrawEllipse) refers to faddsub_clz.o(x$fpl$fadd) for __aeabi_fadd
    oled.o(i.OLED_DrawEllipse) refers to daddsub_clz.o(x$fpl$dsub) for __aeabi_dsub
    oled.o(i.OLED_DrawEllipse) refers to dleqf.o(x$fpl$dleqf) for __aeabi_cdcmple
    oled.o(i.OLED_DrawLine) refers to oled.o(i.OLED_DrawPoint) for OLED_DrawPoint
    oled.o(i.OLED_DrawPoint) refers to oled.o(.bss) for .bss
    oled.o(i.OLED_DrawRectangle) refers to oled.o(i.OLED_DrawPoint) for OLED_DrawPoint
    oled.o(i.OLED_DrawTriangle) refers to oled.o(i.OLED_DrawLine) for OLED_DrawLine
    oled.o(i.OLED_DrawTriangle) refers to oled.o(i.OLED_pnpoly) for OLED_pnpoly
    oled.o(i.OLED_DrawTriangle) refers to oled.o(i.OLED_DrawPoint) for OLED_DrawPoint
    oled.o(i.OLED_GPIO_Init) refers to gpio.o(i.MX_GPIO_Init) for MX_GPIO_Init
    oled.o(i.OLED_GPIO_Init) refers to oled.o(i.OLED_W_SCL) for OLED_W_SCL
    oled.o(i.OLED_GPIO_Init) refers to oled.o(i.OLED_W_SDA) for OLED_W_SDA
    oled.o(i.OLED_GetPoint) refers to oled.o(.bss) for .bss
    oled.o(i.OLED_I2C_SendByte) refers to oled.o(i.OLED_W_SDA) for OLED_W_SDA
    oled.o(i.OLED_I2C_SendByte) refers to oled.o(i.OLED_W_SCL) for OLED_W_SCL
    oled.o(i.OLED_I2C_Start) refers to oled.o(i.OLED_W_SDA) for OLED_W_SDA
    oled.o(i.OLED_I2C_Start) refers to oled.o(i.OLED_W_SCL) for OLED_W_SCL
    oled.o(i.OLED_I2C_Stop) refers to oled.o(i.OLED_W_SDA) for OLED_W_SDA
    oled.o(i.OLED_I2C_Stop) refers to oled.o(i.OLED_W_SCL) for OLED_W_SCL
    oled.o(i.OLED_Init) refers to oled.o(i.OLED_GPIO_Init) for OLED_GPIO_Init
    oled.o(i.OLED_Init) refers to oled.o(i.OLED_WriteCommand) for OLED_WriteCommand
    oled.o(i.OLED_Init) refers to oled.o(i.OLED_Clear) for OLED_Clear
    oled.o(i.OLED_Init) refers to oled.o(i.OLED_Update) for OLED_Update
    oled.o(i.OLED_IsInAngle) refers to dflt_clz.o(x$fpl$dflt) for __aeabi_i2d
    oled.o(i.OLED_IsInAngle) refers to atan2.o(i.atan2) for atan2
    oled.o(i.OLED_IsInAngle) refers to ddiv.o(x$fpl$ddiv) for __aeabi_ddiv
[...]
    EXTI4_IRQHandler                         0x08000327   Thumb Code     0  startup_stm32f103xb.o(.text)
    EXTI9_5_IRQHandler                       0x08000327   Thumb Code     0  startup_stm32f103xb.o(.text)
    FLASH_IRQHandler                         0x08000327   Thumb Code     0  startup_stm32f103xb.o(.text)
    I2C1_ER_IRQHandler                       0x08000327   Thumb Code     0  startup_stm32f103xb.o(.text)
    I2C1_EV_IRQHandler                       0x08000327   Thumb Code     0  startup_stm32f103xb.o(.text)
    I2C2_ER_IRQHandler                       0x08000327   Thumb Code     0  startup_stm32f103xb.o(.text)
    I2C2_EV_IRQHandler                       0x08000327   Thumb Code     0  startup_stm32f103xb.o(.text)
    PVD_IRQHandler                           0x08000327   Thumb Code     0  startup_stm32f103xb.o(.text)
    RCC_IRQHandler                           0x08000327   Thumb Code     0  startup_stm32f103xb.o(.text)
    RTC_Alarm_IRQHandler                     0x08000327   Thumb Code     0  startup_stm32f103xb.o(.text)
    RTC_IRQHandler                           0x08000327   Thumb Code     0  startup_stm32f103xb.o(.text)
    SPI1_IRQHandler                          0x08000327   Thumb Code     0  startup_stm32f103xb.o(.text)
    SPI2_IRQHandler                          0x08000327   Thumb Code     0  startup_stm32f103xb.o(.text)
    TAMPER_IRQHandler                        0x08000327   Thumb Code     0  startup_stm32f103xb.o(.text)
    TIM1_BRK_IRQHandler                      0x08000327   Thumb Code     0  startup_stm32f103xb.o(.text)
    TIM1_CC_IRQHandler                       0x08000327   Thumb Code     0  startup_stm32f103xb.o(.text)
    TIM1_TRG_COM_IRQHandler                  0x08000327   Thumb Code     0  startup_stm32f103xb.o(.text)
    TIM1_UP_IRQHandler                       0x08000327   Thumb Code     0  startup_stm32f103xb.o(.text)
    TIM2_IRQHandler                          0x08000327   Thumb Code     0  startup_stm32f103xb.o(.text)
    TIM3_IRQHandler                          0x08000327   Thumb Code     0  startup_stm32f103xb.o(.text)
    USART2_IRQHandler                        0x08000327   Thumb Code     0  startup_stm32f103xb.o(.text)
    USBWakeUp_IRQHandler                     0x08000327   Thumb Code     0  startup_stm32f103xb.o(.text)
    USB_HP_CAN1_TX_IRQHandler                0x08000327   Thumb Code     0  startup_stm32f103xb.o(.text)
    USB_LP_CAN1_RX0_IRQHandler               0x08000327   Thumb Code     0  startup_stm32f103xb.o(.text)
    WWDG_IRQHandler                          0x08000327   Thumb Code     0  startup_stm32f103xb.o(.text)
    __user_initial_stackheap                 0x08000329   Thumb Code     0  startup_stm32f103xb.o(.text)
    __aeabi_llsr                             0x0800034d   Thumb Code     0  llushr.o(.text)
    _ll_ushift_r                             0x0800034d   Thumb Code    38  llushr.o(.text)
    vsprintf                                 0x08000375   Thumb Code    32  vsprintf.o(.text)
    strlen                                   0x08000399   Thumb Code    62  strlen.o(.text)
    __aeabi_memcpy                           0x080003d7   Thumb Code     0  rt_memcpy_v6.o(.text)
    __rt_memcpy                              0x080003d7   Thumb Code   138  rt_memcpy_v6.o(.text)
    _memcpy_lastbytes                        0x0800043d   Thumb Code     0  rt_memcpy_v6.o(.text)
    __aeabi_memcpy4                          0x08000461   Thumb Code     0  rt_memcpy_w.o(.text)
    __aeabi_memcpy8                          0x08000461   Thumb Code     0  rt_memcpy_w.o(.text)
    __rt_memcpy_w                            0x08000461   Thumb Code   100  rt_memcpy_w.o(.text)
    _memcpy_lastbytes_aligned                0x080004a9   Thumb Code     0  rt_memcpy_w.o(.text)
    __aeabi_memclr4                          0x080004c5   Thumb Code     0  rt_memclr_w.o(.text)
    __aeabi_memclr8                          0x080004c5   Thumb Code     0  rt_memclr_w.o(.text)
    __rt_memclr_w                            0x080004c5   Thumb Code    78  rt_memclr_w.o(.text)
    _memset_w                                0x080004c9   Thumb Code     0  rt_memclr_w.o(.text)
    strcmp                                   0x08000515   Thumb Code   128  strcmpv7m.o(.text)
    __use_two_region_memory                  0x08000595   Thumb Code     2  heapauxi.o(.text)
    __rt_heap_escrow$2region                 0x08000597   Thumb Code     2  heapauxi.o(.text)
    __rt_heap_expand$2region                 0x08000599   Thumb Code     2  heapauxi.o(.text)
    _printf_pre_padding                      0x0800059b   Thumb Code    44  _printf_pad.o(.text)
    _printf_post_padding                     0x080005c7   Thumb Code    34  _printf_pad.o(.text)
    _printf_truncate_signed                  0x080005e9   Thumb Code    18  _printf_truncate.o(.text)
    _printf_truncate_unsigned                0x080005fb   Thumb Code    18  _printf_truncate.o(.text)
    _printf_str                              0x0800060d   Thumb Code    82  _printf_str.o(.text)
    _printf_int_dec                          0x08000661   Thumb Code   104  _printf_dec.o(.text)
    _printf_charcount                        0x080006d9   Thumb Code    40  _printf_charcount.o(.text)
    _printf_char_common                      0x0800070b   Thumb Code    32  _printf_char_common.o(.text)
    _sputc                                   0x08000731   Thumb Code    10  _sputc.o(.text)
    _printf_wctomb                           0x0800073d   Thumb Code   182  _printf_wctomb.o(.text)
    _printf_longlong_dec                     0x080007f9   Thumb Code   108  _printf_longlong_dec.o(.text)
    _printf_longlong_oct                     0x08000875   Thumb Code    66  _printf_oct_int_ll.o(.text)
    _printf_int_oct                          0x080008b7   Thumb Code    24  _printf_oct_int_ll.o(.text)
    _printf_ll_oct                           0x080008cf   Thumb Code    12  _printf_oct_int_ll.o(.text)
    _printf_longlong_hex                     0x080008e5   Thumb Code    86  _printf_hex_int_ll_ptr.o(.text)
    _printf_int_hex                          0x0800093b   Thumb Code    28  _printf_hex_int_ll_ptr.o(.text)
    _printf_ll_hex                           0x08000957   Thumb Code    12  _printf_hex_int_ll_ptr.o(.text)
    _printf_hex_ptr                          0x08000963   Thumb Code    18  _printf_hex_int_ll_ptr.o(.text)
    __printf                                 0x08000979   Thumb Code   388  __printf_flags_ss_wp.o(.text)
    _ll_udiv10                               0x08000b01   Thumb Code   138  lludiv10.o(.text)
    _printf_int_common                       0x08000b8b   Thumb Code   178  _printf_intcommon.o(.text)
    __lib_sel_fp_printf                      0x08000c3d   Thumb Code     2  _printf_fp_dec.o(.text)
    _printf_fp_dec_real                      0x08000def   Thumb Code   620  _printf_fp_dec.o(.text)
    _printf_fp_hex_real                      0x0800105d   Thumb Code   756  _printf_fp_hex.o(.text)
    _printf_cs_common                        0x08001359   Thumb Code    20  _printf_char.o(.text)
    _printf_char                             0x0800136d   Thumb Code    16  _printf_char.o(.text)
    _printf_string                           0x0800137d   Thumb Code     8  _printf_char.o(.text)
    _printf_lcs_common                       0x08001385   Thumb Code    20  _printf_wchar.o(.text)
    _printf_wchar                            0x08001399   Thumb Code    16  _printf_wchar.o(.text)
    _printf_wstring                          0x080013a9   Thumb Code     8  _printf_wchar.o(.text)
    _wcrtomb                                 0x080013b1   Thumb Code    64  _wcrtomb.o(.text)
    __user_libspace                          0x080013f1   Thumb Code     8  libspace.o(.text)
    __user_perproc_libspace                  0x080013f1   Thumb Code     0  libspace.o(.text)
    __user_perthread_libspace                0x080013f1   Thumb Code     0  libspace.o(.text)
    __user_setup_stackheap                   0x080013f9   Thumb Code    74  sys_stackheap_outer.o(.text)
    __rt_ctype_table                         0x08001445   Thumb Code    16  rt_ctype_table.o(.text)
    __rt_locale                              0x08001455   Thumb Code     8  rt_locale_intlibspace.o(.text)
    _printf_fp_infnan                        0x0800145d   Thumb Code   112  _printf_fp_infnan.o(.text)
    _btod_etento                             0x080014dd   Thumb Code   224  bigflt0.o(.text)
    exit                                     0x080015c1   Thumb Code    18  exit.o(.text)
    _sys_exit                                0x080015d5   Thumb Code     8  sys_exit.o(.text)
    __I$use$semihosting                      0x080015e1   Thumb Code     0  use_no_semi.o(.text)
    __use_no_semihosting_swi                 0x080015e1   Thumb Code     2  use_no_semi.o(.text)
    __semihosting_library_function           0x080015e3   Thumb Code     0  indicate_semi.o(.text)
    _btod_d2e                                0x080015e3   Thumb Code    62  btod.o(CL$$btod_d2e)
    _d2e_denorm_low                          0x08001621   Thumb Code    70  btod.o(CL$$btod_d2e_denorm_low)
    _d2e_norm_op1                            0x08001667   Thumb Code    96  btod.o(CL$$btod_d2e_norm_op1)
    __btod_div_common                        0x080016c7   Thumb Code   696  btod.o(CL$$btod_div_common)
    _e2e                                     0x080019ff   Thumb Code   220  btod.o(CL$$btod_e2e)
    _btod_ediv                               0x08001adb   Thumb Code    42  btod.o(CL$$btod_ediv)
    _btod_emul                               0x08001b05   Thumb Code    42  btod.o(CL$$btod_emul)
    __btod_mult_common                       0x08001b2f   Thumb Code   580  btod.o(CL$$btod_mult_common)
    ADC_ConversionStop_Disable               0x08001d75   Thumb Code    86  stm32f1xx_hal_adc.o(i.ADC_ConversionStop_Disable)
    ADC_Enable                               0x08001dcd   Thumb Code   114  stm32f1xx_hal_adc.o(i.ADC_Enable)
    ADraw_Pic                                0x08001e49   Thumb Code   542  freertos.o(i.ADraw_Pic)
    AKey                                     0x08002085   Thumb Code   466  freertos.o(i.AKey)
    AOLED_Clear                              0x08002265   Thumb Code    34  aoled.o(i.AOLED_Clear)
    AOLED_ClearArea                          0x0800228d   Thumb Code    86  aoled.o(i.AOLED_ClearArea)
    AOLED_GPIO_Init                          0x080022e9   Thumb Code    42  aoled.o(i.AOLED_GPIO_Init)
    AOLED_I2C_SendByte                       0x08002313   Thumb Code    58  aoled.o(i.AOLED_I2C_SendByte)
    AOLED_I2C_Start                          0x0800234d   Thumb Code    30  aoled.o(i.AOLED_I2C_Start)
    AOLED_I2C_Stop                           0x0800236b   Thumb Code    24  aoled.o(i.AOLED_I2C_Stop)
    AOLED_Init                               0x08002383   Thumb Code   156  aoled.o(i.AOLED_Init)
    AOLED_Printf                             0x0800241f   Thumb Code    42  aoled.o(i.AOLED_Printf)
    AOLED_SetCursor                          0x08002449   Thumb Code    34  aoled.o(i.AOLED_SetCursor)
    AOLED_ShowChar                           0x0800246d   Thumb Code    52  aoled.o(i.AOLED_ShowChar)
    AOLED_ShowImage                          0x080024a9   Thumb Code   182  aoled.o(i.AOLED_ShowImage)
    AOLED_ShowString                         0x08002565   Thumb Code   356  aoled.o(i.AOLED_ShowString)
    AOLED_Update                             0x080026d1   Thumb Code    34  aoled.o(i.AOLED_Update)
    AOLED_W_SCL                              0x080026f9   Thumb Code    18  aoled.o(i.AOLED_W_SCL)
    AOLED_W_SDA                              0x08002711   Thumb Code    18  aoled.o(i.AOLED_W_SDA)
    AOLED_WriteCommand                       0x08002729   Thumb Code    34  aoled.o(i.AOLED_WriteCommand)
    AOLED_WriteData                          0x0800274b   Thumb Code    48  aoled.o(i.AOLED_WriteData)
    BusFault_Handler                         0x0800277b   Thumb Code     2  stm32f1xx_it.o(i.BusFault_Handler)
    Buzzer_SetFrequency                      0x0800277d   Thumb Code    52  tim.o(i.Buzzer_SetFrequency)
    DebugMon_Handler                         0x080027b9   Thumb Code     2  stm32f1xx_it.o(i.DebugMon_Handler)
    DrawPic                                  0x080027bd   Thumb Code   538  freertos.o(i.DrawPic)
    Encoder_Get                              0x080029f5   Thumb Code    14  tim.o(i.Encoder_Get)
    Error_Handler                            0x08002a09   Thumb Code     4  main.o(i.Error_Handler)
    FLASH_PageErase                          0x08002a31   Thumb Code    28  stm32f1xx_hal_flash_ex.o(i.FLASH_PageErase)
    FLASH_WaitForLastOperation               0x08002acd   Thumb Code    80  stm32f1xx_hal_flash.o(i.FLASH_WaitForLastOperation)
    GetwakeupFlag                            0x08002b21   Thumb Code   184  freertos.o(i.GetwakeupFlag)
    HAL_ADC_ConfigChannel                    0x08002bed   Thumb Code   240  stm32f1xx_hal_adc.o(i.HAL_ADC_ConfigChannel)
    HAL_ADC_GetState                         0x08002ce9   Thumb Code     4  stm32f1xx_hal_adc.o(i.HAL_ADC_GetState)
    HAL_ADC_GetValue                         0x08002ced   Thumb Code     6  stm32f1xx_hal_adc.o(i.HAL_ADC_GetValue)
    HAL_ADC_Init                             0x08002cf5   Thumb Code   272  stm32f1xx_hal_adc.o(i.HAL_ADC_Init)
    HAL_ADC_MspInit                          0x08002e11   Thumb Code    76  adc.o(i.HAL_ADC_MspInit)
    HAL_ADC_PollForConversion                0x08002e69   Thumb Code   304  stm32f1xx_hal_adc.o(i.HAL_ADC_PollForConversion)
    HAL_ADC_Start                            0x08002fa5   Thumb Code   184  stm32f1xx_hal_adc.o(i.HAL_ADC_Start)
    HAL_DMA_Abort                            0x08003065   Thumb Code    70  stm32f1xx_hal_dma.o(i.HAL_DMA_Abort)
    HAL_DMA_Abort_IT                         0x080030ad   Thumb Code   148  stm32f1xx_hal_dma.o(i.HAL_DMA_Abort_IT)
    HAL_Delay                                0x08003145   Thumb Code    32  stm32f1xx_hal.o(i.HAL_Delay)
    HAL_FLASHEx_Erase                        0x08003169   Thumb Code   160  stm32f1xx_hal_flash_ex.o(i.HAL_FLASHEx_Erase)
    HAL_FLASH_Lock                           0x08003211   Thumb Code    14  stm32f1xx_hal_flash.o(i.HAL_FLASH_Lock)
    HAL_FLASH_Program                        0x08003225   Thumb Code   120  stm32f1xx_hal_flash.o(i.HAL_FLASH_Program)
    HAL_FLASH_Unlock                         0x080032a5   Thumb Code    28  stm32f1xx_hal_flash.o(i.HAL_FLASH_Unlock)
    HAL_GPIO_Init                            0x080032cd   Thumb Code   446  stm32f1xx_hal_gpio.o(i.HAL_GPIO_Init)
    HAL_GPIO_ReadPin                         0x080034ad   Thumb Code    10  stm32f1xx_hal_gpio.o(i.HAL_GPIO_ReadPin)
    HAL_GPIO_WritePin                        0x080034b7   Thumb Code    10  stm32f1xx_hal_gpio.o(i.HAL_GPIO_WritePin)
    HAL_GetTick                              0x080034c1   Thumb Code     6  stm32f1xx_hal.o(i.HAL_GetTick)
    HAL_IncTick                              0x080034cd   Thumb Code    12  stm32f1xx_hal.o(i.HAL_IncTick)
    HAL_Init                                 0x080034dd   Thumb Code    32  stm32f1xx_hal.o(i.HAL_Init)
    HAL_InitTick                             0x08003501   Thumb Code   132  stm32f1xx_hal_timebase_tim.o(i.HAL_InitTick)
    HAL_MspInit                              0x08003599   Thumb Code    62  stm32f1xx_hal_msp.o(i.HAL_MspInit)
    HAL_NVIC_EnableIRQ                       0x080035e1   Thumb Code    26  stm32f1xx_hal_cortex.o(i.HAL_NVIC_EnableIRQ)
    HAL_NVIC_SetPriority                     0x080035fd   Thumb Code    60  stm32f1xx_hal_cortex.o(i.HAL_NVIC_SetPriority)
    HAL_NVIC_SetPriorityGrouping             0x0800363d   Thumb Code    26  stm32f1xx_hal_cortex.o(i.HAL_NVIC_SetPriorityGrouping)
    HAL_RCCEx_GetPeriphCLKFreq               0x08003661   Thumb Code   148  stm32f1xx_hal_rcc_ex.o(i.HAL_RCCEx_GetPeriphCLKFreq)
    HAL_RCCEx_PeriphCLKConfig                0x08003705   Thumb Code   224  stm32f1xx_hal_rcc_ex.o(i.HAL_RCCEx_PeriphCLKConfig)
    HAL_RCC_ClockConfig                      0x080037f1   Thumb Code   280  stm32f1xx_hal_rcc.o(i.HAL_RCC_ClockConfig)
    HAL_RCC_GetClockConfig                   0x0800391d   Thumb Code    54  stm32f1xx_hal_rcc.o(i.HAL_RCC_GetClockConfig)
    HAL_RCC_GetPCLK1Freq                     0x0800395d   Thumb Code    20  stm32f1xx_hal_rcc.o(i.HAL_RCC_GetPCLK1Freq)
    HAL_RCC_GetPCLK2Freq                     0x0800397d   Thumb Code    20  stm32f1xx_hal_rcc.o(i.HAL_RCC_GetPCLK2Freq)
    HAL_RCC_GetSysClockFreq                  0x0800399d   Thumb Code    58  stm32f1xx_hal_rcc.o(i.HAL_RCC_GetSysClockFreq)
    HAL_RCC_OscConfig                        0x080039e9   Thumb Code   778  stm32f1xx_hal_rcc.o(i.HAL_RCC_OscConfig)
    HAL_TIMEx_BreakCallback                  0x08003d09   Thumb Code     2  stm32f1xx_hal_tim_ex.o(i.HAL_TIMEx_BreakCallback)
    HAL_TIMEx_CommutCallback                 0x08003d0b   Thumb Code     2  stm32f1xx_hal_tim_ex.o(i.HAL_TIMEx_CommutCallback)
    HAL_TIMEx_ConfigBreakDeadTime            0x08003d0d   Thumb Code    84  stm32f1xx_hal_tim_ex.o(i.HAL_TIMEx_ConfigBreakDeadTime)
    HAL_TIMEx_MasterConfigSynchronization    0x08003d61   Thumb Code    92  stm32f1xx_hal_tim_ex.o(i.HAL_TIMEx_MasterConfigSynchronization)
    HAL_TIM_Base_Init                        0x08003dc9   Thumb Code    90  stm32f1xx_hal_tim.o(i.HAL_TIM_Base_Init)
    HAL_TIM_Base_MspInit                     0x08003e23   Thumb Code     2  stm32f1xx_hal_tim.o(i.HAL_TIM_Base_MspInit)
    HAL_TIM_Base_Start_IT                    0x08003e25   Thumb Code    76  stm32f1xx_hal_tim.o(i.HAL_TIM_Base_Start_IT)
    HAL_TIM_Encoder_Init                     0x08003e7d   Thumb Code   164  stm32f1xx_hal_tim.o(i.HAL_TIM_Encoder_Init)
    HAL_TIM_Encoder_MspInit                  0x08003f21   Thumb Code    72  tim.o(i.HAL_TIM_Encoder_MspInit)
    HAL_TIM_Encoder_Start                    0x08003f75   Thumb Code   142  stm32f1xx_hal_tim.o(i.HAL_TIM_Encoder_Start)
    HAL_TIM_IC_CaptureCallback               0x08004003   Thumb Code     2  stm32f1xx_hal_tim.o(i.HAL_TIM_IC_CaptureCallback)
    HAL_TIM_IRQHandler                       0x08004005   Thumb Code   304  stm32f1xx_hal_tim.o(i.HAL_TIM_IRQHandler)
    HAL_TIM_MspPostInit                      0x08004135   Thumb Code    64  tim.o(i.HAL_TIM_MspPostInit)
    HAL_TIM_OC_DelayElapsedCallback          0x08004181   Thumb Code     2  stm32f1xx_hal_tim.o(i.HAL_TIM_OC_DelayElapsedCallback)
    HAL_TIM_PWM_ConfigChannel                0x08004183   Thumb Code   204  stm32f1xx_hal_tim.o(i.HAL_TIM_PWM_ConfigChannel)
    HAL_TIM_PWM_Init                         0x0800424f   Thumb Code    90  stm32f1xx_hal_tim.o(i.HAL_TIM_PWM_Init)
    HAL_TIM_PWM_MspInit                      0x080042a9   Thumb Code    30  tim.o(i.HAL_TIM_PWM_MspInit)
    HAL_TIM_PWM_PulseFinishedCallback        0x080042d1   Thumb Code     2  stm32f1xx_hal_tim.o(i.HAL_TIM_PWM_PulseFinishedCallback)
    HAL_TIM_PWM_Start                        0x080042d5   Thumb Code   144  stm32f1xx_hal_tim.o(i.HAL_TIM_PWM_Start)
    HAL_TIM_PeriodElapsedCallback            0x08004371   Thumb Code    14  main.o(i.HAL_TIM_PeriodElapsedCallback)
    HAL_TIM_TriggerCallback                  0x08004385   Thumb Code     2  stm32f1xx_hal_tim.o(i.HAL_TIM_TriggerCallback)
    HAL_UARTEx_RxEventCallback               0x08004387   Thumb Code     2  stm32f1xx_hal_uart.o(i.HAL_UARTEx_RxEventCallback)
    HAL_UART_ErrorCallback                   0x08004389   Thumb Code     2  stm32f1xx_hal_uart.o(i.HAL_UART_ErrorCallback)
    HAL_UART_IRQHandler                      0x0800438d   Thumb Code   616  stm32f1xx_hal_uart.o(i.HAL_UART_IRQHandler)
    HAL_UART_Init                            0x080045f9   Thumb Code   100  stm32f1xx_hal_uart.o(i.HAL_UART_Init)
    HAL_UART_MspInit                         0x0800465d   Thumb Code   270  usart.o(i.HAL_UART_MspInit)
    HAL_UART_Receive_IT                      0x08004785   Thumb Code    28  stm32f1xx_hal_uart.o(i.HAL_UART_Receive_IT)
    HAL_UART_RxCpltCallback                  0x080047a1   Thumb Code   214  usart.o(i.HAL_UART_RxCpltCallback)
    HAL_UART_Transmit                        0x08004899   Thumb Code   160  stm32f1xx_hal_uart.o(i.HAL_UART_Transmit)
    HAL_UART_TxCpltCallback                  0x08004939   Thumb Code     2  stm32f1xx_hal_uart.o(i.HAL_UART_TxCpltCallback)
    HardFault_Handler                        0x0800493b   Thumb Code     2  stm32f1xx_it.o(i.HardFault_Handler)
    JudgePlace                               0x0800493d   Thumb Code   108  freertos.o(i.JudgePlace)
    JudgeThorns                              0x080049ad   Thumb Code   176  freertos.o(i.JudgeThorns)
    Judgethrough                             0x08004a61   Thumb Code    82  freertos.o(i.Judgethrough)
    Judgewhowin                              0x08004ab5   Thumb Code   622  freertos.o(i.Judgewhowin)
    Key                                      0x08004dbd   Thumb Code   464  freertos.o(i.Key)
    LightSensor_GetValue                     0x08004f99   Thumb Code    40  adc.o(i.LightSensor_GetValue)
    LoadWinRecord                            0x08004fc5   Thumb Code     8  freertos.o(i.LoadWinRecord)
    MX_ADC1_Init                             0x08004fd1   Thumb Code    68  adc.o(i.MX_ADC1_Init)
    MX_FREERTOS_Init                         0x0800501d   Thumb Code   208  freertos.o(i.MX_FREERTOS_Init)
    MX_GPIO_Init                             0x080050f5   Thumb Code   118  gpio.o(i.MX_GPIO_Init)
    MX_TIM1_Init                             0x08005175   Thumb Code   152  tim.o(i.MX_TIM1_Init)
    MX_TIM3_Init                             0x08005215   Thumb Code    98  tim.o(i.MX_TIM3_Init)
    MX_USART1_UART_Init                      0x08005281   Thumb Code    48  usart.o(i.MX_USART1_UART_Init)
    MX_USART2_UART_Init                      0x080052b9   Thumb Code    48  usart.o(i.MX_USART2_UART_Init)
    MX_USART3_UART_Init                      0x080052f1   Thumb Code    48  usart.o(i.MX_USART3_UART_Init)
    MemManage_Handler                        0x08005329   Thumb Code     2  stm32f1xx_it.o(i.MemManage_Handler)
    NMI_Handler                              0x0800532b   Thumb Code     2  stm32f1xx_it.o(i.NMI_Handler)
    OLED_Clear                               0x0800532d   Thumb Code    34  oled.o(i.OLED_Clear)
    OLED_ClearArea                           0x08005355   Thumb Code    86  oled.o(i.OLED_ClearArea)
    OLED_GPIO_Init                           0x080053b1   Thumb Code    42  oled.o(i.OLED_GPIO_Init)
    OLED_I2C_SendByte                        0x080053db   Thumb Code    58  oled.o(i.OLED_I2C_SendByte)
    OLED_I2C_Start                           0x08005415   Thumb Code    30  oled.o(i.OLED_I2C_Start)
    OLED_I2C_Stop                            0x08005433   Thumb Code    24  oled.o(i.OLED_I2C_Stop)
    OLED_Init                                0x0800544b   Thumb Code   156  oled.o(i.OLED_Init)
    OLED_Printf                              0x080054e7   Thumb Code    42  oled.o(i.OLED_Printf)
    OLED_SetCursor                           0x08005511   Thumb Code    34  oled.o(i.OLED_SetCursor)
    OLED_ShowChar                            0x08005535   Thumb Code    52  oled.o(i.OLED_ShowChar)
    OLED_ShowImage                           0x08005571   Thumb Code   182  oled.o(i.OLED_ShowImage)
    OLED_ShowString                          0x0800562d   Thumb Code   356  oled.o(i.OLED_ShowString)
    OLED_Update                              0x08005799   Thumb Code    34  oled.o(i.OLED_Update)
    OLED_W_SCL                               0x080057c1   Thumb Code    16  oled.o(i.OLED_W_SCL)
    OLED_W_SDA                               0x080057d5   Thumb Code    16  oled.o(i.OLED_W_SDA)
    OLED_WriteCommand                        0x080057e9   Thumb Code    34  oled.o(i.OLED_WriteCommand)
    OLED_WriteData                           0x0800580b   Thumb Code    48  oled.o(i.OLED_WriteData)
    Playmusic                                0x0800583d   Thumb Code    80  freertos.o(i.Playmusic)
    SaveWinRecord                            0x08005895   Thumb Code    64  freertos.o(i.SaveWinRecord)
    SysTick_Handler                          0x080058d9   Thumb Code    38  port.o(i.SysTick_Handler)
    SystemClock_Config                       0x08005905   Thumb Code   120  main.o(i.SystemClock_Config)
    SystemInit                               0x0800597d   Thumb Code     2  system_stm32f1xx.o(i.SystemInit)
    TIM4_IRQHandler                          0x08005981   Thumb Code     6  stm32f1xx_it.o(i.TIM4_IRQHandler)
    TIM_Base_SetConfig                       0x0800598d   Thumb Code   108  stm32f1xx_hal_tim.o(i.TIM_Base_SetConfig)
    TIM_CCxChannelCmd                        0x08005a05   Thumb Code    26  stm32f1xx_hal_tim.o(i.TIM_CCxChannelCmd)
    TIM_OC2_SetConfig                        0x08005a71   Thumb Code    84  stm32f1xx_hal_tim.o(i.TIM_OC2_SetConfig)
    UART_Start_Receive_IT                    0x08005d3d   Thumb Code    54  stm32f1xx_hal_uart.o(i.UART_Start_Receive_IT)
    USART1_IRQHandler                        0x08005de5   Thumb Code     6  stm32f1xx_it.o(i.USART1_IRQHandler)
    USART3_IRQHandler                        0x08005df1   Thumb Code     6  stm32f1xx_it.o(i.USART3_IRQHandler)
    UsageFault_Handler                       0x08005dfd   Thumb Code     2  stm32f1xx_it.o(i.UsageFault_Handler)
    Wifi_SendData                            0x08005e01   Thumb Code    82  wifi.o(i.Wifi_SendData)
    __ARM_fpclassify                         0x08005e95   Thumb Code    40  fpclassify.o(i.__ARM_fpclassify)
    _is_digit                                0x08005edd   Thumb Code    14  __printf_wp.o(i._is_digit)
    main                                     0x08005eed   Thumb Code   486  main.o(i.main)
    osDelay                                  0x08006159   Thumb Code    14  cmsis_os.o(i.osDelay)
    osKernelStart                            0x08006167   Thumb Code    10  cmsis_os.o(i.osKernelStart)
    osThreadCreate                           0x08006171   Thumb Code    84  cmsis_os.o(i.osThreadCreate)
    pvPortMalloc                             0x08006659   Thumb Code   216  heap_4.o(i.pvPortMalloc)
    pvTaskIncrementMutexHeldCount            0x08006735   Thumb Code    18  tasks.o(i.pvTaskIncrementMutexHeldCount)
    pxPortInitialiseStack                    0x0800674d   Thumb Code    32  port.o(i.pxPortInitialiseStack)
    uart_print                               0x08006771   Thumb Code    60  usart.o(i.uart_print)
    uxListRemove                             0x080067ad   Thumb Code    38  list.o(i.uxListRemove)
    vApplicationGetIdleTaskMemory            0x080067d5   Thumb Code    16  freertos.o(i.vApplicationGetIdleTaskMemory)
    vListInitialise                          0x080067e9   Thumb Code    22  list.o(i.vListInitialise)
    vListInitialiseItem                      0x080067ff   Thumb Code     6  list.o(i.vListInitialiseItem)
    vListInsert                              0x08006805   Thumb Code    48  list.o(i.vListInsert)
    vListInsertEnd                           0x08006835   Thumb Code    24  list.o(i.vListInsertEnd)
    vPortEnterCritical                       0x0800684d   Thumb Code    54  port.o(i.vPortEnterCritical)
    vPortExitCritical                        0x0800688d   Thumb Code    34  port.o(i.vPortExitCritical)
    vPortFree                                0x080068b5   Thumb Code    94  heap_4.o(i.vPortFree)
    vPortSetupTimerInterrupt                 0x08006919   Thumb Code    32  port.o(i.vPortSetupTimerInterrupt)
    vPortValidateInterruptPriority           0x0800693d   Thumb Code    74  port.o(i.vPortValidateInterruptPriority)
    vTaskDelay                               0x08006991   Thumb Code    66  tasks.o(i.vTaskDelay)
    vTaskInternalSetTimeOutState             0x080069dd   Thumb Code    12  tasks.o(i.vTaskInternalSetTimeOutState)
    vTaskMissedYield                         0x080069ed   Thumb Code     8  tasks.o(i.vTaskMissedYield)
    vTaskPlaceOnEventList                    0x080069f9   Thumb Code    44  tasks.o(i.vTaskPlaceOnEventList)
    vTaskPriorityDisinheritAfterTimeout      0x08006a29   Thumb Code   152  tasks.o(i.vTaskPriorityDisinheritAfterTimeout)
    vTaskStartScheduler                      0x08006ac9   Thumb Code    90  tasks.o(i.vTaskStartScheduler)
    vTaskSuspendAll                          0x08006b35   Thumb Code    10  tasks.o(i.vTaskSuspendAll)
    vTaskSwitchContext                       0x08006b45   Thumb Code    82  tasks.o(i.vTaskSwitchContext)
    xPortStartScheduler                      0x08006ba1   Thumb Code   154  port.o(i.xPortStartScheduler)
    xQueueCreateMutex                        0x08006c49   Thumb Code    22  queue.o(i.xQueueCreateMutex)
    xQueueGenericCreate                      0x08006c5f   Thumb Code    66  queue.o(i.xQueueGenericCreate)
    xQueueGenericReset                       0x08006ca1   Thumb Code   132  queue.o(i.xQueueGenericReset)
    xQueueGenericSend                        0x08006d29   Thumb Code   346  queue.o(i.xQueueGenericSend)
    xQueueGenericSendFromISR                 0x08006e89   Thumb Code   190  queue.o(i.xQueueGenericSendFromISR)
    xQueueReceive                            0x08006f49   Thumb Code   308  queue.o(i.xQueueReceive)
    xQueueSemaphoreTake                      0x08007081   Thumb Code   372  queue.o(i.xQueueSemaphoreTake)
    xTaskCheckForTimeOut                     0x080071f9   Thumb Code   112  tasks.o(i.xTaskCheckForTimeOut)
    xTaskCreate                              0x0800726d   Thumb Code    90  tasks.o(i.xTaskCreate)
    xTaskCreateStatic                        0x080072c7   Thumb Code    86  tasks.o(i.xTaskCreateStatic)
    xTaskGetSchedulerState                   0x0800731d   Thumb Code    22  tasks.o(i.xTaskGetSchedulerState)
    xTaskIncrementTick                       0x08007339   Thumb Code   194  tasks.o(i.xTaskIncrementTick)
    xTaskPriorityDisinherit                  0x08007405   Thumb Code   144  tasks.o(i.xTaskPriorityDisinherit)
    xTaskPriorityInherit                     0x0800749d   Thumb Code   130  tasks.o(i.xTaskPriorityInherit)
    xTaskRemoveFromEventList                 0x08007529   Thumb Code   108  tasks.o(i.xTaskRemoveFromEventList)
    xTaskResumeAll                           0x0800759d   Thumb Code   182  tasks.o(i.xTaskResumeAll)
    _get_lc_numeric                          0x08007661   Thumb Code    44  lc_numeric_c.o(locale$$code)
    _get_lc_ctype                            0x0800768d   Thumb Code    44  lc_ctype_c.o(locale$$code)
    _printf_fp_dec                           0x080076b9   Thumb Code     4  printf1.o(x$fpl$printf1)
    _printf_fp_hex                           0x080076bd   Thumb Code     4  printf2.o(x$fpl$printf2)
    OLED_F8x16                               0x080076c0   Data        1520  oled_data.o(.constdata)
    __I$use$fp                               0x080076c0   Number         0  usenofp.o(x$fpl$usenofp)
    OLED_F6x8                                0x08007cb0   Data         570  oled_data.o(.constdata)
    OLED_CF16x16                             0x08007eea   Data         259  oled_data.o(.constdata)
    people1                                  0x08007fed   Data          32  oled_data.o(.constdata)
    people2                                  0x0800800d   Data          32  oled_data.o(.constdata)
    thorn                                    0x0800802d   Data           4  oled_data.o(.constdata)
    platform                                 0x08008031   Data          32  oled_data.o(.constdata)
    Door                                     0x08008051   Data           8  oled_data.o(.constdata)
    AHBPrescTable                            0x08008144   Data          16  system_stm32f1xx.o(.constdata)
    APBPrescTable                            0x08008154   Data           8  system_stm32f1xx.o(.constdata)
    Region$$Table$$Base                      0x080084b4   Number         0  anon$$obj.o(Region$$Table)
    Region$$Table$$Limit                     0x080084d4   Number         0  anon$$obj.o(Region$$Table)
    __ctype                                  0x080084fd   Data           0  lc_ctype_c.o(locale$$data)
    Nowwakeup_Time                           0x20000000   Data           4  main.o(.data)
    Lastwakeup_Time                          0x20000004   Data           4  main.o(.data)
    ChoseDoneFlag                            0x20000008   Data           1  main.o(.data)
    AChoseDoneFlag                           0x20000009   Data           1  main.o(.data)
    people1X                                 0x2000000c   Data           1  freertos.o(.data)
    people1Y                                 0x2000000d   Data           1  freertos.o(.data)
    people2X                                 0x2000000e   Data           1  freertos.o(.data)
    people2Y                                 0x2000000f   Data           1  freertos.o(.data)
    temp                                     0x20000010   Data           1  freertos.o(.data)
    Atemp                                    0x20000011   Data           1  freertos.o(.data)
    gameover                                 0x20000012   Data           1  freertos.o(.data)
    Agameover                                0x20000013   Data           1  freertos.o(.data)
    State                                    0x20000014   Data           1  freertos.o(.data)
    Whowin                                   0x20000017   Data           1  freertos.o(.data)
    wakeup_flag                              0x20000018   Data           1  freertos.o(.data)
    PWM                                      0x2000001a   Data           2  freertos.o(.data)
    thorns1                                  0x2000001c   Data           4  freertos.o(.data)
    thorns4                                  0x20000020   Data           4  freertos.o(.data)
    AKeyQueue                                0x20000024   Data           4  freertos.o(.data)
    KeyQueue                                 0x20000028   Data           4  freertos.o(.data)
    P1Mutex                                  0x2000002c   Data           4  freertos.o(.data)
    P2Mutex                                  0x20000030   Data           4  freertos.o(.data)
    HP                                       0x20000034   Data           4  freertos.o(.data)
    AHP                                      0x20000038   Data           4  freertos.o(.data)
    lasttick                                 0x2000003c   Data           4  freertos.o(.data)
    nowtick                                  0x20000040   Data           4  freertos.o(.data)
    Alasttick                                0x20000044   Data           4  freertos.o(.data)
    Anowtick                                 0x20000048   Data           4  freertos.o(.data)
    moveplatform                             0x2000004c   Data           4  freertos.o(.data)
    Amoveplatform                            0x20000050   Data           4  freertos.o(.data)
    winround                                 0x20000054   Data           4  freertos.o(.data)
    Awinround                                0x20000058   Data           4  freertos.o(.data)
    Buffer                                   0x2000005c   Data           4  freertos.o(.data)
    ABuffer                                  0x20000060   Data           4  freertos.o(.data)
    OLED_DrawHandle                          0x20000064   Data           4  freertos.o(.data)
    KeyTaskHandle                            0x20000068   Data           4  freertos.o(.data)
    AOLED_DrawHandle                         0x2000006c   Data           4  freertos.o(.data)
    AKeyTaskHandle                           0x20000070   Data           4  freertos.o(.data)
    JudgeWinHandle                           0x20000074   Data           4  freertos.o(.data)
    BuzzerPlayHandle                         0x20000078   Data           4  freertos.o(.data)
    WakeUpHandle                             0x2000007c   Data           4  freertos.o(.data)
    thorns5                                  0x20000080   Data           8  freertos.o(.data)
    platforms1                               0x20000088   Data          24  freertos.o(.data)
    platforms2                               0x200000a0   Data          20  freertos.o(.data)
    platforms3                               0x200000b4   Data          24  freertos.o(.data)
    platforms4                               0x200000cc   Data          20  freertos.o(.data)
    platforms5                               0x200000e0   Data          16  freertos.o(.data)
    uwTickFreq                               0x200000f0   Data           1  stm32f1xx_hal.o(.data)
    uwTickPrio                               0x200000f4   Data           4  stm32f1xx_hal.o(.data)
    uwTick                                   0x200000f8   Data           4  stm32f1xx_hal.o(.data)
    SystemCoreClock                          0x200000fc   Data           4  system_stm32f1xx.o(.data)
    pxCurrentTCB                             0x20000100   Data           4  tasks.o(.data)
    OLED_DisplayBuf                          0x20000168   Data        1024  oled.o(.bss)
    AOLED_DisplayBuf                         0x20000568   Data        1024  aoled.o(.bss)
    Player1                                  0x20000968   Data          32  main.o(.bss)
    Player2                                  0x20000988   Data          32  main.o(.bss)
    hadc1                                    0x20000bfc   Data          48  adc.o(.bss)
    htim1                                    0x20000c2c   Data          72  tim.o(.bss)
    htim3                                    0x20000c74   Data          72  tim.o(.bss)
    huart1                                   0x20000cbc   Data          72  usart.o(.bss)
    huart2                                   0x20000d04   Data          72  usart.o(.bss)
    huart3                                   0x20000d4c   Data          72  usart.o(.bss)
    htim4                                    0x20000d94   Data          72  stm32f1xx_hal_timebase_tim.o(.bss)
    pFlash                                   0x20000de0   Data          32  stm32f1xx_hal_flash.o(.bss)
    __libspace_start                         0x20002750   Data          96  libspace.o(.bss)
    __temporary_stack_top$libspace           0x200027b0   Data           0  libspace.o(.bss)



==============================================================================

Memory Map of the image

  Image Entry point : 0x080000ed

  Load Region LR_IROM1 (Base: 0x08000000, Size: 0x00008768, Max: 0x00010000, ABSOLUTE, COMPRESSED[0x00008674])

    Execution Region ER_IROM1 (Exec base: 0x08000000, Load base: 0x08000000, Size: 0x00008600, Max: 0x00010000, ABSOLUTE)

    Exec Addr    Load Addr    Size         Type   Attr      Idx    E Section Name        Object

    0x08000000   0x08000000   0x000000ec   Data   RO            3    RESET               startup_stm32f103xb.o
    0x080000ec   0x080000ec   0x00000008   Code   RO         5344  * !!!main             c_w.l(__main.o)
    0x080000f4   0x080000f4   0x00000034   Code   RO         5775    !!!scatter          c_w.l(__scatter.o)
    0x08000128   0x08000128   0x0000005a   Code   RO         5773    !!dczerorl2         c_w.l(__dczerorl2.o)
    0x08000182   0x08000182   0x00000002   PAD
    0x08000184   0x08000184   0x0000001c   Code   RO         5777    !!handler_zi        c_w.l(__scatter_zi.o)
    0x080001a0   0x080001a0   0x00000000   Code   RO         5484    .ARM.Collect$$_printf_percent$$00000000  c_w.l(_printf_percent.o)
    0x080001a0   0x080001a0   0x00000006   Code   RO         5473    .ARM.Collect$$_printf_percent$$00000001  c_w.l(_printf_n.o)
    0x080001a6   0x080001a6   0x00000006   Code   RO         5475    .ARM.Collect$$_printf_percent$$00000002  c_w.l(_printf_p.o)
    0x080001ac   0x080001ac   0x00000006   Code   RO         5480    .ARM.Collect$$_printf_percent$$00000003  c_w.l(_printf_f.o)
    0x080001b2   0x080001b2   0x00000006   Code   RO         5481    .ARM.Collect$$_printf_percent$$00000004  c_w.l(_printf_e.o)
    0x080001b8   0x080001b8   0x00000006   Code   RO         5482    .ARM.Collect$$_printf_percent$$00000005  c_w.l(_printf_g.o)
    0x080001be   0x080001be   0x00000006   Code   RO         5483    .ARM.Collect$$_printf_percent$$00000006  c_w.l(_printf_a.o)
    0x080001c4   0x080001c4   0x0000000a   Code   RO         5488    .ARM.Collect$$_printf_percent$$00000007  c_w.l(_printf_ll.o)
    0x080001ce   0x080001ce   0x00000006   Code   RO         5477    .ARM.Collect$$_printf_percent$$00000008  c_w.l(_printf_i.o)
    0x080001d4   0x080001d4   0x00000006   Code   RO         5478    .ARM.Collect$$_printf_percent$$00000009  c_w.l(_printf_d.o)
    0x080001da   0x080001da   0x00000006   Code   RO         5479    .ARM.Collect$$_printf_percent$$0000000A  c_w.l(_printf_u.o)
    0x080001e0   0x080001e0   0x00000006   Code   RO         5476    .ARM.Collect$$_printf_percent$$0000000B  c_w.l(_printf_o.o)
    0x080001e6   0x080001e6   0x00000006   Code   RO         5474    .ARM.Collect$$_printf_percent$$0000000C  c_w.l(_printf_x.o)
    0x080001ec   0x080001ec   0x00000006   Code   RO         5485    .ARM.Collect$$_printf_percent$$0000000D  c_w.l(_printf_lli.o)
    0x080001f2   0x080001f2   0x00000006   Code   RO         5486    .ARM.Collect$$_printf_percent$$0000000E  c_w.l(_printf_lld.o)
    0x080001f8   0x080001f8   0x00000006   Code   RO         5487    .ARM.Collect$$_printf_percent$$0000000F  c_w.l(_printf_llu.o)
    0x080001fe   0x080001fe   0x00000006   Code   RO         5492    .ARM.Collect$$_printf_percent$$00000010  c_w.l(_printf_llo.o)
    0x08000204   0x08000204   0x00000006   Code   RO         5493    .ARM.Collect$$_printf_percent$$00000011  c_w.l(_printf_llx.o)
    0x0800020a   0x0800020a   0x0000000a   Code   RO         5489    .ARM.Collect$$_printf_percent$$00000012  c_w.l(_printf_l.o)
    0x08000214   0x08000214   0x00000006   Code   RO         5471    .ARM.Collect$$_printf_percent$$00000013  c_w.l(_printf_c.o)
    0x0800021a   0x0800021a   0x00000006   Code   RO         5472    .ARM.Collect$$_printf_percent$$00000014  c_w.l(_printf_s.o)
    0x08000220   0x08000220   0x00000006   Code   RO         5490    .ARM.Collect$$_printf_percent$$00000015  c_w.l(_printf_lc.o)
    0x08000226   0x08000226   0x00000006   Code   RO         5491    .ARM.Collect$$_printf_percent$$00000016  c_w.l(_printf_ls.o)
    0x0800022c   0x0800022c   0x00000004   Code   RO         5577    .ARM.Collect$$_printf_percent$$00000017  c_w.l(_printf_percent_end.o)
    0x08000230   0x08000230   0x00000002   Code   RO         5635    .ARM.Collect$$libinit$$00000000  c_w.l(libinit.o)
    0x08000232   0x08000232   0x00000000   Code   RO         5646    .ARM.Collect$$libinit$$00000002  c_w.l(libinit2.o)
    0x08000232   0x08000232   0x00000000   Code   RO         5648    .ARM.Collect$$libinit$$00000004  c_w.l(libinit2.o)
    0x08000232   0x08000232   0x00000000   Code   RO         5651    .ARM.Collect$$libinit$$0000000A  c_w.l(libinit2.o)
    0x08000232   0x08000232   0x00000000   Code   RO         5653    .ARM.Collect$$libinit$$0000000C  c_w.l(libinit2.o)
    0x08000232   0x08000232   0x00000000   Code   RO         5655    .ARM.Collect$$libinit$$0000000E  c_w.l(libinit2.o)
    0x08000232   0x08000232   0x00000006   Code   RO         5656    .ARM.Collect$$libinit$$0000000F  c_w.l(libinit2.o)
    0x08000238   0x08000238   0x00000000   Code   RO         5658    .ARM.Collect$$libinit$$00000011  c_w.l(libinit2.o)
    0x08000238   0x08000238   0x0000000c   Code   RO         5659    .ARM.Collect$$libinit$$00000012  c_w.l(libinit2.o)
    0x08000244   0x08000244   0x00000000   Code   RO         5660    .ARM.Collect$$libinit$$00000013  c_w.l(libinit2.o)
    0x08000244   0x08000244   0x00000000   Code   RO         5662    .ARM.Collect$$libinit$$00000015  c_w.l(libinit2.o)
    0x08000244   0x08000244   0x0000000a   Code   RO         5663    .ARM.Collect$$libinit$$00000016  c_w.l(libinit2.o)
    0x0800024e   0x0800024e   0x00000000   Code   RO         5664    .ARM.Collect$$libinit$$00000017  c_w.l(libinit2.o)
    0x0800024e   0x0800024e   0x00000000   Code   RO         5666    .ARM.Collect$$libinit$$00000019  c_w.l(libinit2.o)
    0x0800024e   0x0800024e   0x00000000   Code   RO         5668    .ARM.Collect$$libinit$$0000001B  c_w.l(libinit2.o)
    0x0800024e   0x0800024e   0x00000000   Code   RO         5670    .ARM.Collect$$libinit$$0000001D  c_w.l(libinit2.o)
    0x0800024e   0x0800024e   0x00000000   Code   RO         5672    .ARM.Collect$$libinit$$0000001F  c_w.l(libinit2.o)
    0x0800024e   0x0800024e   0x00000000   Code   RO         5674    .ARM.Collect$$libinit$$00000021  c_w.l(libinit2.o)
    0x0800024e   0x0800024e   0x00000000   Code   RO         5676    .ARM.Collect$$libinit$$00000023  c_w.l(libinit2.o)
    0x0800024e   0x0800024e   0x00000000   Code   RO         5678    .ARM.Collect$$libinit$$00000025  c_w.l(libinit2.o)
    0x0800024e   0x0800024e   0x00000000   Code   RO         5682    .ARM.Collect$$libinit$$0000002C  c_w.l(libinit2.o)
    0x0800024e   0x0800024e   0x00000000   Code   RO         5684    .ARM.Collect$$libinit$$0000002E  c_w.l(libinit2.o)
    0x0800024e   0x0800024e   0x00000000   Code   RO         5686    .ARM.Collect$$libinit$$00000030  c_w.l(libinit2.o)
    0x0800024e   0x0800024e   0x00000000   Code   RO         5688    .ARM.Collect$$libinit$$00000032  c_w.l(libinit2.o)
    0x0800024e   0x0800024e   0x00000002   Code   RO         5689    .ARM.Collect$$libinit$$00000033  c_w.l(libinit2.o)
    0x08000250   0x08000250   0x00000002   Code   RO         5713    .ARM.Collect$$libshutdown$$00000000  c_w.l(libshutdown.o)
    0x08000252   0x08000252   0x00000000   Code   RO         5726    .ARM.Collect$$libshutdown$$00000002  c_w.l(libshutdown2.o)
    0x08000252   0x08000252   0x00000000   Code   RO         5728    .ARM.Collect$$libshutdown$$00000004  c_w.l(libshutdown2.o)
    0x08000252   0x08000252   0x00000000   Code   RO         5731    .ARM.Collect$$libshutdown$$00000007  c_w.l(libshutdown2.o)
    0x08000252   0x08000252   0x00000000   Code   RO         5734    .ARM.Collect$$libshutdown$$0000000A  c_w.l(libshutdown2.o)
    0x08000252   0x08000252   0x00000000   Code   RO         5736    .ARM.Collect$$libshutdown$$0000000C  c_w.l(libshutdown2.o)
    0x08000252   0x08000252   0x00000000   Code   RO         5739    .ARM.Collect$$libshutdown$$0000000F  c_w.l(libshutdown2.o)
    0x08000252   0x08000252   0x00000002   Code   RO         5740    .ARM.Collect$$libshutdown$$00000010  c_w.l(libshutdown2.o)
    0x08000254   0x08000254   0x00000000   Code   RO         5400    .ARM.Collect$$rtentry$$00000000  c_w.l(__rtentry.o)
    0x08000254   0x08000254   0x00000000   Code   RO         5543    .ARM.Collect$$rtentry$$00000002  c_w.l(__rtentry2.o)
    0x08000254   0x08000254   0x00000006   Code   RO         5555    .ARM.Collect$$rtentry$$00000004  c_w.l(__rtentry4.o)
    0x0800025a   0x0800025a   0x00000000   Code   RO         5545    .ARM.Collect$$rtentry$$00000009  c_w.l(__rtentry2.o)
    0x0800025a   0x0800025a   0x00000004   Code   RO         5546    .ARM.Collect$$rtentry$$0000000A  c_w.l(__rtentry2.o)
    0x0800025e   0x0800025e   0x00000000   Code   RO         5548    .ARM.Collect$$rtentry$$0000000C  c_w.l(__rtentry2.o)
    0x0800025e   0x0800025e   0x00000008   Code   RO         5549    .ARM.Collect$$rtentry$$0000000D  c_w.l(__rtentry2.o)
    0x08000266   0x08000266   0x00000002   Code   RO         5640    .ARM.Collect$$rtexit$$00000000  c_w.l(rtexit.o)
    0x08000268   0x08000268   0x00000000   Code   RO         5693    .ARM.Collect$$rtexit$$00000002  c_w.l(rtexit2.o)
    0x08000268   0x08000268   0x00000004   Code   RO         5694    .ARM.Collect$$rtexit$$00000003  c_w.l(rtexit2.o)
    0x0800026c   0x0800026c   0x00000006   Code   RO         5695    .ARM.Collect$$rtexit$$00000004  c_w.l(rtexit2.o)
    0x08000272   0x08000272   0x00000002   PAD
    0x08000274   0x08000274   0x00000096   Code   RO         5247    .emb_text           port.o
    0x0800030a   0x0800030a   0x00000002   PAD
    0x0800030c   0x0800030c   0x00000040   Code   RO            4    .text               startup_stm32f103xb.o
    0x0800034c   0x0800034c   0x00000026   Code   RO         5326    .text               c_w.l(llushr.o)
    0x08000372   0x08000372   0x00000002   PAD
    0x08000374   0x08000374   0x00000024   Code   RO         5328    .text               c_w.l(vsprintf.o)
    0x08000398   0x08000398   0x0000003e   Code   RO         5330    .text               c_w.l(strlen.o)
    0x080003d6   0x080003d6   0x0000008a   Code   RO         5332    .text               c_w.l(rt_memcpy_v6.o)
    0x08000460   0x08000460   0x00000064   Code   RO         5334    .text               c_w.l(rt_memcpy_w.o)
    0x080004c4   0x080004c4   0x0000004e   Code   RO         5338    .text               c_w.l(rt_memclr_w.o)
    0x08000512   0x08000512   0x00000002   PAD
    0x08000514   0x08000514   0x00000080   Code   RO         5340    .text               c_w.l(strcmpv7m.o)
    0x08000594   0x08000594   0x00000006   Code   RO         5342    .text               c_w.l(heapauxi.o)
    0x0800059a   0x0800059a   0x0000004e   Code   RO         5405    .text               c_w.l(_printf_pad.o)
    0x080005e8   0x080005e8   0x00000024   Code   RO         5407    .text               c_w.l(_printf_truncate.o)
    0x0800060c   0x0800060c   0x00000052   Code   RO         5409    .text               c_w.l(_printf_str.o)
    0x0800065e   0x0800065e   0x00000002   PAD
    0x08000660   0x08000660   0x00000078   Code   RO         5411    .text               c_w.l(_printf_dec.o)
    0x080006d8   0x080006d8   0x00000028   Code   RO         5413    .text               c_w.l(_printf_charcount.o)
    0x08000700   0x08000700   0x00000030   Code   RO         5415    .text               c_w.l(_printf_char_common.o)
    0x08000730   0x08000730   0x0000000a   Code   RO         5417    .text               c_w.l(_sputc.o)
    0x0800073a   0x0800073a   0x00000002   PAD
    0x0800073c   0x0800073c   0x000000bc   Code   RO         5419    .text               c_w.l(_printf_wctomb.o)
    0x080007f8   0x080007f8   0x0000007c   Code   RO         5422    .text               c_w.l(_printf_longlong_dec.o)
    0x08000874   0x08000874   0x00000070   Code   RO         5428    .text               c_w.l(_printf_oct_int_ll.o)
    0x080008e4   0x080008e4   0x00000094   Code   RO         5448    .text               c_w.l(_printf_hex_int_ll_ptr.o)
    0x08000978   0x08000978   0x00000188   Code   RO         5468    .text               c_w.l(__printf_flags_ss_wp.o)
    0x08000b00   0x08000b00   0x0000008a   Code   RO         5562    .text               c_w.l(lludiv10.o)
    0x08000b8a   0x08000b8a   0x000000b2   Code   RO         5564    .text               c_w.l(_printf_intcommon.o)
    0x08000c3c   0x08000c3c   0x0000041e   Code   RO         5566    .text               c_w.l(_printf_fp_dec.o)
    0x0800105a   0x0800105a   0x00000002   PAD
    0x0800105c   0x0800105c   0x000002fc   Code   RO         5568    .text               c_w.l(_printf_fp_hex.o)
    0x08001358   0x08001358   0x0000002c   Code   RO         5573    .text               c_w.l(_printf_char.o)
    0x08001384   0x08001384   0x0000002c   Code   RO         5575    .text               c_w.l(_printf_wchar.o)
    0x080013b0   0x080013b0   0x00000040   Code   RO         5578    .text               c_w.l(_wcrtomb.o)
    0x080013f0   0x080013f0   0x00000008   Code   RO         5586    .text               c_w.l(libspace.o)
    0x080013f8   0x080013f8   0x0000004a   Code   RO         5589    .text               c_w.l(sys_stackheap_outer.o)
    0x08001442   0x08001442   0x00000002   PAD
    0x08001444   0x08001444   0x00000010   Code   RO         5591    .text               c_w.l(rt_ctype_table.o)
    0x08001454   0x08001454   0x00000008   Code   RO         5596    .text               c_w.l(rt_locale_intlibspace.o)
    0x0800145c   0x0800145c   0x00000080   Code   RO         5598    .text               c_w.l(_printf_fp_infnan.o)
    0x080014dc   0x080014dc   0x000000e4   Code   RO         5600    .text               c_w.l(bigflt0.o)
    0x080015c0   0x080015c0   0x00000012   Code   RO         5628    .text               c_w.l(exit.o)
    0x080015d2   0x080015d2   0x00000002   PAD
    0x080015d4   0x080015d4   0x0000000c   Code   RO         5705    .text               c_w.l(sys_exit.o)
    0x080015e0   0x080015e0   0x00000002   Code   RO         5716    .text               c_w.l(use_no_semi.o)
    0x080015e2   0x080015e2   0x00000000   Code   RO         5718    .text               c_w.l(indicate_semi.o)
    0x080015e2   0x080015e2   0x0000003e   Code   RO         5603    CL$$btod_d2e        c_w.l(btod.o)
    0x08001620   0x08001620   0x00000046   Code   RO         5605    CL$$btod_d2e_denorm_low  c_w.l(btod.o)
    0x08001666   0x08001666   0x00000060   Code   RO         5604    CL$$btod_d2e_norm_op1  c_w.l(btod.o)
    0x080016c6   0x080016c6   0x00000338   Code   RO         5613    CL$$btod_div_common  c_w.l(btod.o)
    0x080019fe   0x080019fe   0x000000dc   Code   RO         5610    CL$$btod_e2e        c_w.l(btod.o)
    0x08001ada   0x08001ada   0x0000002a   Code   RO         5607    CL$$btod_ediv       c_w.l(btod.o)
    0x08001b04   0x08001b04   0x0000002a   Code   RO         5606    CL$$btod_emul       c_w.l(btod.o)
    0x08001b2e   0x08001b2e   0x00000244   Code   RO         5612    CL$$btod_mult_common  c_w.l(btod.o)
    0x08001d72   0x08001d72   0x00000002   PAD
    0x08001d74   0x08001d74   0x00000056   Code   RO         1366    i.ADC_ConversionStop_Disable  stm32f1xx_hal_adc.o
    0x08001dca   0x08001dca   0x00000002   PAD
    0x08001dcc   0x08001dcc   0x0000007c   Code   RO         1370    i.ADC_Enable        stm32f1xx_hal_adc.o
    0x08001e48   0x08001e48   0x0000023c   Code   RO          869    i.ADraw_Pic         freertos.o
    0x08002084   0x08002084   0x000001e0   Code   RO          870    i.AKey              freertos.o
    0x08002264   0x08002264   0x00000028   Code   RO          379    i.AOLED_Clear       aoled.o
    0x0800228c   0x0800228c   0x0000005c   Code   RO          380    i.AOLED_ClearArea   aoled.o
    0x080022e8   0x080022e8   0x0000002a   Code   RO          388    i.AOLED_GPIO_Init   aoled.o
    0x08002312   0x08002312   0x0000003a   Code   RO          390    i.AOLED_I2C_SendByte  aoled.o
    0x0800234c   0x0800234c   0x0000001e   Code   RO          391    i.AOLED_I2C_Start   aoled.o
    0x0800236a   0x0800236a   0x00000018   Code   RO          392    i.AOLED_I2C_Stop    aoled.o
    0x08002382   0x08002382   0x0000009c   Code   RO          393    i.AOLED_Init        aoled.o
    0x0800241e   0x0800241e   0x0000002a   Code   RO          396    i.AOLED_Printf      aoled.o
    0x08002448   0x08002448   0x00000022   Code   RO          399    i.AOLED_SetCursor   aoled.o
    0x0800246a   0x0800246a   0x00000002   PAD
    0x0800246c   0x0800246c   0x0000003c   Code   RO          401    i.AOLED_ShowChar    aoled.o
    0x080024a8   0x080024a8   0x000000bc   Code   RO          404    i.AOLED_ShowImage   aoled.o
    0x08002564   0x08002564   0x0000016c   Code   RO          407    i.AOLED_ShowString  aoled.o
    0x080026d0   0x080026d0   0x00000028   Code   RO          408    i.AOLED_Update      aoled.o
    0x080026f8   0x080026f8   0x00000018   Code   RO          410    i.AOLED_W_SCL       aoled.o
    0x08002710   0x08002710   0x00000018   Code   RO          411    i.AOLED_W_SDA       aoled.o
    0x08002728   0x08002728   0x00000022   Code   RO          412    i.AOLED_WriteCommand  aoled.o
    0x0800274a   0x0800274a   0x00000030   Code   RO          413    i.AOLED_WriteData   aoled.o
    0x0800277a   0x0800277a   0x00000002   Code   RO         1191    i.BusFault_Handler  stm32f1xx_it.o
    0x0800277c   0x0800277c   0x0000003c   Code   RO         1046    i.Buzzer_SetFrequency  tim.o
    0x080027b8   0x080027b8   0x00000002   Code   RO         1192    i.DebugMon_Handler  stm32f1xx_it.o
    0x080027ba   0x080027ba   0x00000002   PAD
    0x080027bc   0x080027bc   0x00000238   Code   RO          871    i.DrawPic           freertos.o
    0x080029f4   0x080029f4   0x00000014   Code   RO         1047    i.Encoder_Get       tim.o
    0x08002a08   0x08002a08   0x00000004   Code   RO          768    i.Error_Handler     main.o
    0x08002a0c   0x08002a0c   0x00000024   Code   RO         2462    i.FLASH_MassErase   stm32f1xx_hal_flash_ex.o
    0x08002a30   0x08002a30   0x00000024   Code   RO         2467    i.FLASH_PageErase   stm32f1xx_hal_flash_ex.o
    0x08002a54   0x08002a54   0x0000001c   Code   RO         2359    i.FLASH_Program_HalfWord  stm32f1xx_hal_flash.o
    0x08002a70   0x08002a70   0x0000005c   Code   RO         2360    i.FLASH_SetErrorCode  stm32f1xx_hal_flash.o
    0x08002acc   0x08002acc   0x00000054   Code   RO         2361    i.FLASH_WaitForLastOperation  stm32f1xx_hal_flash.o
    0x08002b20   0x08002b20   0x000000cc   Code   RO          872    i.GetwakeupFlag     freertos.o
    0x08002bec   0x08002bec   0x000000fc   Code   RO         1372    i.HAL_ADC_ConfigChannel  stm32f1xx_hal_adc.o
    0x08002ce8   0x08002ce8   0x00000004   Code   RO         1378    i.HAL_ADC_GetState  stm32f1xx_hal_adc.o
    0x08002cec   0x08002cec   0x00000006   Code   RO         1379    i.HAL_ADC_GetValue  stm32f1xx_hal_adc.o
    0x08002cf2   0x08002cf2   0x00000002   PAD
    0x08002cf4   0x08002cf4   0x0000011c   Code   RO         1381    i.HAL_ADC_Init      stm32f1xx_hal_adc.o
    0x08002e10   0x08002e10   0x00000058   Code   RO          999    i.HAL_ADC_MspInit   adc.o
    0x08002e68   0x08002e68   0x0000013c   Code   RO         1385    i.HAL_ADC_PollForConversion  stm32f1xx_hal_adc.o
    0x08002fa4   0x08002fa4   0x000000c0   Code   RO         1387    i.HAL_ADC_Start     stm32f1xx_hal_adc.o
    0x08003064   0x08003064   0x00000046   Code   RO         2023    i.HAL_DMA_Abort     stm32f1xx_hal_dma.o
    0x080030aa   0x080030aa   0x00000002   PAD
    0x080030ac   0x080030ac   0x00000098   Code   RO         2024    i.HAL_DMA_Abort_IT  stm32f1xx_hal_dma.o
    0x08003144   0x08003144   0x00000024   Code   RO         1649    i.HAL_Delay         stm32f1xx_hal.o
    0x08003168   0x08003168   0x000000a8   Code   RO         2468    i.HAL_FLASHEx_Erase  stm32f1xx_hal_flash_ex.o
    0x08003210   0x08003210   0x00000014   Code   RO         2365    i.HAL_FLASH_Lock    stm32f1xx_hal_flash.o
    0x08003224   0x08003224   0x00000080   Code   RO         2370    i.HAL_FLASH_Program  stm32f1xx_hal_flash.o
    0x080032a4   0x080032a4   0x00000028   Code   RO         2372    i.HAL_FLASH_Unlock  stm32f1xx_hal_flash.o
    0x080032cc   0x080032cc   0x000001e0   Code   RO         1959    i.HAL_GPIO_Init     stm32f1xx_hal_gpio.o
    0x080034ac   0x080034ac   0x0000000a   Code   RO         1961    i.HAL_GPIO_ReadPin  stm32f1xx_hal_gpio.o
    0x080034b6   0x080034b6   0x0000000a   Code   RO         1963    i.HAL_GPIO_WritePin  stm32f1xx_hal_gpio.o
    0x080034c0   0x080034c0   0x0000000c   Code   RO         1653    i.HAL_GetTick       stm32f1xx_hal.o
    0x080034cc   0x080034cc   0x00000010   Code   RO         1659    i.HAL_IncTick       stm32f1xx_hal.o
    0x080034dc   0x080034dc   0x00000024   Code   RO         1660    i.HAL_Init          stm32f1xx_hal.o
    0x08003500   0x08003500   0x00000098   Code   RO         1291    i.HAL_InitTick      stm32f1xx_hal_timebase_tim.o
    0x08003598   0x08003598   0x00000048   Code   RO         1267    i.HAL_MspInit       stm32f1xx_hal_msp.o
    0x080035e0   0x080035e0   0x0000001a   Code   RO         2119    i.HAL_NVIC_EnableIRQ  stm32f1xx_hal_cortex.o
    0x080035fa   0x080035fa   0x00000002   PAD
    0x080035fc   0x080035fc   0x00000040   Code   RO         2125    i.HAL_NVIC_SetPriority  stm32f1xx_hal_cortex.o
    0x0800363c   0x0800363c   0x00000024   Code   RO         2126    i.HAL_NVIC_SetPriorityGrouping  stm32f1xx_hal_cortex.o
    0x08003660   0x08003660   0x000000a4   Code   RO         1920    i.HAL_RCCEx_GetPeriphCLKFreq  stm32f1xx_hal_rcc_ex.o
    0x08003704   0x08003704   0x000000ec   Code   RO         1921    i.HAL_RCCEx_PeriphCLKConfig  stm32f1xx_hal_rcc_ex.o
    0x080037f0   0x080037f0   0x0000012c   Code   RO         1817    i.HAL_RCC_ClockConfig  stm32f1xx_hal_rcc.o
    0x0800391c   0x0800391c   0x00000040   Code   RO         1821    i.HAL_RCC_GetClockConfig  stm32f1xx_hal_rcc.o
    0x0800395c   0x0800395c   0x00000020   Code   RO         1824    i.HAL_RCC_GetPCLK1Freq  stm32f1xx_hal_rcc.o
    0x0800397c   0x0800397c   0x00000020   Code   RO         1825    i.HAL_RCC_GetPCLK2Freq  stm32f1xx_hal_rcc.o
    0x0800399c   0x0800399c   0x0000004c   Code   RO         1826    i.HAL_RCC_GetSysClockFreq  stm32f1xx_hal_rcc.o
    0x080039e8   0x080039e8   0x00000320   Code   RO         1829    i.HAL_RCC_OscConfig  stm32f1xx_hal_rcc.o
    0x08003d08   0x08003d08   0x00000002   Code   RO         3325    i.HAL_TIMEx_BreakCallback  stm32f1xx_hal_tim_ex.o
    0x08003d0a   0x08003d0a   0x00000002   Code   RO         3326    i.HAL_TIMEx_CommutCallback  stm32f1xx_hal_tim_ex.o
    0x08003d0c   0x08003d0c   0x00000054   Code   RO         3328    i.HAL_TIMEx_ConfigBreakDeadTime  stm32f1xx_hal_tim_ex.o
    0x08003d60   0x08003d60   0x00000068   Code   RO         3344    i.HAL_TIMEx_MasterConfigSynchronization  stm32f1xx_hal_tim_ex.o
    0x08003dc8   0x08003dc8   0x0000005a   Code   RO         2621    i.HAL_TIM_Base_Init  stm32f1xx_hal_tim.o
    0x08003e22   0x08003e22   0x00000002   Code   RO         2623    i.HAL_TIM_Base_MspInit  stm32f1xx_hal_tim.o
    0x08003e24   0x08003e24   0x00000058   Code   RO         2626    i.HAL_TIM_Base_Start_IT  stm32f1xx_hal_tim.o
    0x08003e7c   0x08003e7c   0x000000a4   Code   RO         2642    i.HAL_TIM_Encoder_Init  stm32f1xx_hal_tim.o
    0x08003f20   0x08003f20   0x00000054   Code   RO         1049    i.HAL_TIM_Encoder_MspInit  tim.o
    0x08003f74   0x08003f74   0x0000008e   Code   RO         2645    i.HAL_TIM_Encoder_Start  stm32f1xx_hal_tim.o
    0x08004002   0x08004002   0x00000002   Code   RO         2655    i.HAL_TIM_IC_CaptureCallback  stm32f1xx_hal_tim.o
    0x08004004   0x08004004   0x00000130   Code   RO         2669    i.HAL_TIM_IRQHandler  stm32f1xx_hal_tim.o
    0x08004134   0x08004134   0x0000004c   Code   RO         1050    i.HAL_TIM_MspPostInit  tim.o
    0x08004180   0x08004180   0x00000002   Code   RO         2672    i.HAL_TIM_OC_DelayElapsedCallback  stm32f1xx_hal_tim.o
    0x08004182   0x08004182   0x000000cc   Code   RO         2693    i.HAL_TIM_PWM_ConfigChannel  stm32f1xx_hal_tim.o
    0x0800424e   0x0800424e   0x0000005a   Code   RO         2696    i.HAL_TIM_PWM_Init  stm32f1xx_hal_tim.o
    0x080042a8   0x080042a8   0x00000028   Code   RO         1052    i.HAL_TIM_PWM_MspInit  tim.o
    0x080042d0   0x080042d0   0x00000002   Code   RO         2699    i.HAL_TIM_PWM_PulseFinishedCallback  stm32f1xx_hal_tim.o
    0x080042d2   0x080042d2   0x00000002   PAD
    0x080042d4   0x080042d4   0x0000009c   Code   RO         2701    i.HAL_TIM_PWM_Start  stm32f1xx_hal_tim.o
    0x08004370   0x08004370   0x00000014   Code   RO          769    i.HAL_TIM_PeriodElapsedCallback  main.o
    0x08004384   0x08004384   0x00000002   Code   RO         2712    i.HAL_TIM_TriggerCallback  stm32f1xx_hal_tim.o
    0x08004386   0x08004386   0x00000002   Code   RO         3604    i.HAL_UARTEx_RxEventCallback  stm32f1xx_hal_uart.o
    0x08004388   0x08004388   0x00000002   Code   RO         3618    i.HAL_UART_ErrorCallback  stm32f1xx_hal_uart.o
    0x0800438a   0x0800438a   0x00000002   PAD
    0x0800438c   0x0800438c   0x0000026c   Code   RO         3621    i.HAL_UART_IRQHandler  stm32f1xx_hal_uart.o
    0x080045f8   0x080045f8   0x00000064   Code   RO         3622    i.HAL_UART_Init     stm32f1xx_hal_uart.o
    0x0800465c   0x0800465c   0x00000128   Code   RO         1125    i.HAL_UART_MspInit  usart.o
    0x08004784   0x08004784   0x0000001c   Code   RO         3627    i.HAL_UART_Receive_IT  stm32f1xx_hal_uart.o
    0x080047a0   0x080047a0   0x000000f8   Code   RO         1126    i.HAL_UART_RxCpltCallback  usart.o
    0x08004898   0x08004898   0x000000a0   Code   RO         3630    i.HAL_UART_Transmit  stm32f1xx_hal_uart.o
    0x08004938   0x08004938   0x00000002   Code   RO         3633    i.HAL_UART_TxCpltCallback  stm32f1xx_hal_uart.o
    0x0800493a   0x0800493a   0x00000002   Code   RO         1193    i.HardFault_Handler  stm32f1xx_it.o
    0x0800493c   0x0800493c   0x00000070   Code   RO          873    i.JudgePlace        freertos.o
    0x080049ac   0x080049ac   0x000000b4   Code   RO          874    i.JudgeThorns       freertos.o
    0x08004a60   0x08004a60   0x00000052   Code   RO          875    i.Judgethrough      freertos.o
    0x08004ab2   0x08004ab2   0x00000002   PAD
    0x08004ab4   0x08004ab4   0x00000308   Code   RO          876    i.Judgewhowin       freertos.o
    0x08004dbc   0x08004dbc   0x000001dc   Code   RO          877    i.Key               freertos.o
    0x08004f98   0x08004f98   0x0000002c   Code   RO         1000    i.LightSensor_GetValue  adc.o
    0x08004fc4   0x08004fc4   0x0000000c   Code   RO          878    i.LoadWinRecord     freertos.o
    0x08004fd0   0x08004fd0   0x0000004c   Code   RO         1001    i.MX_ADC1_Init      adc.o
    0x0800501c   0x0800501c   0x000000d8   Code   RO          879    i.MX_FREERTOS_Init  freertos.o
    0x080050f4   0x080050f4   0x00000080   Code   RO          845    i.MX_GPIO_Init      gpio.o
    0x08005174   0x08005174   0x000000a0   Code   RO         1053    i.MX_TIM1_Init      tim.o
    0x08005214   0x08005214   0x0000006c   Code   RO         1054    i.MX_TIM3_Init      tim.o
    0x08005280   0x08005280   0x00000038   Code   RO         1127    i.MX_USART1_UART_Init  usart.o
    0x080052b8   0x080052b8   0x00000038   Code   RO         1128    i.MX_USART2_UART_Init  usart.o
    0x080052f0   0x080052f0   0x00000038   Code   RO         1129    i.MX_USART3_UART_Init  usart.o
    0x08005328   0x08005328   0x00000002   Code   RO         1194    i.MemManage_Handler  stm32f1xx_it.o
    0x0800532a   0x0800532a   0x00000002   Code   RO         1195    i.NMI_Handler       stm32f1xx_it.o
    0x0800532c   0x0800532c   0x00000028   Code   RO           13    i.OLED_Clear        oled.o
    0x08005354   0x08005354   0x0000005c   Code   RO           14    i.OLED_ClearArea    oled.o
    0x080053b0   0x080053b0   0x0000002a   Code   RO           22    i.OLED_GPIO_Init    oled.o
    0x080053da   0x080053da   0x0000003a   Code   RO           24    i.OLED_I2C_SendByte  oled.o
    0x08005414   0x08005414   0x0000001e   Code   RO           25    i.OLED_I2C_Start    oled.o
    0x08005432   0x08005432   0x00000018   Code   RO           26    i.OLED_I2C_Stop     oled.o
    0x0800544a   0x0800544a   0x0000009c   Code   RO           27    i.OLED_Init         oled.o
    0x080054e6   0x080054e6   0x0000002a   Code   RO           30    i.OLED_Printf       oled.o
    0x08005510   0x08005510   0x00000022   Code   RO           33    i.OLED_SetCursor    oled.o
    0x08005532   0x08005532   0x00000002   PAD
    0x08005534   0x08005534   0x0000003c   Code   RO           35    i.OLED_ShowChar     oled.o
    0x08005570   0x08005570   0x000000bc   Code   RO           38    i.OLED_ShowImage    oled.o
    0x0800562c   0x0800562c   0x0000016c   Code   RO           41    i.OLED_ShowString   oled.o
    0x08005798   0x08005798   0x00000028   Code   RO           42    i.OLED_Update       oled.o
    0x080057c0   0x080057c0   0x00000014   Code   RO           44    i.OLED_W_SCL        oled.o
    0x080057d4   0x080057d4   0x00000014   Code   RO           45    i.OLED_W_SDA        oled.o
    0x080057e8   0x080057e8   0x00000022   Code   RO           46    i.OLED_WriteCommand  oled.o
    0x0800580a   0x0800580a   0x00000030   Code   RO           47    i.OLED_WriteData    oled.o
    0x0800583a   0x0800583a   0x00000002   PAD
    0x0800583c   0x0800583c   0x00000058   Code   RO          880    i.Playmusic         freertos.o
    0x08005894   0x08005894   0x00000044   Code   RO          881    i.SaveWinRecord     freertos.o
    0x080058d8   0x080058d8   0x0000002c   Code   RO         5248    i.SysTick_Handler   port.o
    0x08005904   0x08005904   0x00000078   Code   RO          770    i.SystemClock_Config  main.o
    0x0800597c   0x0800597c   0x00000002   Code   RO         3956    i.SystemInit        system_stm32f1xx.o
    0x0800597e   0x0800597e   0x00000002   PAD
    0x08005980   0x08005980   0x0000000c   Code   RO         1196    i.TIM4_IRQHandler   stm32f1xx_it.o
    0x0800598c   0x0800598c   0x00000078   Code   RO         2714    i.TIM_Base_SetConfig  stm32f1xx_hal_tim.o
    0x08005a04   0x08005a04   0x0000001a   Code   RO         2715    i.TIM_CCxChannelCmd  stm32f1xx_hal_tim.o
    0x08005a1e   0x08005a1e   0x00000002   PAD
    0x08005a20   0x08005a20   0x00000050   Code   RO         2727    i.TIM_OC1_SetConfig  stm32f1xx_hal_tim.o
    0x08005a70   0x08005a70   0x00000058   Code   RO         2728    i.TIM_OC2_SetConfig  stm32f1xx_hal_tim.o
    0x08005ac8   0x08005ac8   0x00000058   Code   RO         2729    i.TIM_OC3_SetConfig  stm32f1xx_hal_tim.o
    0x08005b20   0x08005b20   0x00000044   Code   RO         2730    i.TIM_OC4_SetConfig  stm32f1xx_hal_tim.o
    0x08005b64   0x08005b64   0x00000010   Code   RO         3635    i.UART_DMAAbortOnError  stm32f1xx_hal_uart.o
    0x08005b74   0x08005b74   0x0000004e   Code   RO         3645    i.UART_EndRxTransfer  stm32f1xx_hal_uart.o
    0x08005bc2   0x08005bc2   0x000000c2   Code   RO         3647    i.UART_Receive_IT   stm32f1xx_hal_uart.o
    0x08005c84   0x08005c84   0x000000b8   Code   RO         3648    i.UART_SetConfig    stm32f1xx_hal_uart.o
    0x08005d3c   0x08005d3c   0x00000036   Code   RO         3650    i.UART_Start_Receive_IT  stm32f1xx_hal_uart.o
    0x08005d72   0x08005d72   0x00000072   Code   RO         3651    i.UART_WaitOnFlagUntilTimeout  stm32f1xx_hal_uart.o
    0x08005de4   0x08005de4   0x0000000c   Code   RO         1197    i.USART1_IRQHandler  stm32f1xx_it.o
    0x08005df0   0x08005df0   0x0000000c   Code   RO         1198    i.USART3_IRQHandler  stm32f1xx_it.o
    0x08005dfc   0x08005dfc   0x00000002   Code   RO         1199    i.UsageFault_Handler  stm32f1xx_it.o
    0x08005dfe   0x08005dfe   0x00000002   PAD
    0x08005e00   0x08005e00   0x00000094   Code   RO          610    i.Wifi_SendData     wifi.o
    0x08005e94   0x08005e94   0x00000028   Code   RO         5582    i.__ARM_fpclassify  m_ws.l(fpclassify.o)
    0x08005ebc   0x08005ebc   0x00000020   Code   RO         2132    i.__NVIC_SetPriority  stm32f1xx_hal_cortex.o
    0x08005edc   0x08005edc   0x0000000e   Code   RO         5461    i._is_digit         c_w.l(__printf_wp.o)
    0x08005eea   0x08005eea   0x00000002   PAD
    0x08005eec   0x08005eec   0x00000260   Code   RO          771    i.main              main.o
    0x0800614c   0x0800614c   0x0000000c   Code   RO         4810    i.makeFreeRtosPriority  cmsis_os.o
    0x08006158   0x08006158   0x0000000e   Code   RO         4812    i.osDelay           cmsis_os.o
    0x08006166   0x08006166   0x0000000a   Code   RO         4815    i.osKernelStart     cmsis_os.o
    0x08006170   0x08006170   0x00000054   Code   RO         4849    i.osThreadCreate    cmsis_os.o
    0x080061c4   0x080061c4   0x00000070   Code   RO         4489    i.prvAddCurrentTaskToDelayedList  tasks.o
    0x08006234   0x08006234   0x000000d0   Code   RO         4490    i.prvAddNewTaskToReadyList  tasks.o
    0x08006304   0x08006304   0x00000026   Code   RO         4165    i.prvCopyDataFromQueue  queue.o
    0x0800632a   0x0800632a   0x0000006c   Code   RO         4166    i.prvCopyDataToQueue  queue.o
    0x08006396   0x08006396   0x00000034   Code   RO         4491    i.prvDeleteTCB      tasks.o
    0x080063ca   0x080063ca   0x00000002   PAD
    0x080063cc   0x080063cc   0x0000004c   Code   RO         5180    i.prvHeapInit       heap_4.o
    0x08006418   0x08006418   0x00000060   Code   RO         4492    i.prvIdleTask       tasks.o
    0x08006478   0x08006478   0x00000016   Code   RO         4167    i.prvInitialiseMutex  queue.o
    0x0800648e   0x0800648e   0x00000016   Code   RO         4168    i.prvInitialiseNewQueue  queue.o
    0x080064a4   0x080064a4   0x00000098   Code   RO         4493    i.prvInitialiseNewTask  tasks.o
    0x0800653c   0x0800653c   0x0000004c   Code   RO         5181    i.prvInsertBlockIntoFreeList  heap_4.o
    0x08006588   0x08006588   0x0000001c   Code   RO         4169    i.prvIsQueueEmpty   queue.o
    0x080065a4   0x080065a4   0x00000020   Code   RO         4494    i.prvResetNextTaskUnblockTime  tasks.o
    0x080065c4   0x080065c4   0x00000028   Code   RO         5249    i.prvTaskExitError  port.o
    0x080065ec   0x080065ec   0x0000006a   Code   RO         4170    i.prvUnlockQueue    queue.o
    0x08006656   0x08006656   0x00000002   PAD
    0x08006658   0x08006658   0x000000dc   Code   RO         5182    i.pvPortMalloc      heap_4.o
    0x08006734   0x08006734   0x00000018   Code   RO         4496    i.pvTaskIncrementMutexHeldCount  tasks.o
    0x0800674c   0x0800674c   0x00000024   Code   RO         5250    i.pxPortInitialiseStack  port.o
    0x08006770   0x08006770   0x0000003c   Code   RO         1130    i.uart_print        usart.o
    0x080067ac   0x080067ac   0x00000026   Code   RO         4125    i.uxListRemove      list.o
    0x080067d2   0x080067d2   0x00000002   PAD
    0x080067d4   0x080067d4   0x00000014   Code   RO          882    i.vApplicationGetIdleTaskMemory  freertos.o
    0x080067e8   0x080067e8   0x00000016   Code   RO         4126    i.vListInitialise   list.o
    0x080067fe   0x080067fe   0x00000006   Code   RO         4127    i.vListInitialiseItem  list.o
    0x08006804   0x08006804   0x00000030   Code   RO         4128    i.vListInsert       list.o
    0x08006834   0x08006834   0x00000018   Code   RO         4129    i.vListInsertEnd    list.o
    0x0800684c   0x0800684c   0x00000040   Code   RO         5252    i.vPortEnterCritical  port.o
    0x0800688c   0x0800688c   0x00000028   Code   RO         5253    i.vPortExitCritical  port.o
    0x080068b4   0x080068b4   0x00000064   Code   RO         5183    i.vPortFree         heap_4.o
    0x08006918   0x08006918   0x00000024   Code   RO         5254    i.vPortSetupTimerInterrupt  port.o
    0x0800693c   0x0800693c   0x00000054   Code   RO         5255    i.vPortValidateInterruptPriority  port.o
    0x08006990   0x08006990   0x0000004c   Code   RO         4503    i.vTaskDelay        tasks.o
    0x080069dc   0x080069dc   0x00000010   Code   RO         4506    i.vTaskInternalSetTimeOutState  tasks.o
    0x080069ec   0x080069ec   0x0000000c   Code   RO         4507    i.vTaskMissedYield  tasks.o
    0x080069f8   0x080069f8   0x00000030   Code   RO         4509    i.vTaskPlaceOnEventList  tasks.o
    0x08006a28   0x08006a28   0x000000a0   Code   RO         4511    i.vTaskPriorityDisinheritAfterTimeout  tasks.o
    0x08006ac8   0x08006ac8   0x0000006c   Code   RO         4516    i.vTaskStartScheduler  tasks.o
    0x08006b34   0x08006b34   0x00000010   Code   RO         4518    i.vTaskSuspendAll   tasks.o
    0x08006b44   0x08006b44   0x0000005c   Code   RO         4519    i.vTaskSwitchContext  tasks.o
    0x08006ba0   0x08006ba0   0x000000a8   Code   RO         5256    i.xPortStartScheduler  port.o
    0x08006c48   0x08006c48   0x00000016   Code   RO         4177    i.xQueueCreateMutex  queue.o
    0x08006c5e   0x08006c5e   0x00000042   Code   RO         4179    i.xQueueGenericCreate  queue.o
    0x08006ca0   0x08006ca0   0x00000088   Code   RO         4181    i.xQueueGenericReset  queue.o
    0x08006d28   0x08006d28   0x00000160   Code   RO         4182    i.xQueueGenericSend  queue.o
    0x08006e88   0x08006e88   0x000000be   Code   RO         4183    i.xQueueGenericSendFromISR  queue.o
    0x08006f46   0x08006f46   0x00000002   PAD
    0x08006f48   0x08006f48   0x00000138   Code   RO         4189    i.xQueueReceive     queue.o
    0x08007080   0x08007080   0x00000178   Code   RO         4191    i.xQueueSemaphoreTake  queue.o
    0x080071f8   0x080071f8   0x00000074   Code   RO         4521    i.xTaskCheckForTimeOut  tasks.o
    0x0800726c   0x0800726c   0x0000005a   Code   RO         4522    i.xTaskCreate       tasks.o
    0x080072c6   0x080072c6   0x00000056   Code   RO         4523    i.xTaskCreateStatic  tasks.o
    0x0800731c   0x0800731c   0x0000001c   Code   RO         4527    i.xTaskGetSchedulerState  tasks.o
    0x08007338   0x08007338   0x000000cc   Code   RO         4530    i.xTaskIncrementTick  tasks.o
    0x08007404   0x08007404   0x00000098   Code   RO         4533    i.xTaskPriorityDisinherit  tasks.o
    0x0800749c   0x0800749c   0x0000008c   Code   RO         4534    i.xTaskPriorityInherit  tasks.o
    0x08007528   0x08007528   0x00000074   Code   RO         4535    i.xTaskRemoveFromEventList  tasks.o
    0x0800759c   0x0800759c   0x000000c4   Code   RO         4536    i.xTaskResumeAll    tasks.o
    0x08007660   0x08007660   0x0000002c   Code   RO         5626    locale$$code        c_w.l(lc_numeric_c.o)
    0x0800768c   0x0800768c   0x0000002c   Code   RO         5643    locale$$code        c_w.l(lc_ctype_c.o)
    0x080076b8   0x080076b8   0x00000004   Code   RO         5508    x$fpl$printf1       fz_ws.l(printf1.o)
    0x080076bc   0x080076bc   0x00000004   Code   RO         5510    x$fpl$printf2       fz_ws.l(printf2.o)
    0x080076c0   0x080076c0   0x00000000   Code   RO         5516    x$fpl$usenofp       fz_ws.l(usenofp.o)
    0x080076c0   0x080076c0   0x000005f0   Data   RO          356    .constdata          oled_data.o
    0x08007cb0   0x08007cb0   0x0000023a   Data   RO          357    .constdata          oled_data.o
    0x08007eea   0x08007eea   0x00000103   Data   RO          358    .constdata          oled_data.o
    0x08007fed   0x08007fed   0x00000020   Data   RO          360    .constdata          oled_data.o
    0x0800800d   0x0800800d   0x00000020   Data   RO          361    .constdata          oled_data.o
    0x0800802d   0x0800802d   0x00000004   Data   RO          362    .constdata          oled_data.o
    0x08008031   0x08008031   0x00000020   Data   RO          363    .constdata          oled_data.o
    0x08008051   0x08008051   0x00000008   Data   RO          364    .constdata          oled_data.o
    0x08008059   0x08008059   0x00000003   PAD
    0x0800805c   0x0800805c   0x000000c4   Data   RO          886    .constdata          freertos.o
    0x08008120   0x08008120   0x00000012   Data   RO         1830    .constdata          stm32f1xx_hal_rcc.o
    0x08008132   0x08008132   0x00000012   Data   RO         1922    .constdata          stm32f1xx_hal_rcc_ex.o
    0x08008144   0x08008144   0x00000010   Data   RO         3957    .constdata          system_stm32f1xx.o
    0x08008154   0x08008154   0x00000008   Data   RO         3958    .constdata          system_stm32f1xx.o
    0x0800815c   0x0800815c   0x00000008   Data   RO         5420    .constdata          c_w.l(_printf_wctomb.o)
    0x08008164   0x08008164   0x00000028   Data   RO         5449    .constdata          c_w.l(_printf_hex_int_ll_ptr.o)
    0x0800818c   0x0800818c   0x00000011   Data   RO         5469    .constdata          c_w.l(__printf_flags_ss_wp.o)
    0x0800819d   0x0800819d   0x00000026   Data   RO         5569    .constdata          c_w.l(_printf_fp_hex.o)
    0x080081c3   0x080081c3   0x00000001   PAD
    0x080081c4   0x080081c4   0x00000094   Data   RO         5601    .constdata          c_w.l(bigflt0.o)
    0x08008258   0x08008258   0x0000020d   Data   RO          611    .conststring        wifi.o
    0x08008465   0x08008465   0x00000003   PAD
    0x08008468   0x08008468   0x0000004b   Data   RO          887    .conststring        freertos.o
    0x080084b3   0x080084b3   0x00000001   PAD
    0x080084b4   0x080084b4   0x00000020   Data   RO         5771    Region$$Table       anon$$obj.o
    0x080084d4   0x080084d4   0x0000001c   Data   RO         5625    locale$$data        c_w.l(lc_numeric_c.o)
    0x080084f0   0x080084f0   0x00000110   Data   RO         5642    locale$$data        c_w.l(lc_ctype_c.o)


    Execution Region RW_IRAM1 (Exec base: 0x20000000, Load base: 0x08008600, Size: 0x00002db0, Max: 0x00005000, ABSOLUTE, COMPRESSED[0x00000074])

    Exec Addr    Load Addr    Size         Type   Attr      Idx    E Section Name        Object

    0x20000000   COMPRESSED   0x00000004   Data   RW          773    .data               main.o
    0x20000004   COMPRESSED   0x00000004   Data   RW          774    .data               main.o
    0x20000008   COMPRESSED   0x00000002   Data   RW          775    .data               main.o
    0x2000000a   COMPRESSED   0x00000002   PAD
    0x2000000c   COMPRESSED   0x000000e4   Data   RW          888    .data               freertos.o
    0x200000f0   COMPRESSED   0x0000000c   Data   RW         1667    .data               stm32f1xx_hal.o
    0x200000fc   COMPRESSED   0x00000004   Data   RW         3959    .data               system_stm32f1xx.o
    0x20000100   COMPRESSED   0x0000003c   Data   RW         4539    .data               tasks.o
    0x2000013c   COMPRESSED   0x00000020   Data   RW         5189    .data               heap_4.o
    0x2000015c   COMPRESSED   0x0000000c   Data   RW         5257    .data               port.o
    0x20000168        -       0x00000400   Zero   RW           49    .bss                oled.o
    0x20000568        -       0x00000400   Zero   RW          415    .bss                aoled.o
    0x20000968        -       0x00000040   Zero   RW          772    .bss                main.o
    0x200009a8        -       0x00000254   Zero   RW          883    .bss                freertos.o
    0x20000bfc        -       0x00000030   Zero   RW         1002    .bss                adc.o
    0x20000c2c        -       0x00000090   Zero   RW         1055    .bss                tim.o
    0x20000cbc        -       0x000000d8   Zero   RW         1131    .bss                usart.o
    0x20000d94        -       0x00000048   Zero   RW         1294    .bss                stm32f1xx_hal_timebase_tim.o
    0x20000ddc   COMPRESSED   0x00000004   PAD
    0x20000de0        -       0x00000020   Zero   RW         2373    .bss                stm32f1xx_hal_flash.o
    0x20000e00        -       0x000000f0   Zero   RW         4538    .bss                tasks.o
    0x20000ef0        -       0x00001860   Zero   RW         5188    .bss                heap_4.o
    0x20002750        -       0x00000060   Zero   RW         5587    .bss                c_w.l(libspace.o)
    0x200027b0        -       0x00000200   Zero   RW            2    HEAP                startup_stm32f103xb.o
    0x200029b0        -       0x00000400   Zero   RW            1    STACK               startup_stm32f103xb.o


==============================================================================

Image component sizes


      Code (inc. data)   RO Data    RW Data    ZI Data      Debug   Object Name

       208         24          0          0         48       2148   adc.o
      1300         52          0          0       1024      11041   aoled.o
       120          0          0          0          0      25729   cmsis_os.o
         0          0          0          0          0       7436   croutine.o
         0          0          0          0          0      22604   event_groups.o
      3854        296        271        228        596      16245   freertos.o
       128         10          0          0          0        887   gpio.o
       472         24          0         32       6240       7295   heap_4.o
       138          0          0          0          0       3362   list.o
       752        128          0         10         64       3856   main.o
      1292         48          0          0       1024     459498   oled.o
         0          0       2457          0          0       1290   oled_data.o
       662         70          0         12          0      11025   port.o
      1778         18          0          0          0      17824   queue.o
        64         26        236          0       1536        796   startup_stm32f103xb.o
       100         18          0         12          0       5214   stm32f1xx_hal.o
      1264         54          0          0          0       7039   stm32f1xx_hal_adc.o
       158         14          0          0          0      28158   stm32f1xx_hal_cortex.o
       222          4          0          0          0       1759   stm32f1xx_hal_dma.o
       392         46          0          0         32       4694   stm32f1xx_hal_flash.o
       240         26          0          0          0       3229   stm32f1xx_hal_flash_ex.o
       500         34          0          0          0       3503   stm32f1xx_hal_gpio.o
        72         10          0          0          0        862   stm32f1xx_hal_msp.o
      1304         94         18          0          0       5709   stm32f1xx_hal_rcc.o
       400         28         18          0          0       2453   stm32f1xx_hal_rcc_ex.o
      1718         56          0          0          0      14758   stm32f1xx_hal_tim.o
       192         12          0          0          0       3169   stm32f1xx_hal_tim_ex.o
       152         20          0          0         72       1463   stm32f1xx_hal_timebase_tim.o
      1554         10          0          0          0      10900   stm32f1xx_hal_uart.o
        48         18          0          0          0       3743   stm32f1xx_it.o
         0          0          0          0          0        384   stream_buffer.o
         2          0         24          4          0       1107   system_stm32f1xx.o
      2332        174          0         60        240      26863   tasks.o
       548         66          0          0        144       4578   tim.o
         0          0          0          0          0       2500   timers.o
       772         84          0          0        216       4715   usart.o
       148         66        525          0          0     452776   wifi.o

    ----------------------------------------------------------------------
     22924       1530       3588        360      11240    1180612   Object Totals
         0          0         32          0          0          0   (incl. Generated)
        38          0          7          2          4          0   (incl. Padding)

    ----------------------------------------------------------------------

      Code (inc. data)   RO Data    RW Data    ZI Data      Debug   Library Member Name

        90          0          0          0          0          0   __dczerorl2.o
         8          0          0          0          0         68   __main.o
       392          4         17          0          0         92   __printf_flags_ss_wp.o
        14          0          0          0          0         68   __printf_wp.o
         0          0          0          0          0          0   __rtentry.o
        12          0          0          0          0          0   __rtentry2.o
         6          0          0          0          0          0   __rtentry4.o
        52          8          0          0          0          0   __scatter.o
        28          0          0          0          0          0   __scatter_zi.o
         6          0          0          0          0          0   _printf_a.o
         6          0          0          0          0          0   _printf_c.o
        44          0          0          0          0        108   _printf_char.o
        48          6          0          0          0         96   _printf_char_common.o
        40          0          0          0          0         68   _printf_charcount.o
         6          0          0          0          0          0   _printf_d.o
       120         16          0          0          0         92   _printf_dec.o
         6          0          0          0          0          0   _printf_e.o
         6          0          0          0          0          0   _printf_f.o
      1054          0          0          0          0        216   _printf_fp_dec.o
       764          8         38          0          0        100   _printf_fp_hex.o
       128         16          0          0          0         84   _printf_fp_infnan.o
         6          0          0          0          0          0   _printf_g.o
       148          4         40          0          0        160   _printf_hex_int_ll_ptr.o
         6          0          0          0          0          0   _printf_i.o
       178          0          0          0          0         88   _printf_intcommon.o
        10          0          0          0          0          0   _printf_l.o
         6          0          0          0          0          0   _printf_lc.o
        10          0          0          0          0          0   _printf_ll.o
         6          0          0          0          0          0   _printf_lld.o
         6          0          0          0          0          0   _printf_lli.o
         6          0          0          0          0          0   _printf_llo.o
         6          0          0          0          0          0   _printf_llu.o
         6          0          0          0          0          0   _printf_llx.o
       124         16          0          0          0         92   _printf_longlong_dec.o
         6          0          0          0          0          0   _printf_ls.o
         6          0          0          0          0          0   _printf_n.o
         6          0          0          0          0          0   _printf_o.o
       112         10          0          0          0        124   _printf_oct_int_ll.o
         6          0          0          0          0          0   _printf_p.o
        78          0          0          0          0        108   _printf_pad.o
         0          0          0          0          0          0   _printf_percent.o
         4          0          0          0          0          0   _printf_percent_end.o
         6          0          0          0          0          0   _printf_s.o
        82          0          0          0          0         80   _printf_str.o
        36          0          0          0          0         84   _printf_truncate.o
         6          0          0          0          0          0   _printf_u.o
        44          0          0          0          0        108   _printf_wchar.o
       188          6          8          0          0         92   _printf_wctomb.o
         6          0          0          0          0          0   _printf_x.o
        10          0          0          0          0         68   _sputc.o
        64          0          0          0          0         92   _wcrtomb.o
       228          4        148          0          0         96   bigflt0.o
      1936        128          0          0          0        672   btod.o
        18          0          0          0          0         80   exit.o
         6          0          0          0          0        152   heapauxi.o
         0          0          0          0          0          0   indicate_semi.o
        44         10        272          0          0         76   lc_ctype_c.o
        44         10         28          0          0         76   lc_numeric_c.o
         2          0          0          0          0          0   libinit.o
        30          0          0          0          0          0   libinit2.o
         2          0          0          0          0          0   libshutdown.o
         2          0          0          0          0          0   libshutdown2.o
         8          4          0          0         96         68   libspace.o
       138          0          0          0          0         80   lludiv10.o
        38          0          0          0          0         68   llushr.o
        16          4          0          0          0         76   rt_ctype_table.o
         8          4          0          0          0         68   rt_locale_intlibspace.o
        78          0          0          0          0         80   rt_memclr_w.o
       138          0          0          0          0         68   rt_memcpy_v6.o
       100          0          0          0          0         80   rt_memcpy_w.o
         2          0          0          0          0          0   rtexit.o
        10          0          0          0          0          0   rtexit2.o
       128          0          0          0          0         68   strcmpv7m.o
        62          0          0          0          0         76   strlen.o
        12          4          0          0          0         68   sys_exit.o
        74          0          0          0          0         80   sys_stackheap_outer.o
         2          0          0          0          0         68   use_no_semi.o
        36          4          0          0          0         76   vsprintf.o
         4          0          0          0          0         68   printf1.o
         4          0          0          0          0         68   printf2.o
         0          0          0          0          0          0   usenofp.o
        40          0          0          0          0         68   fpclassify.o

    ----------------------------------------------------------------------
      7240        266        552          0         96       4468   Library Totals
        22          0          1          0          0          0   (incl. Padding)

    ----------------------------------------------------------------------

      Code (inc. data)   RO Data    RW Data    ZI Data      Debug   Library Name

      7170        266        551          0         96       4264   c_w.l
         8          0          0          0          0        136   fz_ws.l
        40          0          0          0          0         68   m_ws.l

    ----------------------------------------------------------------------
      7240        266        552          0         96       4468   Library Totals

    ----------------------------------------------------------------------

==============================================================================


      Code (inc. data)   RO Data    RW Data    ZI Data      Debug   

     30164       1796       4140        360      11336    1171712   Grand Totals
     30164       1796       4140        116      11336    1171712   ELF Image Totals (compressed)
     30164       1796       4140        116          0          0   ROM Totals

==============================================================================

    Total RO  Size (Code + RO Data)                34304 (  33.50kB)
    Total RW  Size (RW Data + ZI Data)             11696 (  11.42kB)
    Total ROM Size (Code + RO Data + RW Data)      34420 (  33.61kB)

==============================================================================

