Component: ARM Compiler 5.06 update 5 (build 528) Tool: armlink [4d35e2]

==============================================================================

Section Cross References

    startup_stm32f103xb.o(STACK) refers (Special) to heapauxi.o(.text) for __use_two_region_memory
    startup_stm32f103xb.o(HEAP) refers (Special) to heapauxi.o(.text) for __use_two_region_memory
    startup_stm32f103xb.o(RESET) refers (Special) to heapauxi.o(.text) for __use_two_region_memory
    startup_stm32f103xb.o(RESET) refers to startup_stm32f103xb.o(STACK) for __initial_sp
    startup_stm32f103xb.o(RESET) refers to startup_stm32f103xb.o(.text) for Reset_Handler
    startup_stm32f103xb.o(RESET) refers to stm32f1xx_it.o(i.NMI_Handler) for NMI_Handler
    startup_stm32f103xb.o(RESET) refers to stm32f1xx_it.o(i.HardFault_Handler) for HardFault_Handler
    startup_stm32f103xb.o(RESET) refers to stm32f1xx_it.o(i.MemManage_Handler) for MemManage_Handler
    startup_stm32f103xb.o(RESET) refers to stm32f1xx_it.o(i.BusFault_Handler) for BusFault_Handler
    startup_stm32f103xb.o(RESET) refers to stm32f1xx_it.o(i.UsageFault_Handler) for UsageFault_Handler
    startup_stm32f103xb.o(RESET) refers to port.o(.emb_text) for SVC_Handler
    startup_stm32f103xb.o(RESET) refers to stm32f1xx_it.o(i.DebugMon_Handler) for DebugMon_Handler
    startup_stm32f103xb.o(RESET) refers to port.o(i.SysTick_Handler) for SysTick_Handler
    startup_stm32f103xb.o(RESET) refers to stm32f1xx_it.o(i.EXTI1_IRQHandler) for EXTI1_IRQHandler
    startup_stm32f103xb.o(RESET) refers to stm32f1xx_it.o(i.EXTI4_IRQHandler) for EXTI4_IRQHandler
    startup_stm32f103xb.o(RESET) refers to stm32f1xx_it.o(i.EXTI9_5_IRQHandler) for EXTI9_5_IRQHandler
    startup_stm32f103xb.o(RESET) refers to stm32f1xx_it.o(i.TIM4_IRQHandler) for TIM4_IRQHandler
    startup_stm32f103xb.o(RESET) refers to stm32f1xx_it.o(i.EXTI15_10_IRQHandler) for EXTI15_10_IRQHandler
    startup_stm32f103xb.o(.text) refers (Special) to heapauxi.o(.text) for __use_two_region_memory
    startup_stm32f103xb.o(.text) refers to system_stm32f1xx.o(i.SystemInit) for SystemInit
    startup_stm32f103xb.o(.text) refers to __main.o(!!!main) for __main
    startup_stm32f103xb.o(.text) refers to startup_stm32f103xb.o(HEAP) for Heap_Mem
    startup_stm32f103xb.o(.text) refers to startup_stm32f103xb.o(STACK) for Stack_Mem
    oled.o(i.OLED_Clear) refers to oled.o(.bss) for .bss
    oled.o(i.OLED_ClearArea) refers to oled.o(.bss) for .bss
    oled.o(i.OLED_DrawArc) refers to oled.o(i.OLED_IsInAngle) for OLED_IsInAngle
    oled.o(i.OLED_DrawArc) refers to oled.o(i.OLED_DrawPoint) for OLED_DrawPoint
    oled.o(i.OLED_DrawCircle) refers to oled.o(i.OLED_DrawPoint) for OLED_DrawPoint
    oled.o(i.OLED_DrawEllipse) refers to dflt_clz.o(x$fpl$dflt) for __aeabi_i2d
    oled.o(i.OLED_DrawEllipse) refers to daddsub_clz.o(x$fpl$dadd) for __aeabi_dadd
    oled.o(i.OLED_DrawEllipse) refers to dmul.o(x$fpl$dmul) for __aeabi_dmul
    oled.o(i.OLED_DrawEllipse) refers to d2f.o(x$fpl$d2f) for __aeabi_d2f
    oled.o(i.OLED_DrawEllipse) refers to oled.o(i.OLED_DrawPoint) for OLED_DrawPoint
    oled.o(i.OLED_DrawEllipse) refers to fflt_clz.o(x$fpl$fflt) for __aeabi_i2f
    oled.o(i.OLED_DrawEllipse) refers to faddsub_clz.o(x$fpl$fadd) for __aeabi_fadd
    oled.o(i.OLED_DrawEllipse) refers to daddsub_clz.o(x$fpl$dsub) for __aeabi_dsub
    oled.o(i.OLED_DrawEllipse) refers to dleqf.o(x$fpl$dleqf) for __aeabi_cdcmple
    oled.o(i.OLED_DrawLine) refers to oled.o(i.OLED_DrawPoint) for OLED_DrawPoint
    oled.o(i.OLED_DrawPoint) refers to oled.o(.bss) for .bss
    oled.o(i.OLED_DrawRectangle) refers to oled.o(i.OLED_DrawPoint) for OLED_DrawPoint
    oled.o(i.OLED_DrawTriangle) refers to oled.o(i.OLED_DrawLine) for OLED_DrawLine
    oled.o(i.OLED_DrawTriangle) refers to oled.o(i.OLED_pnpoly) for OLED_pnpoly
    oled.o(i.OLED_DrawTriangle) refers to oled.o(i.OLED_DrawPoint) for OLED_DrawPoint
    oled.o(i.OLED_GPIO_Init) refers to gpio.o(i.MX_GPIO_Init) for MX_GPIO_Init
    oled.o(i.OLED_GPIO_Init) refers to oled.o(i.OLED_W_SCL) for OLED_W_SCL
    oled.o(i.OLED_GPIO_Init) refers to oled.o(i.OLED_W_SDA) for OLED_W_SDA
    oled.o(i.OLED_GetPoint) refers to oled.o(.bss) for .bss
    oled.o(i.OLED_I2C_SendByte) refers to oled.o(i.OLED_W_SDA) for OLED_W_SDA
    oled.o(i.OLED_I2C_SendByte) refers to oled.o(i.OLED_W_SCL) for OLED_W_SCL
    oled.o(i.OLED_I2C_Start) refers to oled.o(i.OLED_W_SDA) for OLED_W_SDA
    oled.o(i.OLED_I2C_Start) refers to oled.o(i.OLED_W_SCL) for OLED_W_SCL
    oled.o(i.OLED_I2C_Stop) refers to oled.o(i.OLED_W_SDA) for OLED_W_SDA
    oled.o(i.OLED_I2C_Stop) refers to oled.o(i.OLED_W_SCL) for OLED_W_SCL
    oled.o(i.OLED_Init) refers to oled.o(i.OLED_GPIO_Init) for OLED_GPIO_Init
    oled.o(i.OLED_Init) refers to oled.o(i.OLED_WriteCommand) for OLED_WriteCommand
    oled.o(i.OLED_Init) refers to oled.o(i.OLED_Clear) for OLED_Clear
    oled.o(i.OLED_Init) refers to oled.o(i.OLED_Update) for OLED_Update
[...]
    CAN1_RX1_IRQHandler                      0x08000327   Thumb Code     0  startup_stm32f103xb.o(.text)
    CAN1_SCE_IRQHandler                      0x08000327   Thumb Code     0  startup_stm32f103xb.o(.text)
    DMA1_Channel1_IRQHandler                 0x08000327   Thumb Code     0  startup_stm32f103xb.o(.text)
    DMA1_Channel2_IRQHandler                 0x08000327   Thumb Code     0  startup_stm32f103xb.o(.text)
    DMA1_Channel3_IRQHandler                 0x08000327   Thumb Code     0  startup_stm32f103xb.o(.text)
    DMA1_Channel4_IRQHandler                 0x08000327   Thumb Code     0  startup_stm32f103xb.o(.text)
    DMA1_Channel5_IRQHandler                 0x08000327   Thumb Code     0  startup_stm32f103xb.o(.text)
    DMA1_Channel6_IRQHandler                 0x08000327   Thumb Code     0  startup_stm32f103xb.o(.text)
    DMA1_Channel7_IRQHandler                 0x08000327   Thumb Code     0  startup_stm32f103xb.o(.text)
    EXTI0_IRQHandler                         0x08000327   Thumb Code     0  startup_stm32f103xb.o(.text)
    EXTI2_IRQHandler                         0x08000327   Thumb Code     0  startup_stm32f103xb.o(.text)
    EXTI3_IRQHandler                         0x08000327   Thumb Code     0  startup_stm32f103xb.o(.text)
    FLASH_IRQHandler                         0x08000327   Thumb Code     0  startup_stm32f103xb.o(.text)
    I2C1_ER_IRQHandler                       0x08000327   Thumb Code     0  startup_stm32f103xb.o(.text)
    I2C1_EV_IRQHandler                       0x08000327   Thumb Code     0  startup_stm32f103xb.o(.text)
    I2C2_ER_IRQHandler                       0x08000327   Thumb Code     0  startup_stm32f103xb.o(.text)
    I2C2_EV_IRQHandler                       0x08000327   Thumb Code     0  startup_stm32f103xb.o(.text)
    PVD_IRQHandler                           0x08000327   Thumb Code     0  startup_stm32f103xb.o(.text)
    RCC_IRQHandler                           0x08000327   Thumb Code     0  startup_stm32f103xb.o(.text)
    RTC_Alarm_IRQHandler                     0x08000327   Thumb Code     0  startup_stm32f103xb.o(.text)
    RTC_IRQHandler                           0x08000327   Thumb Code     0  startup_stm32f103xb.o(.text)
    SPI1_IRQHandler                          0x08000327   Thumb Code     0  startup_stm32f103xb.o(.text)
    SPI2_IRQHandler                          0x08000327   Thumb Code     0  startup_stm32f103xb.o(.text)
    TAMPER_IRQHandler                        0x08000327   Thumb Code     0  startup_stm32f103xb.o(.text)
    TIM1_BRK_IRQHandler                      0x08000327   Thumb Code     0  startup_stm32f103xb.o(.text)
    TIM1_CC_IRQHandler                       0x08000327   Thumb Code     0  startup_stm32f103xb.o(.text)
    TIM1_TRG_COM_IRQHandler                  0x08000327   Thumb Code     0  startup_stm32f103xb.o(.text)
    TIM1_UP_IRQHandler                       0x08000327   Thumb Code     0  startup_stm32f103xb.o(.text)
    TIM2_IRQHandler                          0x08000327   Thumb Code     0  startup_stm32f103xb.o(.text)
    TIM3_IRQHandler                          0x08000327   Thumb Code     0  startup_stm32f103xb.o(.text)
    USART1_IRQHandler                        0x08000327   Thumb Code     0  startup_stm32f103xb.o(.text)
    USART2_IRQHandler                        0x08000327   Thumb Code     0  startup_stm32f103xb.o(.text)
    USART3_IRQHandler                        0x08000327   Thumb Code     0  startup_stm32f103xb.o(.text)
    USBWakeUp_IRQHandler                     0x08000327   Thumb Code     0  startup_stm32f103xb.o(.text)
    USB_HP_CAN1_TX_IRQHandler                0x08000327   Thumb Code     0  startup_stm32f103xb.o(.text)
    USB_LP_CAN1_RX0_IRQHandler               0x08000327   Thumb Code     0  startup_stm32f103xb.o(.text)
    WWDG_IRQHandler                          0x08000327   Thumb Code     0  startup_stm32f103xb.o(.text)
    __user_initial_stackheap                 0x08000329   Thumb Code     0  startup_stm32f103xb.o(.text)
    __aeabi_llsr                             0x0800034d   Thumb Code     0  llushr.o(.text)
    _ll_ushift_r                             0x0800034d   Thumb Code    38  llushr.o(.text)
    vsprintf                                 0x08000375   Thumb Code    32  vsprintf.o(.text)
    strlen                                   0x08000399   Thumb Code    62  strlen.o(.text)
    __aeabi_memcpy                           0x080003d7   Thumb Code     0  rt_memcpy_v6.o(.text)
    __rt_memcpy                              0x080003d7   Thumb Code   138  rt_memcpy_v6.o(.text)
    _memcpy_lastbytes                        0x0800043d   Thumb Code     0  rt_memcpy_v6.o(.text)
    __aeabi_memcpy4                          0x08000461   Thumb Code     0  rt_memcpy_w.o(.text)
    __aeabi_memcpy8                          0x08000461   Thumb Code     0  rt_memcpy_w.o(.text)
    __rt_memcpy_w                            0x08000461   Thumb Code   100  rt_memcpy_w.o(.text)
    _memcpy_lastbytes_aligned                0x080004a9   Thumb Code     0  rt_memcpy_w.o(.text)
    __aeabi_memclr4                          0x080004c5   Thumb Code     0  rt_memclr_w.o(.text)
    __aeabi_memclr8                          0x080004c5   Thumb Code     0  rt_memclr_w.o(.text)
    __rt_memclr_w                            0x080004c5   Thumb Code    78  rt_memclr_w.o(.text)
    _memset_w                                0x080004c9   Thumb Code     0  rt_memclr_w.o(.text)
    strcmp                                   0x08000515   Thumb Code   128  strcmpv7m.o(.text)
    __use_two_region_memory                  0x08000595   Thumb Code     2  heapauxi.o(.text)
    __rt_heap_escrow$2region                 0x08000597   Thumb Code     2  heapauxi.o(.text)
    __rt_heap_expand$2region                 0x08000599   Thumb Code     2  heapauxi.o(.text)
    _printf_pre_padding                      0x0800059b   Thumb Code    44  _printf_pad.o(.text)
    _printf_post_padding                     0x080005c7   Thumb Code    34  _printf_pad.o(.text)
    _printf_truncate_signed                  0x080005e9   Thumb Code    18  _printf_truncate.o(.text)
    _printf_truncate_unsigned                0x080005fb   Thumb Code    18  _printf_truncate.o(.text)
    _printf_str                              0x0800060d   Thumb Code    82  _printf_str.o(.text)
    _printf_int_dec                          0x08000661   Thumb Code   104  _printf_dec.o(.text)
    _printf_charcount                        0x080006d9   Thumb Code    40  _printf_charcount.o(.text)
    _printf_char_common                      0x0800070b   Thumb Code    32  _printf_char_common.o(.text)
    _sputc                                   0x08000731   Thumb Code    10  _sputc.o(.text)
    _printf_wctomb                           0x0800073d   Thumb Code   182  _printf_wctomb.o(.text)
    _printf_longlong_dec                     0x080007f9   Thumb Code   108  _printf_longlong_dec.o(.text)
    _printf_longlong_oct                     0x08000875   Thumb Code    66  _printf_oct_int_ll.o(.text)
    _printf_int_oct                          0x080008b7   Thumb Code    24  _printf_oct_int_ll.o(.text)
    _printf_ll_oct                           0x080008cf   Thumb Code    12  _printf_oct_int_ll.o(.text)
    _printf_longlong_hex                     0x080008e5   Thumb Code    86  _printf_hex_int_ll_ptr.o(.text)
    _printf_int_hex                          0x0800093b   Thumb Code    28  _printf_hex_int_ll_ptr.o(.text)
    _printf_ll_hex                           0x08000957   Thumb Code    12  _printf_hex_int_ll_ptr.o(.text)
    _printf_hex_ptr                          0x08000963   Thumb Code    18  _printf_hex_int_ll_ptr.o(.text)
    __printf                                 0x08000979   Thumb Code   388  __printf_flags_ss_wp.o(.text)
    _ll_udiv10                               0x08000b01   Thumb Code   138  lludiv10.o(.text)
    _printf_int_common                       0x08000b8b   Thumb Code   178  _printf_intcommon.o(.text)
    __lib_sel_fp_printf                      0x08000c3d   Thumb Code     2  _printf_fp_dec.o(.text)
    _printf_fp_dec_real                      0x08000def   Thumb Code   620  _printf_fp_dec.o(.text)
    _printf_fp_hex_real                      0x0800105d   Thumb Code   756  _printf_fp_hex.o(.text)
    _printf_cs_common                        0x08001359   Thumb Code    20  _printf_char.o(.text)
    _printf_char                             0x0800136d   Thumb Code    16  _printf_char.o(.text)
    _printf_string                           0x0800137d   Thumb Code     8  _printf_char.o(.text)
    _printf_lcs_common                       0x08001385   Thumb Code    20  _printf_wchar.o(.text)
    _printf_wchar                            0x08001399   Thumb Code    16  _printf_wchar.o(.text)
    _printf_wstring                          0x080013a9   Thumb Code     8  _printf_wchar.o(.text)
    _wcrtomb                                 0x080013b1   Thumb Code    64  _wcrtomb.o(.text)
    __user_libspace                          0x080013f1   Thumb Code     8  libspace.o(.text)
    __user_perproc_libspace                  0x080013f1   Thumb Code     0  libspace.o(.text)
    __user_perthread_libspace                0x080013f1   Thumb Code     0  libspace.o(.text)
    __user_setup_stackheap                   0x080013f9   Thumb Code    74  sys_stackheap_outer.o(.text)
    __rt_ctype_table                         0x08001445   Thumb Code    16  rt_ctype_table.o(.text)
    __rt_locale                              0x08001455   Thumb Code     8  rt_locale_intlibspace.o(.text)
    _printf_fp_infnan                        0x0800145d   Thumb Code   112  _printf_fp_infnan.o(.text)
    _btod_etento                             0x080014dd   Thumb Code   224  bigflt0.o(.text)
    exit                                     0x080015c1   Thumb Code    18  exit.o(.text)
    _sys_exit                                0x080015d5   Thumb Code     8  sys_exit.o(.text)
    __I$use$semihosting                      0x080015e1   Thumb Code     0  use_no_semi.o(.text)
    __use_no_semihosting_swi                 0x080015e1   Thumb Code     2  use_no_semi.o(.text)
    __semihosting_library_function           0x080015e3   Thumb Code     0  indicate_semi.o(.text)
    _btod_d2e                                0x080015e3   Thumb Code    62  btod.o(CL$$btod_d2e)
    _d2e_denorm_low                          0x08001621   Thumb Code    70  btod.o(CL$$btod_d2e_denorm_low)
    _d2e_norm_op1                            0x08001667   Thumb Code    96  btod.o(CL$$btod_d2e_norm_op1)
    __btod_div_common                        0x080016c7   Thumb Code   696  btod.o(CL$$btod_div_common)
    _e2e                                     0x080019ff   Thumb Code   220  btod.o(CL$$btod_e2e)
    _btod_ediv                               0x08001adb   Thumb Code    42  btod.o(CL$$btod_ediv)
    _btod_emul                               0x08001b05   Thumb Code    42  btod.o(CL$$btod_emul)
    __btod_mult_common                       0x08001b2f   Thumb Code   580  btod.o(CL$$btod_mult_common)
    ADC_ConversionStop_Disable               0x08001d75   Thumb Code    86  stm32f1xx_hal_adc.o(i.ADC_ConversionStop_Disable)
    ADC_Enable                               0x08001dcd   Thumb Code   114  stm32f1xx_hal_adc.o(i.ADC_Enable)
    ADraw_Pic                                0x08001e49   Thumb Code   542  freertos.o(i.ADraw_Pic)
    AKey                                     0x08002085   Thumb Code   466  freertos.o(i.AKey)
    AOLED_Clear                              0x08002269   Thumb Code    34  aoled.o(i.AOLED_Clear)
    AOLED_ClearArea                          0x08002291   Thumb Code    86  aoled.o(i.AOLED_ClearArea)
    AOLED_GPIO_Init                          0x080022ed   Thumb Code    42  aoled.o(i.AOLED_GPIO_Init)
    AOLED_I2C_SendByte                       0x08002317   Thumb Code    58  aoled.o(i.AOLED_I2C_SendByte)
    AOLED_I2C_Start                          0x08002351   Thumb Code    30  aoled.o(i.AOLED_I2C_Start)
    AOLED_I2C_Stop                           0x0800236f   Thumb Code    24  aoled.o(i.AOLED_I2C_Stop)
    AOLED_Init                               0x08002387   Thumb Code   156  aoled.o(i.AOLED_Init)
    AOLED_Printf                             0x08002423   Thumb Code    42  aoled.o(i.AOLED_Printf)
    AOLED_SetCursor                          0x0800244d   Thumb Code    34  aoled.o(i.AOLED_SetCursor)
    AOLED_ShowChar                           0x08002471   Thumb Code    52  aoled.o(i.AOLED_ShowChar)
    AOLED_ShowImage                          0x080024ad   Thumb Code   182  aoled.o(i.AOLED_ShowImage)
    AOLED_ShowString                         0x08002569   Thumb Code   356  aoled.o(i.AOLED_ShowString)
    AOLED_Update                             0x080026d5   Thumb Code    34  aoled.o(i.AOLED_Update)
    AOLED_W_SCL                              0x080026fd   Thumb Code    18  aoled.o(i.AOLED_W_SCL)
    AOLED_W_SDA                              0x08002715   Thumb Code    18  aoled.o(i.AOLED_W_SDA)
    AOLED_WriteCommand                       0x0800272d   Thumb Code    34  aoled.o(i.AOLED_WriteCommand)
    AOLED_WriteData                          0x0800274f   Thumb Code    48  aoled.o(i.AOLED_WriteData)
    BusFault_Handler                         0x0800277f   Thumb Code     2  stm32f1xx_it.o(i.BusFault_Handler)
    Buzzer_SetFrequency                      0x08002781   Thumb Code    52  tim.o(i.Buzzer_SetFrequency)
    DebugMon_Handler                         0x080027bd   Thumb Code     2  stm32f1xx_it.o(i.DebugMon_Handler)
    DrawPic                                  0x080027c1   Thumb Code   538  freertos.o(i.DrawPic)
    EXTI15_10_IRQHandler                     0x080029f9   Thumb Code    22  stm32f1xx_it.o(i.EXTI15_10_IRQHandler)
    EXTI1_IRQHandler                         0x08002a0f   Thumb Code     6  stm32f1xx_it.o(i.EXTI1_IRQHandler)
    EXTI4_IRQHandler                         0x08002a15   Thumb Code     6  stm32f1xx_it.o(i.EXTI4_IRQHandler)
    EXTI9_5_IRQHandler                       0x08002a1b   Thumb Code     6  stm32f1xx_it.o(i.EXTI9_5_IRQHandler)
    Encoder_Get                              0x08002a21   Thumb Code    14  tim.o(i.Encoder_Get)
    Error_Handler                            0x08002a35   Thumb Code     4  main.o(i.Error_Handler)
    FLASH_PageErase                          0x08002a5d   Thumb Code    28  stm32f1xx_hal_flash_ex.o(i.FLASH_PageErase)
    FLASH_WaitForLastOperation               0x08002af9   Thumb Code    80  stm32f1xx_hal_flash.o(i.FLASH_WaitForLastOperation)
    GetwakeupFlag                            0x08002b4d   Thumb Code   188  freertos.o(i.GetwakeupFlag)
    HAL_ADC_ConfigChannel                    0x08002c1d   Thumb Code   240  stm32f1xx_hal_adc.o(i.HAL_ADC_ConfigChannel)
    HAL_ADC_GetState                         0x08002d19   Thumb Code     4  stm32f1xx_hal_adc.o(i.HAL_ADC_GetState)
    HAL_ADC_GetValue                         0x08002d1d   Thumb Code     6  stm32f1xx_hal_adc.o(i.HAL_ADC_GetValue)
    HAL_ADC_Init                             0x08002d25   Thumb Code   272  stm32f1xx_hal_adc.o(i.HAL_ADC_Init)
    HAL_ADC_MspInit                          0x08002e41   Thumb Code    76  adc.o(i.HAL_ADC_MspInit)
    HAL_ADC_PollForConversion                0x08002e99   Thumb Code   304  stm32f1xx_hal_adc.o(i.HAL_ADC_PollForConversion)
    HAL_ADC_Start                            0x08002fd5   Thumb Code   184  stm32f1xx_hal_adc.o(i.HAL_ADC_Start)
    HAL_Delay                                0x08003095   Thumb Code    32  stm32f1xx_hal.o(i.HAL_Delay)
    HAL_FLASHEx_Erase                        0x080030b9   Thumb Code   160  stm32f1xx_hal_flash_ex.o(i.HAL_FLASHEx_Erase)
    HAL_FLASH_Lock                           0x08003161   Thumb Code    14  stm32f1xx_hal_flash.o(i.HAL_FLASH_Lock)
    HAL_FLASH_Program                        0x08003175   Thumb Code   120  stm32f1xx_hal_flash.o(i.HAL_FLASH_Program)
    HAL_FLASH_Unlock                         0x080031f5   Thumb Code    28  stm32f1xx_hal_flash.o(i.HAL_FLASH_Unlock)
    HAL_GPIO_EXTI_Callback                   0x0800321d   Thumb Code   118  freertos.o(i.HAL_GPIO_EXTI_Callback)
    HAL_GPIO_EXTI_IRQHandler                 0x0800329d   Thumb Code    18  stm32f1xx_hal_gpio.o(i.HAL_GPIO_EXTI_IRQHandler)
    HAL_GPIO_Init                            0x080032b5   Thumb Code   446  stm32f1xx_hal_gpio.o(i.HAL_GPIO_Init)
    HAL_GPIO_ReadPin                         0x08003495   Thumb Code    10  stm32f1xx_hal_gpio.o(i.HAL_GPIO_ReadPin)
    HAL_GPIO_WritePin                        0x0800349f   Thumb Code    10  stm32f1xx_hal_gpio.o(i.HAL_GPIO_WritePin)
    HAL_GetTick                              0x080034a9   Thumb Code     6  stm32f1xx_hal.o(i.HAL_GetTick)
    HAL_IncTick                              0x080034b5   Thumb Code    12  stm32f1xx_hal.o(i.HAL_IncTick)
    HAL_Init                                 0x080034c5   Thumb Code    32  stm32f1xx_hal.o(i.HAL_Init)
    HAL_InitTick                             0x080034e9   Thumb Code   132  stm32f1xx_hal_timebase_tim.o(i.HAL_InitTick)
    HAL_MspInit                              0x08003581   Thumb Code    62  stm32f1xx_hal_msp.o(i.HAL_MspInit)
    HAL_NVIC_EnableIRQ                       0x080035c9   Thumb Code    26  stm32f1xx_hal_cortex.o(i.HAL_NVIC_EnableIRQ)
    HAL_NVIC_SetPriority                     0x080035e5   Thumb Code    60  stm32f1xx_hal_cortex.o(i.HAL_NVIC_SetPriority)
    HAL_NVIC_SetPriorityGrouping             0x08003625   Thumb Code    26  stm32f1xx_hal_cortex.o(i.HAL_NVIC_SetPriorityGrouping)
    HAL_RCCEx_GetPeriphCLKFreq               0x08003649   Thumb Code   148  stm32f1xx_hal_rcc_ex.o(i.HAL_RCCEx_GetPeriphCLKFreq)
    HAL_RCCEx_PeriphCLKConfig                0x080036ed   Thumb Code   224  stm32f1xx_hal_rcc_ex.o(i.HAL_RCCEx_PeriphCLKConfig)
    HAL_RCC_ClockConfig                      0x080037d9   Thumb Code   280  stm32f1xx_hal_rcc.o(i.HAL_RCC_ClockConfig)
    HAL_RCC_GetClockConfig                   0x08003905   Thumb Code    54  stm32f1xx_hal_rcc.o(i.HAL_RCC_GetClockConfig)
    HAL_RCC_GetPCLK1Freq                     0x08003945   Thumb Code    20  stm32f1xx_hal_rcc.o(i.HAL_RCC_GetPCLK1Freq)
    HAL_RCC_GetPCLK2Freq                     0x08003965   Thumb Code    20  stm32f1xx_hal_rcc.o(i.HAL_RCC_GetPCLK2Freq)
    HAL_RCC_GetSysClockFreq                  0x08003985   Thumb Code    58  stm32f1xx_hal_rcc.o(i.HAL_RCC_GetSysClockFreq)
    HAL_RCC_OscConfig                        0x080039d1   Thumb Code   778  stm32f1xx_hal_rcc.o(i.HAL_RCC_OscConfig)
    HAL_TIMEx_BreakCallback                  0x08003cf1   Thumb Code     2  stm32f1xx_hal_tim_ex.o(i.HAL_TIMEx_BreakCallback)
    HAL_TIMEx_CommutCallback                 0x08003cf3   Thumb Code     2  stm32f1xx_hal_tim_ex.o(i.HAL_TIMEx_CommutCallback)
    HAL_TIMEx_ConfigBreakDeadTime            0x08003cf5   Thumb Code    84  stm32f1xx_hal_tim_ex.o(i.HAL_TIMEx_ConfigBreakDeadTime)
    HAL_TIMEx_MasterConfigSynchronization    0x08003d49   Thumb Code    92  stm32f1xx_hal_tim_ex.o(i.HAL_TIMEx_MasterConfigSynchronization)
    HAL_TIM_Base_Init                        0x08003db1   Thumb Code    90  stm32f1xx_hal_tim.o(i.HAL_TIM_Base_Init)
    HAL_TIM_Base_MspInit                     0x08003e0b   Thumb Code     2  stm32f1xx_hal_tim.o(i.HAL_TIM_Base_MspInit)
    HAL_TIM_Base_Start_IT                    0x08003e0d   Thumb Code    76  stm32f1xx_hal_tim.o(i.HAL_TIM_Base_Start_IT)
    HAL_TIM_Encoder_Init                     0x08003e65   Thumb Code   164  stm32f1xx_hal_tim.o(i.HAL_TIM_Encoder_Init)
    HAL_TIM_Encoder_MspInit                  0x08003f09   Thumb Code    72  tim.o(i.HAL_TIM_Encoder_MspInit)
    HAL_TIM_Encoder_Start                    0x08003f5d   Thumb Code   142  stm32f1xx_hal_tim.o(i.HAL_TIM_Encoder_Start)
    HAL_TIM_IC_CaptureCallback               0x08003feb   Thumb Code     2  stm32f1xx_hal_tim.o(i.HAL_TIM_IC_CaptureCallback)
    HAL_TIM_IRQHandler                       0x08003fed   Thumb Code   304  stm32f1xx_hal_tim.o(i.HAL_TIM_IRQHandler)
    HAL_TIM_MspPostInit                      0x0800411d   Thumb Code    64  tim.o(i.HAL_TIM_MspPostInit)
    HAL_TIM_OC_DelayElapsedCallback          0x08004169   Thumb Code     2  stm32f1xx_hal_tim.o(i.HAL_TIM_OC_DelayElapsedCallback)
    HAL_TIM_PWM_ConfigChannel                0x0800416b   Thumb Code   204  stm32f1xx_hal_tim.o(i.HAL_TIM_PWM_ConfigChannel)
    HAL_TIM_PWM_Init                         0x08004237   Thumb Code    90  stm32f1xx_hal_tim.o(i.HAL_TIM_PWM_Init)
    HAL_TIM_PWM_MspInit                      0x08004291   Thumb Code    30  tim.o(i.HAL_TIM_PWM_MspInit)
    HAL_TIM_PWM_PulseFinishedCallback        0x080042b9   Thumb Code     2  stm32f1xx_hal_tim.o(i.HAL_TIM_PWM_PulseFinishedCallback)
    HAL_TIM_PWM_Start                        0x080042bd   Thumb Code   144  stm32f1xx_hal_tim.o(i.HAL_TIM_PWM_Start)
    HAL_TIM_PeriodElapsedCallback            0x08004359   Thumb Code    14  main.o(i.HAL_TIM_PeriodElapsedCallback)
    HAL_TIM_TriggerCallback                  0x0800436d   Thumb Code     2  stm32f1xx_hal_tim.o(i.HAL_TIM_TriggerCallback)
    HAL_UART_Init                            0x0800436f   Thumb Code   100  stm32f1xx_hal_uart.o(i.HAL_UART_Init)
    HAL_UART_MspInit                         0x080043d5   Thumb Code   220  usart.o(i.HAL_UART_MspInit)
    HAL_UART_Receive                         0x080044c9   Thumb Code   176  stm32f1xx_hal_uart.o(i.HAL_UART_Receive)
    HAL_UART_Transmit                        0x08004579   Thumb Code   160  stm32f1xx_hal_uart.o(i.HAL_UART_Transmit)
    HardFault_Handler                        0x08004619   Thumb Code     2  stm32f1xx_it.o(i.HardFault_Handler)
    JudgePlace                               0x0800461d   Thumb Code   108  freertos.o(i.JudgePlace)
    JudgeThorns                              0x0800468d   Thumb Code   184  freertos.o(i.JudgeThorns)
    Judgethrough                             0x08004749   Thumb Code    60  freertos.o(i.Judgethrough)
    Judgewhowin                              0x08004789   Thumb Code   622  freertos.o(i.Judgewhowin)
    Key                                      0x08004a91   Thumb Code   462  freertos.o(i.Key)
    LightSensor_GetValue                     0x08004c71   Thumb Code    40  adc.o(i.LightSensor_GetValue)
    LoadWinRecord                            0x08004c9d   Thumb Code     8  freertos.o(i.LoadWinRecord)
    MX_ADC1_Init                             0x08004ca9   Thumb Code    68  adc.o(i.MX_ADC1_Init)
    MX_FREERTOS_Init                         0x08004cf5   Thumb Code   208  freertos.o(i.MX_FREERTOS_Init)
    MX_GPIO_Init                             0x08004dcd   Thumb Code   242  gpio.o(i.MX_GPIO_Init)
    MX_TIM1_Init                             0x08004ed1   Thumb Code   152  tim.o(i.MX_TIM1_Init)
    MX_TIM3_Init                             0x08004f71   Thumb Code    98  tim.o(i.MX_TIM3_Init)
    MX_USART1_UART_Init                      0x08004fdd   Thumb Code    48  usart.o(i.MX_USART1_UART_Init)
    MX_USART2_UART_Init                      0x08005015   Thumb Code    48  usart.o(i.MX_USART2_UART_Init)
    MX_USART3_UART_Init                      0x0800504d   Thumb Code    48  usart.o(i.MX_USART3_UART_Init)
    MemManage_Handler                        0x08005085   Thumb Code     2  stm32f1xx_it.o(i.MemManage_Handler)
    NMI_Handler                              0x08005087   Thumb Code     2  stm32f1xx_it.o(i.NMI_Handler)
    OLED_Clear                               0x08005089   Thumb Code    34  oled.o(i.OLED_Clear)
    OLED_ClearArea                           0x080050b1   Thumb Code    86  oled.o(i.OLED_ClearArea)
    OLED_GPIO_Init                           0x0800510d   Thumb Code    42  oled.o(i.OLED_GPIO_Init)
    OLED_I2C_SendByte                        0x08005137   Thumb Code    58  oled.o(i.OLED_I2C_SendByte)
    OLED_I2C_Start                           0x08005171   Thumb Code    30  oled.o(i.OLED_I2C_Start)
    OLED_I2C_Stop                            0x0800518f   Thumb Code    24  oled.o(i.OLED_I2C_Stop)
    OLED_Init                                0x080051a7   Thumb Code   156  oled.o(i.OLED_Init)
    OLED_Printf                              0x08005243   Thumb Code    42  oled.o(i.OLED_Printf)
    OLED_SetCursor                           0x0800526d   Thumb Code    34  oled.o(i.OLED_SetCursor)
    OLED_ShowChar                            0x08005291   Thumb Code    52  oled.o(i.OLED_ShowChar)
    OLED_ShowImage                           0x080052cd   Thumb Code   182  oled.o(i.OLED_ShowImage)
    OLED_ShowString                          0x08005389   Thumb Code   356  oled.o(i.OLED_ShowString)
    OLED_Update                              0x080054f5   Thumb Code    34  oled.o(i.OLED_Update)
    OLED_W_SCL                               0x0800551d   Thumb Code    16  oled.o(i.OLED_W_SCL)
    OLED_W_SDA                               0x08005531   Thumb Code    16  oled.o(i.OLED_W_SDA)
    OLED_WriteCommand                        0x08005545   Thumb Code    34  oled.o(i.OLED_WriteCommand)
    OLED_WriteData                           0x08005567   Thumb Code    48  oled.o(i.OLED_WriteData)
    Playmusic                                0x08005599   Thumb Code    76  freertos.o(i.Playmusic)
    SaveWinRecord                            0x080055e9   Thumb Code    64  freertos.o(i.SaveWinRecord)
    SysTick_Handler                          0x0800562d   Thumb Code    38  port.o(i.SysTick_Handler)
    SystemClock_Config                       0x08005659   Thumb Code   120  main.o(i.SystemClock_Config)
    SystemInit                               0x080056d1   Thumb Code     2  system_stm32f1xx.o(i.SystemInit)
    TIM4_IRQHandler                          0x080056d5   Thumb Code     6  stm32f1xx_it.o(i.TIM4_IRQHandler)
    TIM_Base_SetConfig                       0x080056e1   Thumb Code   108  stm32f1xx_hal_tim.o(i.TIM_Base_SetConfig)
    TIM_CCxChannelCmd                        0x08005759   Thumb Code    26  stm32f1xx_hal_tim.o(i.TIM_CCxChannelCmd)
    TIM_OC2_SetConfig                        0x080057c5   Thumb Code    84  stm32f1xx_hal_tim.o(i.TIM_OC2_SetConfig)
    UsageFault_Handler                       0x08005a33   Thumb Code     2  stm32f1xx_it.o(i.UsageFault_Handler)
    Wifi_SendData                            0x08005a35   Thumb Code    82  wifi.o(i.Wifi_SendData)
    __ARM_fpclassify                         0x08005ac9   Thumb Code    40  fpclassify.o(i.__ARM_fpclassify)
    _is_digit                                0x08005b11   Thumb Code    14  __printf_wp.o(i._is_digit)
    main                                     0x08005b21   Thumb Code   562  main.o(i.main)
    osDelay                                  0x08005de5   Thumb Code    14  cmsis_os.o(i.osDelay)
    osKernelStart                            0x08005df3   Thumb Code    10  cmsis_os.o(i.osKernelStart)
    osThreadCreate                           0x08005dfd   Thumb Code    84  cmsis_os.o(i.osThreadCreate)
    pvPortMalloc                             0x080062e5   Thumb Code   216  heap_4.o(i.pvPortMalloc)
    pvTaskIncrementMutexHeldCount            0x080063c1   Thumb Code    18  tasks.o(i.pvTaskIncrementMutexHeldCount)
    pxPortInitialiseStack                    0x080063d9   Thumb Code    32  port.o(i.pxPortInitialiseStack)
    uart_print                               0x080063fd   Thumb Code    60  usart.o(i.uart_print)
    uxListRemove                             0x08006439   Thumb Code    38  list.o(i.uxListRemove)
    vApplicationGetIdleTaskMemory            0x08006461   Thumb Code    16  freertos.o(i.vApplicationGetIdleTaskMemory)
    vListInitialise                          0x08006475   Thumb Code    22  list.o(i.vListInitialise)
    vListInitialiseItem                      0x0800648b   Thumb Code     6  list.o(i.vListInitialiseItem)
    vListInsert                              0x08006491   Thumb Code    48  list.o(i.vListInsert)
    vListInsertEnd                           0x080064c1   Thumb Code    24  list.o(i.vListInsertEnd)
    vPortEnterCritical                       0x080064d9   Thumb Code    54  port.o(i.vPortEnterCritical)
    vPortExitCritical                        0x08006519   Thumb Code    34  port.o(i.vPortExitCritical)
    vPortFree                                0x08006541   Thumb Code    94  heap_4.o(i.vPortFree)
    vPortSetupTimerInterrupt                 0x080065a5   Thumb Code    32  port.o(i.vPortSetupTimerInterrupt)
    vPortValidateInterruptPriority           0x080065c9   Thumb Code    74  port.o(i.vPortValidateInterruptPriority)
    vTaskDelay                               0x0800661d   Thumb Code    66  tasks.o(i.vTaskDelay)
    vTaskInternalSetTimeOutState             0x08006669   Thumb Code    12  tasks.o(i.vTaskInternalSetTimeOutState)
    vTaskMissedYield                         0x08006679   Thumb Code     8  tasks.o(i.vTaskMissedYield)
    vTaskPlaceOnEventList                    0x08006685   Thumb Code    44  tasks.o(i.vTaskPlaceOnEventList)
    vTaskPriorityDisinheritAfterTimeout      0x080066b5   Thumb Code   152  tasks.o(i.vTaskPriorityDisinheritAfterTimeout)
    vTaskStartScheduler                      0x08006755   Thumb Code    90  tasks.o(i.vTaskStartScheduler)
    vTaskSuspendAll                          0x080067c1   Thumb Code    10  tasks.o(i.vTaskSuspendAll)
    vTaskSwitchContext                       0x080067d1   Thumb Code    82  tasks.o(i.vTaskSwitchContext)
    xPortStartScheduler                      0x0800682d   Thumb Code   154  port.o(i.xPortStartScheduler)
    xQueueCreateMutex                        0x080068d5   Thumb Code    22  queue.o(i.xQueueCreateMutex)
    xQueueGenericCreate                      0x080068eb   Thumb Code    66  queue.o(i.xQueueGenericCreate)
    xQueueGenericReset                       0x0800692d   Thumb Code   132  queue.o(i.xQueueGenericReset)
    xQueueGenericSend                        0x080069b5   Thumb Code   346  queue.o(i.xQueueGenericSend)
    xQueueGenericSendFromISR                 0x08006b15   Thumb Code   190  queue.o(i.xQueueGenericSendFromISR)
    xQueueReceive                            0x08006bd5   Thumb Code   308  queue.o(i.xQueueReceive)
    xQueueSemaphoreTake                      0x08006d0d   Thumb Code   372  queue.o(i.xQueueSemaphoreTake)
    xTaskCheckForTimeOut                     0x08006e85   Thumb Code   112  tasks.o(i.xTaskCheckForTimeOut)
    xTaskCreate                              0x08006ef9   Thumb Code    90  tasks.o(i.xTaskCreate)
    xTaskCreateStatic                        0x08006f53   Thumb Code    86  tasks.o(i.xTaskCreateStatic)
    xTaskGetSchedulerState                   0x08006fa9   Thumb Code    22  tasks.o(i.xTaskGetSchedulerState)
    xTaskGetTickCountFromISR                 0x08006fc5   Thumb Code    12  tasks.o(i.xTaskGetTickCountFromISR)
    xTaskIncrementTick                       0x08006fd5   Thumb Code   194  tasks.o(i.xTaskIncrementTick)
    xTaskPriorityDisinherit                  0x080070a1   Thumb Code   144  tasks.o(i.xTaskPriorityDisinherit)
    xTaskPriorityInherit                     0x08007139   Thumb Code   130  tasks.o(i.xTaskPriorityInherit)
    xTaskRemoveFromEventList                 0x080071c5   Thumb Code   108  tasks.o(i.xTaskRemoveFromEventList)
    xTaskResumeAll                           0x08007239   Thumb Code   182  tasks.o(i.xTaskResumeAll)
    _get_lc_numeric                          0x080072fd   Thumb Code    44  lc_numeric_c.o(locale$$code)
    _get_lc_ctype                            0x08007329   Thumb Code    44  lc_ctype_c.o(locale$$code)
    _printf_fp_dec                           0x08007355   Thumb Code     4  printf1.o(x$fpl$printf1)
    _printf_fp_hex                           0x08007359   Thumb Code     4  printf2.o(x$fpl$printf2)
    OLED_F8x16                               0x0800735c   Data        1520  oled_data.o(.constdata)
    __I$use$fp                               0x0800735c   Number         0  usenofp.o(x$fpl$usenofp)
    OLED_F6x8                                0x0800794c   Data         570  oled_data.o(.constdata)
    OLED_CF16x16                             0x08007b86   Data         259  oled_data.o(.constdata)
    people1                                  0x08007c89   Data          32  oled_data.o(.constdata)
    people2                                  0x08007ca9   Data          32  oled_data.o(.constdata)
    thorn                                    0x08007cc9   Data           4  oled_data.o(.constdata)
    platform                                 0x08007ccd   Data          32  oled_data.o(.constdata)
    Door                                     0x08007ced   Data           8  oled_data.o(.constdata)
    AHBPrescTable                            0x08007de0   Data          16  system_stm32f1xx.o(.constdata)
    APBPrescTable                            0x08007df0   Data           8  system_stm32f1xx.o(.constdata)
    Region$$Table$$Base                      0x08008150   Number         0  anon$$obj.o(Region$$Table)
    Region$$Table$$Limit                     0x08008170   Number         0  anon$$obj.o(Region$$Table)
    __ctype                                  0x08008199   Data           0  lc_ctype_c.o(locale$$data)
    Nowwakeup_Time                           0x20000000   Data           4  main.o(.data)
    Lastwakeup_Time                          0x20000004   Data           4  main.o(.data)
    ChoseDoneFlag                            0x20000008   Data           1  main.o(.data)
    AChoseDoneFlag                           0x20000009   Data           1  main.o(.data)
    Tempbuffer                               0x2000000a   Data           4  main.o(.data)
    ATempbuffer                              0x2000000e   Data           4  main.o(.data)
    people1X                                 0x20000014   Data           1  freertos.o(.data)
    people1Y                                 0x20000015   Data           1  freertos.o(.data)
    people2X                                 0x20000016   Data           1  freertos.o(.data)
    people2Y                                 0x20000017   Data           1  freertos.o(.data)
    temp                                     0x20000018   Data           1  freertos.o(.data)
    Atemp                                    0x20000019   Data           1  freertos.o(.data)
    gameover                                 0x2000001a   Data           1  freertos.o(.data)
    Agameover                                0x2000001b   Data           1  freertos.o(.data)
    State                                    0x2000001c   Data           1  freertos.o(.data)
    Whowin                                   0x2000001f   Data           1  freertos.o(.data)
    wakeup_flag                              0x20000020   Data           1  freertos.o(.data)
    thorns1                                  0x20000021   Data           4  freertos.o(.data)
    thorns4                                  0x20000025   Data           4  freertos.o(.data)
    AKeyQueue                                0x2000002c   Data           4  freertos.o(.data)
    KeyQueue                                 0x20000030   Data           4  freertos.o(.data)
    P1Mutex                                  0x20000034   Data           4  freertos.o(.data)
    P2Mutex                                  0x20000038   Data           4  freertos.o(.data)
    HP                                       0x2000003c   Data           4  freertos.o(.data)
    AHP                                      0x20000040   Data           4  freertos.o(.data)
    lasttick                                 0x20000044   Data           4  freertos.o(.data)
    nowtick                                  0x20000048   Data           4  freertos.o(.data)
    Alasttick                                0x2000004c   Data           4  freertos.o(.data)
    Anowtick                                 0x20000050   Data           4  freertos.o(.data)
    moveplatform                             0x20000054   Data           4  freertos.o(.data)
    Amoveplatform                            0x20000058   Data           4  freertos.o(.data)
    winround                                 0x2000005c   Data           4  freertos.o(.data)
    Awinround                                0x20000060   Data           4  freertos.o(.data)
    RX_Buffer                                0x20000064   Data           4  freertos.o(.data)
    ARX_Buffer                               0x20000068   Data           4  freertos.o(.data)
    OLED_DrawHandle                          0x20000070   Data           4  freertos.o(.data)
    KeyTaskHandle                            0x20000074   Data           4  freertos.o(.data)
    AOLED_DrawHandle                         0x20000078   Data           4  freertos.o(.data)
    AKeyTaskHandle                           0x2000007c   Data           4  freertos.o(.data)
    JudgeWinHandle                           0x20000080   Data           4  freertos.o(.data)
    BuzzerPlayHandle                         0x20000084   Data           4  freertos.o(.data)
    WakeUpHandle                             0x20000088   Data           4  freertos.o(.data)
    thorns5                                  0x2000008c   Data           8  freertos.o(.data)
    platforms1                               0x20000094   Data          24  freertos.o(.data)
    platforms2                               0x200000ac   Data          20  freertos.o(.data)
    platforms3                               0x200000c0   Data          24  freertos.o(.data)
    platforms4                               0x200000d8   Data          20  freertos.o(.data)
    platforms5                               0x200000ec   Data          16  freertos.o(.data)
    uwTickFreq                               0x200000fc   Data           1  stm32f1xx_hal.o(.data)
    uwTickPrio                               0x20000100   Data           4  stm32f1xx_hal.o(.data)
    uwTick                                   0x20000104   Data           4  stm32f1xx_hal.o(.data)
    SystemCoreClock                          0x20000108   Data           4  system_stm32f1xx.o(.data)
    pxCurrentTCB                             0x2000010c   Data           4  tasks.o(.data)
    OLED_DisplayBuf                          0x20000174   Data        1024  oled.o(.bss)
    AOLED_DisplayBuf                         0x20000574   Data        1024  aoled.o(.bss)
    Player1                                  0x20000974   Data          32  main.o(.bss)
    Player2                                  0x20000994   Data          32  main.o(.bss)
    hadc1                                    0x20000c08   Data          48  adc.o(.bss)
    htim1                                    0x20000c38   Data          72  tim.o(.bss)
    htim3                                    0x20000c80   Data          72  tim.o(.bss)
    huart1                                   0x20000cc8   Data          72  usart.o(.bss)
    huart2                                   0x20000d10   Data          72  usart.o(.bss)
    huart3                                   0x20000d58   Data          72  usart.o(.bss)
    htim4                                    0x20000da0   Data          72  stm32f1xx_hal_timebase_tim.o(.bss)
    pFlash                                   0x20000de8   Data          32  stm32f1xx_hal_flash.o(.bss)
    __libspace_start                         0x20002758   Data          96  libspace.o(.bss)
    __temporary_stack_top$libspace           0x200027b8   Data           0  libspace.o(.bss)



==============================================================================

Memory Map of the image

  Image Entry point : 0x080000ed

  Load Region LR_IROM1 (Base: 0x08000000, Size: 0x00008410, Max: 0x00010000, ABSOLUTE, COMPRESSED[0x00008314])

    Execution Region ER_IROM1 (Exec base: 0x08000000, Load base: 0x08000000, Size: 0x0000829c, Max: 0x00010000, ABSOLUTE)

    Exec Addr    Load Addr    Size         Type   Attr      Idx    E Section Name        Object

    0x08000000   0x08000000   0x000000ec   Data   RO            3    RESET               startup_stm32f103xb.o
    0x080000ec   0x080000ec   0x00000008   Code   RO         5219  * !!!main             c_w.l(__main.o)
    0x080000f4   0x080000f4   0x00000034   Code   RO         5650    !!!scatter          c_w.l(__scatter.o)
    0x08000128   0x08000128   0x0000005a   Code   RO         5648    !!dczerorl2         c_w.l(__dczerorl2.o)
    0x08000182   0x08000182   0x00000002   PAD
    0x08000184   0x08000184   0x0000001c   Code   RO         5652    !!handler_zi        c_w.l(__scatter_zi.o)
    0x080001a0   0x080001a0   0x00000000   Code   RO         5359    .ARM.Collect$$_printf_percent$$00000000  c_w.l(_printf_percent.o)
    0x080001a0   0x080001a0   0x00000006   Code   RO         5348    .ARM.Collect$$_printf_percent$$00000001  c_w.l(_printf_n.o)
    0x080001a6   0x080001a6   0x00000006   Code   RO         5350    .ARM.Collect$$_printf_percent$$00000002  c_w.l(_printf_p.o)
    0x080001ac   0x080001ac   0x00000006   Code   RO         5355    .ARM.Collect$$_printf_percent$$00000003  c_w.l(_printf_f.o)
    0x080001b2   0x080001b2   0x00000006   Code   RO         5356    .ARM.Collect$$_printf_percent$$00000004  c_w.l(_printf_e.o)
    0x080001b8   0x080001b8   0x00000006   Code   RO         5357    .ARM.Collect$$_printf_percent$$00000005  c_w.l(_printf_g.o)
    0x080001be   0x080001be   0x00000006   Code   RO         5358    .ARM.Collect$$_printf_percent$$00000006  c_w.l(_printf_a.o)
    0x080001c4   0x080001c4   0x0000000a   Code   RO         5363    .ARM.Collect$$_printf_percent$$00000007  c_w.l(_printf_ll.o)
    0x080001ce   0x080001ce   0x00000006   Code   RO         5352    .ARM.Collect$$_printf_percent$$00000008  c_w.l(_printf_i.o)
    0x080001d4   0x080001d4   0x00000006   Code   RO         5353    .ARM.Collect$$_printf_percent$$00000009  c_w.l(_printf_d.o)
    0x080001da   0x080001da   0x00000006   Code   RO         5354    .ARM.Collect$$_printf_percent$$0000000A  c_w.l(_printf_u.o)
    0x080001e0   0x080001e0   0x00000006   Code   RO         5351    .ARM.Collect$$_printf_percent$$0000000B  c_w.l(_printf_o.o)
    0x080001e6   0x080001e6   0x00000006   Code   RO         5349    .ARM.Collect$$_printf_percent$$0000000C  c_w.l(_printf_x.o)
    0x080001ec   0x080001ec   0x00000006   Code   RO         5360    .ARM.Collect$$_printf_percent$$0000000D  c_w.l(_printf_lli.o)
    0x080001f2   0x080001f2   0x00000006   Code   RO         5361    .ARM.Collect$$_printf_percent$$0000000E  c_w.l(_printf_lld.o)
    0x080001f8   0x080001f8   0x00000006   Code   RO         5362    .ARM.Collect$$_printf_percent$$0000000F  c_w.l(_printf_llu.o)
    0x080001fe   0x080001fe   0x00000006   Code   RO         5367    .ARM.Collect$$_printf_percent$$00000010  c_w.l(_printf_llo.o)
    0x08000204   0x08000204   0x00000006   Code   RO         5368    .ARM.Collect$$_printf_percent$$00000011  c_w.l(_printf_llx.o)
    0x0800020a   0x0800020a   0x0000000a   Code   RO         5364    .ARM.Collect$$_printf_percent$$00000012  c_w.l(_printf_l.o)
    0x08000214   0x08000214   0x00000006   Code   RO         5346    .ARM.Collect$$_printf_percent$$00000013  c_w.l(_printf_c.o)
    0x0800021a   0x0800021a   0x00000006   Code   RO         5347    .ARM.Collect$$_printf_percent$$00000014  c_w.l(_printf_s.o)
    0x08000220   0x08000220   0x00000006   Code   RO         5365    .ARM.Collect$$_printf_percent$$00000015  c_w.l(_printf_lc.o)
    0x08000226   0x08000226   0x00000006   Code   RO         5366    .ARM.Collect$$_printf_percent$$00000016  c_w.l(_printf_ls.o)
    0x0800022c   0x0800022c   0x00000004   Code   RO         5452    .ARM.Collect$$_printf_percent$$00000017  c_w.l(_printf_percent_end.o)
    0x08000230   0x08000230   0x00000002   Code   RO         5510    .ARM.Collect$$libinit$$00000000  c_w.l(libinit.o)
    0x08000232   0x08000232   0x00000000   Code   RO         5521    .ARM.Collect$$libinit$$00000002  c_w.l(libinit2.o)
    0x08000232   0x08000232   0x00000000   Code   RO         5523    .ARM.Collect$$libinit$$00000004  c_w.l(libinit2.o)
    0x08000232   0x08000232   0x00000000   Code   RO         5526    .ARM.Collect$$libinit$$0000000A  c_w.l(libinit2.o)
    0x08000232   0x08000232   0x00000000   Code   RO         5528    .ARM.Collect$$libinit$$0000000C  c_w.l(libinit2.o)
    0x08000232   0x08000232   0x00000000   Code   RO         5530    .ARM.Collect$$libinit$$0000000E  c_w.l(libinit2.o)
    0x08000232   0x08000232   0x00000006   Code   RO         5531    .ARM.Collect$$libinit$$0000000F  c_w.l(libinit2.o)
    0x08000238   0x08000238   0x00000000   Code   RO         5533    .ARM.Collect$$libinit$$00000011  c_w.l(libinit2.o)
    0x08000238   0x08000238   0x0000000c   Code   RO         5534    .ARM.Collect$$libinit$$00000012  c_w.l(libinit2.o)
    0x08000244   0x08000244   0x00000000   Code   RO         5535    .ARM.Collect$$libinit$$00000013  c_w.l(libinit2.o)
    0x08000244   0x08000244   0x00000000   Code   RO         5537    .ARM.Collect$$libinit$$00000015  c_w.l(libinit2.o)
    0x08000244   0x08000244   0x0000000a   Code   RO         5538    .ARM.Collect$$libinit$$00000016  c_w.l(libinit2.o)
    0x0800024e   0x0800024e   0x00000000   Code   RO         5539    .ARM.Collect$$libinit$$00000017  c_w.l(libinit2.o)
    0x0800024e   0x0800024e   0x00000000   Code   RO         5541    .ARM.Collect$$libinit$$00000019  c_w.l(libinit2.o)
    0x0800024e   0x0800024e   0x00000000   Code   RO         5543    .ARM.Collect$$libinit$$0000001B  c_w.l(libinit2.o)
    0x0800024e   0x0800024e   0x00000000   Code   RO         5545    .ARM.Collect$$libinit$$0000001D  c_w.l(libinit2.o)
    0x0800024e   0x0800024e   0x00000000   Code   RO         5547    .ARM.Collect$$libinit$$0000001F  c_w.l(libinit2.o)
    0x0800024e   0x0800024e   0x00000000   Code   RO         5549    .ARM.Collect$$libinit$$00000021  c_w.l(libinit2.o)
    0x0800024e   0x0800024e   0x00000000   Code   RO         5551    .ARM.Collect$$libinit$$00000023  c_w.l(libinit2.o)
    0x0800024e   0x0800024e   0x00000000   Code   RO         5553    .ARM.Collect$$libinit$$00000025  c_w.l(libinit2.o)
    0x0800024e   0x0800024e   0x00000000   Code   RO         5557    .ARM.Collect$$libinit$$0000002C  c_w.l(libinit2.o)
    0x0800024e   0x0800024e   0x00000000   Code   RO         5559    .ARM.Collect$$libinit$$0000002E  c_w.l(libinit2.o)
    0x0800024e   0x0800024e   0x00000000   Code   RO         5561    .ARM.Collect$$libinit$$00000030  c_w.l(libinit2.o)
    0x0800024e   0x0800024e   0x00000000   Code   RO         5563    .ARM.Collect$$libinit$$00000032  c_w.l(libinit2.o)
    0x0800024e   0x0800024e   0x00000002   Code   RO         5564    .ARM.Collect$$libinit$$00000033  c_w.l(libinit2.o)
    0x08000250   0x08000250   0x00000002   Code   RO         5588    .ARM.Collect$$libshutdown$$00000000  c_w.l(libshutdown.o)
    0x08000252   0x08000252   0x00000000   Code   RO         5601    .ARM.Collect$$libshutdown$$00000002  c_w.l(libshutdown2.o)
    0x08000252   0x08000252   0x00000000   Code   RO         5603    .ARM.Collect$$libshutdown$$00000004  c_w.l(libshutdown2.o)
    0x08000252   0x08000252   0x00000000   Code   RO         5606    .ARM.Collect$$libshutdown$$00000007  c_w.l(libshutdown2.o)
    0x08000252   0x08000252   0x00000000   Code   RO         5609    .ARM.Collect$$libshutdown$$0000000A  c_w.l(libshutdown2.o)
    0x08000252   0x08000252   0x00000000   Code   RO         5611    .ARM.Collect$$libshutdown$$0000000C  c_w.l(libshutdown2.o)
    0x08000252   0x08000252   0x00000000   Code   RO         5614    .ARM.Collect$$libshutdown$$0000000F  c_w.l(libshutdown2.o)
    0x08000252   0x08000252   0x00000002   Code   RO         5615    .ARM.Collect$$libshutdown$$00000010  c_w.l(libshutdown2.o)
    0x08000254   0x08000254   0x00000000   Code   RO         5275    .ARM.Collect$$rtentry$$00000000  c_w.l(__rtentry.o)
    0x08000254   0x08000254   0x00000000   Code   RO         5418    .ARM.Collect$$rtentry$$00000002  c_w.l(__rtentry2.o)
    0x08000254   0x08000254   0x00000006   Code   RO         5430    .ARM.Collect$$rtentry$$00000004  c_w.l(__rtentry4.o)
    0x0800025a   0x0800025a   0x00000000   Code   RO         5420    .ARM.Collect$$rtentry$$00000009  c_w.l(__rtentry2.o)
    0x0800025a   0x0800025a   0x00000004   Code   RO         5421    .ARM.Collect$$rtentry$$0000000A  c_w.l(__rtentry2.o)
    0x0800025e   0x0800025e   0x00000000   Code   RO         5423    .ARM.Collect$$rtentry$$0000000C  c_w.l(__rtentry2.o)
    0x0800025e   0x0800025e   0x00000008   Code   RO         5424    .ARM.Collect$$rtentry$$0000000D  c_w.l(__rtentry2.o)
    0x08000266   0x08000266   0x00000002   Code   RO         5515    .ARM.Collect$$rtexit$$00000000  c_w.l(rtexit.o)
    0x08000268   0x08000268   0x00000000   Code   RO         5568    .ARM.Collect$$rtexit$$00000002  c_w.l(rtexit2.o)
    0x08000268   0x08000268   0x00000004   Code   RO         5569    .ARM.Collect$$rtexit$$00000003  c_w.l(rtexit2.o)
    0x0800026c   0x0800026c   0x00000006   Code   RO         5570    .ARM.Collect$$rtexit$$00000004  c_w.l(rtexit2.o)
    0x08000272   0x08000272   0x00000002   PAD
    0x08000274   0x08000274   0x00000096   Code   RO         5122    .emb_text           port.o
    0x0800030a   0x0800030a   0x00000002   PAD
    0x0800030c   0x0800030c   0x00000040   Code   RO            4    .text               startup_stm32f103xb.o
    0x0800034c   0x0800034c   0x00000026   Code   RO         5201    .text               c_w.l(llushr.o)
    0x08000372   0x08000372   0x00000002   PAD
    0x08000374   0x08000374   0x00000024   Code   RO         5203    .text               c_w.l(vsprintf.o)
    0x08000398   0x08000398   0x0000003e   Code   RO         5205    .text               c_w.l(strlen.o)
    0x080003d6   0x080003d6   0x0000008a   Code   RO         5207    .text               c_w.l(rt_memcpy_v6.o)
    0x08000460   0x08000460   0x00000064   Code   RO         5209    .text               c_w.l(rt_memcpy_w.o)
    0x080004c4   0x080004c4   0x0000004e   Code   RO         5213    .text               c_w.l(rt_memclr_w.o)
    0x08000512   0x08000512   0x00000002   PAD
    0x08000514   0x08000514   0x00000080   Code   RO         5215    .text               c_w.l(strcmpv7m.o)
    0x08000594   0x08000594   0x00000006   Code   RO         5217    .text               c_w.l(heapauxi.o)
    0x0800059a   0x0800059a   0x0000004e   Code   RO         5280    .text               c_w.l(_printf_pad.o)
    0x080005e8   0x080005e8   0x00000024   Code   RO         5282    .text               c_w.l(_printf_truncate.o)
    0x0800060c   0x0800060c   0x00000052   Code   RO         5284    .text               c_w.l(_printf_str.o)
    0x0800065e   0x0800065e   0x00000002   PAD
    0x08000660   0x08000660   0x00000078   Code   RO         5286    .text               c_w.l(_printf_dec.o)
    0x080006d8   0x080006d8   0x00000028   Code   RO         5288    .text               c_w.l(_printf_charcount.o)
    0x08000700   0x08000700   0x00000030   Code   RO         5290    .text               c_w.l(_printf_char_common.o)
    0x08000730   0x08000730   0x0000000a   Code   RO         5292    .text               c_w.l(_sputc.o)
    0x0800073a   0x0800073a   0x00000002   PAD
    0x0800073c   0x0800073c   0x000000bc   Code   RO         5294    .text               c_w.l(_printf_wctomb.o)
    0x080007f8   0x080007f8   0x0000007c   Code   RO         5297    .text               c_w.l(_printf_longlong_dec.o)
    0x08000874   0x08000874   0x00000070   Code   RO         5303    .text               c_w.l(_printf_oct_int_ll.o)
    0x080008e4   0x080008e4   0x00000094   Code   RO         5323    .text               c_w.l(_printf_hex_int_ll_ptr.o)
    0x08000978   0x08000978   0x00000188   Code   RO         5343    .text               c_w.l(__printf_flags_ss_wp.o)
    0x08000b00   0x08000b00   0x0000008a   Code   RO         5437    .text               c_w.l(lludiv10.o)
    0x08000b8a   0x08000b8a   0x000000b2   Code   RO         5439    .text               c_w.l(_printf_intcommon.o)
    0x08000c3c   0x08000c3c   0x0000041e   Code   RO         5441    .text               c_w.l(_printf_fp_dec.o)
    0x0800105a   0x0800105a   0x00000002   PAD
    0x0800105c   0x0800105c   0x000002fc   Code   RO         5443    .text               c_w.l(_printf_fp_hex.o)
    0x08001358   0x08001358   0x0000002c   Code   RO         5448    .text               c_w.l(_printf_char.o)
    0x08001384   0x08001384   0x0000002c   Code   RO         5450    .text               c_w.l(_printf_wchar.o)
    0x080013b0   0x080013b0   0x00000040   Code   RO         5453    .text               c_w.l(_wcrtomb.o)
    0x080013f0   0x080013f0   0x00000008   Code   RO         5461    .text               c_w.l(libspace.o)
    0x080013f8   0x080013f8   0x0000004a   Code   RO         5464    .text               c_w.l(sys_stackheap_outer.o)
    0x08001442   0x08001442   0x00000002   PAD
    0x08001444   0x08001444   0x00000010   Code   RO         5466    .text               c_w.l(rt_ctype_table.o)
    0x08001454   0x08001454   0x00000008   Code   RO         5471    .text               c_w.l(rt_locale_intlibspace.o)
    0x0800145c   0x0800145c   0x00000080   Code   RO         5473    .text               c_w.l(_printf_fp_infnan.o)
    0x080014dc   0x080014dc   0x000000e4   Code   RO         5475    .text               c_w.l(bigflt0.o)
    0x080015c0   0x080015c0   0x00000012   Code   RO         5503    .text               c_w.l(exit.o)
    0x080015d2   0x080015d2   0x00000002   PAD
    0x080015d4   0x080015d4   0x0000000c   Code   RO         5580    .text               c_w.l(sys_exit.o)
    0x080015e0   0x080015e0   0x00000002   Code   RO         5591    .text               c_w.l(use_no_semi.o)
    0x080015e2   0x080015e2   0x00000000   Code   RO         5593    .text               c_w.l(indicate_semi.o)
    0x080015e2   0x080015e2   0x0000003e   Code   RO         5478    CL$$btod_d2e        c_w.l(btod.o)
    0x08001620   0x08001620   0x00000046   Code   RO         5480    CL$$btod_d2e_denorm_low  c_w.l(btod.o)
    0x08001666   0x08001666   0x00000060   Code   RO         5479    CL$$btod_d2e_norm_op1  c_w.l(btod.o)
    0x080016c6   0x080016c6   0x00000338   Code   RO         5488    CL$$btod_div_common  c_w.l(btod.o)
    0x080019fe   0x080019fe   0x000000dc   Code   RO         5485    CL$$btod_e2e        c_w.l(btod.o)
    0x08001ada   0x08001ada   0x0000002a   Code   RO         5482    CL$$btod_ediv       c_w.l(btod.o)
    0x08001b04   0x08001b04   0x0000002a   Code   RO         5481    CL$$btod_emul       c_w.l(btod.o)
    0x08001b2e   0x08001b2e   0x00000244   Code   RO         5487    CL$$btod_mult_common  c_w.l(btod.o)
    0x08001d72   0x08001d72   0x00000002   PAD
    0x08001d74   0x08001d74   0x00000056   Code   RO         1278    i.ADC_ConversionStop_Disable  stm32f1xx_hal_adc.o
    0x08001dca   0x08001dca   0x00000002   PAD
    0x08001dcc   0x08001dcc   0x0000007c   Code   RO         1282    i.ADC_Enable        stm32f1xx_hal_adc.o
    0x08001e48   0x08001e48   0x0000023c   Code   RO          767    i.ADraw_Pic         freertos.o
    0x08002084   0x08002084   0x000001e4   Code   RO          768    i.AKey              freertos.o
    0x08002268   0x08002268   0x00000028   Code   RO          379    i.AOLED_Clear       aoled.o
    0x08002290   0x08002290   0x0000005c   Code   RO          380    i.AOLED_ClearArea   aoled.o
    0x080022ec   0x080022ec   0x0000002a   Code   RO          388    i.AOLED_GPIO_Init   aoled.o
    0x08002316   0x08002316   0x0000003a   Code   RO          390    i.AOLED_I2C_SendByte  aoled.o
    0x08002350   0x08002350   0x0000001e   Code   RO          391    i.AOLED_I2C_Start   aoled.o
    0x0800236e   0x0800236e   0x00000018   Code   RO          392    i.AOLED_I2C_Stop    aoled.o
    0x08002386   0x08002386   0x0000009c   Code   RO          393    i.AOLED_Init        aoled.o
    0x08002422   0x08002422   0x0000002a   Code   RO          396    i.AOLED_Printf      aoled.o
    0x0800244c   0x0800244c   0x00000022   Code   RO          399    i.AOLED_SetCursor   aoled.o
    0x0800246e   0x0800246e   0x00000002   PAD
    0x08002470   0x08002470   0x0000003c   Code   RO          401    i.AOLED_ShowChar    aoled.o
    0x080024ac   0x080024ac   0x000000bc   Code   RO          404    i.AOLED_ShowImage   aoled.o
    0x08002568   0x08002568   0x0000016c   Code   RO          407    i.AOLED_ShowString  aoled.o
    0x080026d4   0x080026d4   0x00000028   Code   RO          408    i.AOLED_Update      aoled.o
    0x080026fc   0x080026fc   0x00000018   Code   RO          410    i.AOLED_W_SCL       aoled.o
    0x08002714   0x08002714   0x00000018   Code   RO          411    i.AOLED_W_SDA       aoled.o
    0x0800272c   0x0800272c   0x00000022   Code   RO          412    i.AOLED_WriteCommand  aoled.o
    0x0800274e   0x0800274e   0x00000030   Code   RO          413    i.AOLED_WriteData   aoled.o
    0x0800277e   0x0800277e   0x00000002   Code   RO         1091    i.BusFault_Handler  stm32f1xx_it.o
    0x08002780   0x08002780   0x0000003c   Code   RO          945    i.Buzzer_SetFrequency  tim.o
    0x080027bc   0x080027bc   0x00000002   Code   RO         1092    i.DebugMon_Handler  stm32f1xx_it.o
    0x080027be   0x080027be   0x00000002   PAD
    0x080027c0   0x080027c0   0x00000238   Code   RO          769    i.DrawPic           freertos.o
    0x080029f8   0x080029f8   0x00000016   Code   RO         1093    i.EXTI15_10_IRQHandler  stm32f1xx_it.o
    0x08002a0e   0x08002a0e   0x00000006   Code   RO         1094    i.EXTI1_IRQHandler  stm32f1xx_it.o
    0x08002a14   0x08002a14   0x00000006   Code   RO         1095    i.EXTI4_IRQHandler  stm32f1xx_it.o
    0x08002a1a   0x08002a1a   0x00000006   Code   RO         1096    i.EXTI9_5_IRQHandler  stm32f1xx_it.o
    0x08002a20   0x08002a20   0x00000014   Code   RO          946    i.Encoder_Get       tim.o
    0x08002a34   0x08002a34   0x00000004   Code   RO          681    i.Error_Handler     main.o
    0x08002a38   0x08002a38   0x00000024   Code   RO         2374    i.FLASH_MassErase   stm32f1xx_hal_flash_ex.o
    0x08002a5c   0x08002a5c   0x00000024   Code   RO         2379    i.FLASH_PageErase   stm32f1xx_hal_flash_ex.o
    0x08002a80   0x08002a80   0x0000001c   Code   RO         2271    i.FLASH_Program_HalfWord  stm32f1xx_hal_flash.o
    0x08002a9c   0x08002a9c   0x0000005c   Code   RO         2272    i.FLASH_SetErrorCode  stm32f1xx_hal_flash.o
    0x08002af8   0x08002af8   0x00000054   Code   RO         2273    i.FLASH_WaitForLastOperation  stm32f1xx_hal_flash.o
    0x08002b4c   0x08002b4c   0x000000d0   Code   RO          770    i.GetwakeupFlag     freertos.o
    0x08002c1c   0x08002c1c   0x000000fc   Code   RO         1284    i.HAL_ADC_ConfigChannel  stm32f1xx_hal_adc.o
    0x08002d18   0x08002d18   0x00000004   Code   RO         1290    i.HAL_ADC_GetState  stm32f1xx_hal_adc.o
    0x08002d1c   0x08002d1c   0x00000006   Code   RO         1291    i.HAL_ADC_GetValue  stm32f1xx_hal_adc.o
    0x08002d22   0x08002d22   0x00000002   PAD
    0x08002d24   0x08002d24   0x0000011c   Code   RO         1293    i.HAL_ADC_Init      stm32f1xx_hal_adc.o
    0x08002e40   0x08002e40   0x00000058   Code   RO          898    i.HAL_ADC_MspInit   adc.o
    0x08002e98   0x08002e98   0x0000013c   Code   RO         1297    i.HAL_ADC_PollForConversion  stm32f1xx_hal_adc.o
    0x08002fd4   0x08002fd4   0x000000c0   Code   RO         1299    i.HAL_ADC_Start     stm32f1xx_hal_adc.o
    0x08003094   0x08003094   0x00000024   Code   RO         1561    i.HAL_Delay         stm32f1xx_hal.o
    0x080030b8   0x080030b8   0x000000a8   Code   RO         2380    i.HAL_FLASHEx_Erase  stm32f1xx_hal_flash_ex.o
    0x08003160   0x08003160   0x00000014   Code   RO         2277    i.HAL_FLASH_Lock    stm32f1xx_hal_flash.o
    0x08003174   0x08003174   0x00000080   Code   RO         2282    i.HAL_FLASH_Program  stm32f1xx_hal_flash.o
    0x080031f4   0x080031f4   0x00000028   Code   RO         2284    i.HAL_FLASH_Unlock  stm32f1xx_hal_flash.o
    0x0800321c   0x0800321c   0x00000080   Code   RO          771    i.HAL_GPIO_EXTI_Callback  freertos.o
    0x0800329c   0x0800329c   0x00000018   Code   RO         1870    i.HAL_GPIO_EXTI_IRQHandler  stm32f1xx_hal_gpio.o
    0x080032b4   0x080032b4   0x000001e0   Code   RO         1871    i.HAL_GPIO_Init     stm32f1xx_hal_gpio.o
    0x08003494   0x08003494   0x0000000a   Code   RO         1873    i.HAL_GPIO_ReadPin  stm32f1xx_hal_gpio.o
    0x0800349e   0x0800349e   0x0000000a   Code   RO         1875    i.HAL_GPIO_WritePin  stm32f1xx_hal_gpio.o
    0x080034a8   0x080034a8   0x0000000c   Code   RO         1565    i.HAL_GetTick       stm32f1xx_hal.o
    0x080034b4   0x080034b4   0x00000010   Code   RO         1571    i.HAL_IncTick       stm32f1xx_hal.o
    0x080034c4   0x080034c4   0x00000024   Code   RO         1572    i.HAL_Init          stm32f1xx_hal.o
    0x080034e8   0x080034e8   0x00000098   Code   RO         1203    i.HAL_InitTick      stm32f1xx_hal_timebase_tim.o
    0x08003580   0x08003580   0x00000048   Code   RO         1179    i.HAL_MspInit       stm32f1xx_hal_msp.o
    0x080035c8   0x080035c8   0x0000001a   Code   RO         2031    i.HAL_NVIC_EnableIRQ  stm32f1xx_hal_cortex.o
    0x080035e2   0x080035e2   0x00000002   PAD
    0x080035e4   0x080035e4   0x00000040   Code   RO         2037    i.HAL_NVIC_SetPriority  stm32f1xx_hal_cortex.o
    0x08003624   0x08003624   0x00000024   Code   RO         2038    i.HAL_NVIC_SetPriorityGrouping  stm32f1xx_hal_cortex.o
    0x08003648   0x08003648   0x000000a4   Code   RO         1832    i.HAL_RCCEx_GetPeriphCLKFreq  stm32f1xx_hal_rcc_ex.o
    0x080036ec   0x080036ec   0x000000ec   Code   RO         1833    i.HAL_RCCEx_PeriphCLKConfig  stm32f1xx_hal_rcc_ex.o
    0x080037d8   0x080037d8   0x0000012c   Code   RO         1729    i.HAL_RCC_ClockConfig  stm32f1xx_hal_rcc.o
    0x08003904   0x08003904   0x00000040   Code   RO         1733    i.HAL_RCC_GetClockConfig  stm32f1xx_hal_rcc.o
    0x08003944   0x08003944   0x00000020   Code   RO         1736    i.HAL_RCC_GetPCLK1Freq  stm32f1xx_hal_rcc.o
    0x08003964   0x08003964   0x00000020   Code   RO         1737    i.HAL_RCC_GetPCLK2Freq  stm32f1xx_hal_rcc.o
    0x08003984   0x08003984   0x0000004c   Code   RO         1738    i.HAL_RCC_GetSysClockFreq  stm32f1xx_hal_rcc.o
    0x080039d0   0x080039d0   0x00000320   Code   RO         1741    i.HAL_RCC_OscConfig  stm32f1xx_hal_rcc.o
    0x08003cf0   0x08003cf0   0x00000002   Code   RO         3237    i.HAL_TIMEx_BreakCallback  stm32f1xx_hal_tim_ex.o
    0x08003cf2   0x08003cf2   0x00000002   Code   RO         3238    i.HAL_TIMEx_CommutCallback  stm32f1xx_hal_tim_ex.o
    0x08003cf4   0x08003cf4   0x00000054   Code   RO         3240    i.HAL_TIMEx_ConfigBreakDeadTime  stm32f1xx_hal_tim_ex.o
    0x08003d48   0x08003d48   0x00000068   Code   RO         3256    i.HAL_TIMEx_MasterConfigSynchronization  stm32f1xx_hal_tim_ex.o
    0x08003db0   0x08003db0   0x0000005a   Code   RO         2533    i.HAL_TIM_Base_Init  stm32f1xx_hal_tim.o
    0x08003e0a   0x08003e0a   0x00000002   Code   RO         2535    i.HAL_TIM_Base_MspInit  stm32f1xx_hal_tim.o
    0x08003e0c   0x08003e0c   0x00000058   Code   RO         2538    i.HAL_TIM_Base_Start_IT  stm32f1xx_hal_tim.o
    0x08003e64   0x08003e64   0x000000a4   Code   RO         2554    i.HAL_TIM_Encoder_Init  stm32f1xx_hal_tim.o
    0x08003f08   0x08003f08   0x00000054   Code   RO          948    i.HAL_TIM_Encoder_MspInit  tim.o
    0x08003f5c   0x08003f5c   0x0000008e   Code   RO         2557    i.HAL_TIM_Encoder_Start  stm32f1xx_hal_tim.o
    0x08003fea   0x08003fea   0x00000002   Code   RO         2567    i.HAL_TIM_IC_CaptureCallback  stm32f1xx_hal_tim.o
    0x08003fec   0x08003fec   0x00000130   Code   RO         2581    i.HAL_TIM_IRQHandler  stm32f1xx_hal_tim.o
    0x0800411c   0x0800411c   0x0000004c   Code   RO          949    i.HAL_TIM_MspPostInit  tim.o
    0x08004168   0x08004168   0x00000002   Code   RO         2584    i.HAL_TIM_OC_DelayElapsedCallback  stm32f1xx_hal_tim.o
    0x0800416a   0x0800416a   0x000000cc   Code   RO         2605    i.HAL_TIM_PWM_ConfigChannel  stm32f1xx_hal_tim.o
    0x08004236   0x08004236   0x0000005a   Code   RO         2608    i.HAL_TIM_PWM_Init  stm32f1xx_hal_tim.o
    0x08004290   0x08004290   0x00000028   Code   RO          951    i.HAL_TIM_PWM_MspInit  tim.o
    0x080042b8   0x080042b8   0x00000002   Code   RO         2611    i.HAL_TIM_PWM_PulseFinishedCallback  stm32f1xx_hal_tim.o
    0x080042ba   0x080042ba   0x00000002   PAD
    0x080042bc   0x080042bc   0x0000009c   Code   RO         2613    i.HAL_TIM_PWM_Start  stm32f1xx_hal_tim.o
    0x08004358   0x08004358   0x00000014   Code   RO          682    i.HAL_TIM_PeriodElapsedCallback  main.o
    0x0800436c   0x0800436c   0x00000002   Code   RO         2624    i.HAL_TIM_TriggerCallback  stm32f1xx_hal_tim.o
    0x0800436e   0x0800436e   0x00000064   Code   RO         3534    i.HAL_UART_Init     stm32f1xx_hal_uart.o
    0x080043d2   0x080043d2   0x00000002   PAD
    0x080043d4   0x080043d4   0x000000f4   Code   RO         1024    i.HAL_UART_MspInit  usart.o
    0x080044c8   0x080044c8   0x000000b0   Code   RO         3537    i.HAL_UART_Receive  stm32f1xx_hal_uart.o
    0x08004578   0x08004578   0x000000a0   Code   RO         3542    i.HAL_UART_Transmit  stm32f1xx_hal_uart.o
    0x08004618   0x08004618   0x00000002   Code   RO         1097    i.HardFault_Handler  stm32f1xx_it.o
    0x0800461a   0x0800461a   0x00000002   PAD
    0x0800461c   0x0800461c   0x00000070   Code   RO          772    i.JudgePlace        freertos.o
    0x0800468c   0x0800468c   0x000000bc   Code   RO          773    i.JudgeThorns       freertos.o
    0x08004748   0x08004748   0x00000040   Code   RO          774    i.Judgethrough      freertos.o
    0x08004788   0x08004788   0x00000308   Code   RO          775    i.Judgewhowin       freertos.o
    0x08004a90   0x08004a90   0x000001e0   Code   RO          776    i.Key               freertos.o
    0x08004c70   0x08004c70   0x0000002c   Code   RO          899    i.LightSensor_GetValue  adc.o
    0x08004c9c   0x08004c9c   0x0000000c   Code   RO          777    i.LoadWinRecord     freertos.o
    0x08004ca8   0x08004ca8   0x0000004c   Code   RO          900    i.MX_ADC1_Init      adc.o
    0x08004cf4   0x08004cf4   0x000000d8   Code   RO          778    i.MX_FREERTOS_Init  freertos.o
    0x08004dcc   0x08004dcc   0x00000104   Code   RO          743    i.MX_GPIO_Init      gpio.o
    0x08004ed0   0x08004ed0   0x000000a0   Code   RO          952    i.MX_TIM1_Init      tim.o
    0x08004f70   0x08004f70   0x0000006c   Code   RO          953    i.MX_TIM3_Init      tim.o
    0x08004fdc   0x08004fdc   0x00000038   Code   RO         1026    i.MX_USART1_UART_Init  usart.o
    0x08005014   0x08005014   0x00000038   Code   RO         1027    i.MX_USART2_UART_Init  usart.o
    0x0800504c   0x0800504c   0x00000038   Code   RO         1028    i.MX_USART3_UART_Init  usart.o
    0x08005084   0x08005084   0x00000002   Code   RO         1098    i.MemManage_Handler  stm32f1xx_it.o
    0x08005086   0x08005086   0x00000002   Code   RO         1099    i.NMI_Handler       stm32f1xx_it.o
    0x08005088   0x08005088   0x00000028   Code   RO           13    i.OLED_Clear        oled.o
    0x080050b0   0x080050b0   0x0000005c   Code   RO           14    i.OLED_ClearArea    oled.o
    0x0800510c   0x0800510c   0x0000002a   Code   RO           22    i.OLED_GPIO_Init    oled.o
    0x08005136   0x08005136   0x0000003a   Code   RO           24    i.OLED_I2C_SendByte  oled.o
    0x08005170   0x08005170   0x0000001e   Code   RO           25    i.OLED_I2C_Start    oled.o
    0x0800518e   0x0800518e   0x00000018   Code   RO           26    i.OLED_I2C_Stop     oled.o
    0x080051a6   0x080051a6   0x0000009c   Code   RO           27    i.OLED_Init         oled.o
    0x08005242   0x08005242   0x0000002a   Code   RO           30    i.OLED_Printf       oled.o
    0x0800526c   0x0800526c   0x00000022   Code   RO           33    i.OLED_SetCursor    oled.o
    0x0800528e   0x0800528e   0x00000002   PAD
    0x08005290   0x08005290   0x0000003c   Code   RO           35    i.OLED_ShowChar     oled.o
    0x080052cc   0x080052cc   0x000000bc   Code   RO           38    i.OLED_ShowImage    oled.o
    0x08005388   0x08005388   0x0000016c   Code   RO           41    i.OLED_ShowString   oled.o
    0x080054f4   0x080054f4   0x00000028   Code   RO           42    i.OLED_Update       oled.o
    0x0800551c   0x0800551c   0x00000014   Code   RO           44    i.OLED_W_SCL        oled.o
    0x08005530   0x08005530   0x00000014   Code   RO           45    i.OLED_W_SDA        oled.o
    0x08005544   0x08005544   0x00000022   Code   RO           46    i.OLED_WriteCommand  oled.o
    0x08005566   0x08005566   0x00000030   Code   RO           47    i.OLED_WriteData    oled.o
    0x08005596   0x08005596   0x00000002   PAD
    0x08005598   0x08005598   0x00000050   Code   RO          779    i.Playmusic         freertos.o
    0x080055e8   0x080055e8   0x00000044   Code   RO          780    i.SaveWinRecord     freertos.o
    0x0800562c   0x0800562c   0x0000002c   Code   RO         5123    i.SysTick_Handler   port.o
    0x08005658   0x08005658   0x00000078   Code   RO          683    i.SystemClock_Config  main.o
    0x080056d0   0x080056d0   0x00000002   Code   RO         3868    i.SystemInit        system_stm32f1xx.o
    0x080056d2   0x080056d2   0x00000002   PAD
    0x080056d4   0x080056d4   0x0000000c   Code   RO         1100    i.TIM4_IRQHandler   stm32f1xx_it.o
    0x080056e0   0x080056e0   0x00000078   Code   RO         2626    i.TIM_Base_SetConfig  stm32f1xx_hal_tim.o
    0x08005758   0x08005758   0x0000001a   Code   RO         2627    i.TIM_CCxChannelCmd  stm32f1xx_hal_tim.o
    0x08005772   0x08005772   0x00000002   PAD
    0x08005774   0x08005774   0x00000050   Code   RO         2639    i.TIM_OC1_SetConfig  stm32f1xx_hal_tim.o
    0x080057c4   0x080057c4   0x00000058   Code   RO         2640    i.TIM_OC2_SetConfig  stm32f1xx_hal_tim.o
    0x0800581c   0x0800581c   0x00000058   Code   RO         2641    i.TIM_OC3_SetConfig  stm32f1xx_hal_tim.o
    0x08005874   0x08005874   0x00000044   Code   RO         2642    i.TIM_OC4_SetConfig  stm32f1xx_hal_tim.o
    0x080058b8   0x080058b8   0x0000004e   Code   RO         3557    i.UART_EndRxTransfer  stm32f1xx_hal_uart.o
    0x08005906   0x08005906   0x00000002   PAD
    0x08005908   0x08005908   0x000000b8   Code   RO         3560    i.UART_SetConfig    stm32f1xx_hal_uart.o
    0x080059c0   0x080059c0   0x00000072   Code   RO         3563    i.UART_WaitOnFlagUntilTimeout  stm32f1xx_hal_uart.o
    0x08005a32   0x08005a32   0x00000002   Code   RO         1101    i.UsageFault_Handler  stm32f1xx_it.o
    0x08005a34   0x08005a34   0x00000094   Code   RO          610    i.Wifi_SendData     wifi.o
    0x08005ac8   0x08005ac8   0x00000028   Code   RO         5457    i.__ARM_fpclassify  m_ws.l(fpclassify.o)
    0x08005af0   0x08005af0   0x00000020   Code   RO         2044    i.__NVIC_SetPriority  stm32f1xx_hal_cortex.o
    0x08005b10   0x08005b10   0x0000000e   Code   RO         5336    i._is_digit         c_w.l(__printf_wp.o)
    0x08005b1e   0x08005b1e   0x00000002   PAD
    0x08005b20   0x08005b20   0x000002b8   Code   RO          684    i.main              main.o
    0x08005dd8   0x08005dd8   0x0000000c   Code   RO         4688    i.makeFreeRtosPriority  cmsis_os.o
    0x08005de4   0x08005de4   0x0000000e   Code   RO         4690    i.osDelay           cmsis_os.o
    0x08005df2   0x08005df2   0x0000000a   Code   RO         4693    i.osKernelStart     cmsis_os.o
    0x08005dfc   0x08005dfc   0x00000054   Code   RO         4727    i.osThreadCreate    cmsis_os.o
    0x08005e50   0x08005e50   0x00000070   Code   RO         4370    i.prvAddCurrentTaskToDelayedList  tasks.o
    0x08005ec0   0x08005ec0   0x000000d0   Code   RO         4371    i.prvAddNewTaskToReadyList  tasks.o
    0x08005f90   0x08005f90   0x00000026   Code   RO         4046    i.prvCopyDataFromQueue  queue.o
    0x08005fb6   0x08005fb6   0x0000006c   Code   RO         4047    i.prvCopyDataToQueue  queue.o
    0x08006022   0x08006022   0x00000034   Code   RO         4372    i.prvDeleteTCB      tasks.o
    0x08006056   0x08006056   0x00000002   PAD
    0x08006058   0x08006058   0x0000004c   Code   RO         5055    i.prvHeapInit       heap_4.o
    0x080060a4   0x080060a4   0x00000060   Code   RO         4373    i.prvIdleTask       tasks.o
    0x08006104   0x08006104   0x00000016   Code   RO         4048    i.prvInitialiseMutex  queue.o
    0x0800611a   0x0800611a   0x00000016   Code   RO         4049    i.prvInitialiseNewQueue  queue.o
    0x08006130   0x08006130   0x00000098   Code   RO         4374    i.prvInitialiseNewTask  tasks.o
    0x080061c8   0x080061c8   0x0000004c   Code   RO         5056    i.prvInsertBlockIntoFreeList  heap_4.o
    0x08006214   0x08006214   0x0000001c   Code   RO         4050    i.prvIsQueueEmpty   queue.o
    0x08006230   0x08006230   0x00000020   Code   RO         4375    i.prvResetNextTaskUnblockTime  tasks.o
    0x08006250   0x08006250   0x00000028   Code   RO         5124    i.prvTaskExitError  port.o
    0x08006278   0x08006278   0x0000006a   Code   RO         4051    i.prvUnlockQueue    queue.o
    0x080062e2   0x080062e2   0x00000002   PAD
    0x080062e4   0x080062e4   0x000000dc   Code   RO         5057    i.pvPortMalloc      heap_4.o
    0x080063c0   0x080063c0   0x00000018   Code   RO         4377    i.pvTaskIncrementMutexHeldCount  tasks.o
    0x080063d8   0x080063d8   0x00000024   Code   RO         5125    i.pxPortInitialiseStack  port.o
    0x080063fc   0x080063fc   0x0000003c   Code   RO         1029    i.uart_print        usart.o
    0x08006438   0x08006438   0x00000026   Code   RO         4006    i.uxListRemove      list.o
    0x0800645e   0x0800645e   0x00000002   PAD
    0x08006460   0x08006460   0x00000014   Code   RO          781    i.vApplicationGetIdleTaskMemory  freertos.o
    0x08006474   0x08006474   0x00000016   Code   RO         4007    i.vListInitialise   list.o
    0x0800648a   0x0800648a   0x00000006   Code   RO         4008    i.vListInitialiseItem  list.o
    0x08006490   0x08006490   0x00000030   Code   RO         4009    i.vListInsert       list.o
    0x080064c0   0x080064c0   0x00000018   Code   RO         4010    i.vListInsertEnd    list.o
    0x080064d8   0x080064d8   0x00000040   Code   RO         5127    i.vPortEnterCritical  port.o
    0x08006518   0x08006518   0x00000028   Code   RO         5128    i.vPortExitCritical  port.o
    0x08006540   0x08006540   0x00000064   Code   RO         5058    i.vPortFree         heap_4.o
    0x080065a4   0x080065a4   0x00000024   Code   RO         5129    i.vPortSetupTimerInterrupt  port.o
    0x080065c8   0x080065c8   0x00000054   Code   RO         5130    i.vPortValidateInterruptPriority  port.o
    0x0800661c   0x0800661c   0x0000004c   Code   RO         4384    i.vTaskDelay        tasks.o
    0x08006668   0x08006668   0x00000010   Code   RO         4387    i.vTaskInternalSetTimeOutState  tasks.o
    0x08006678   0x08006678   0x0000000c   Code   RO         4388    i.vTaskMissedYield  tasks.o
    0x08006684   0x08006684   0x00000030   Code   RO         4390    i.vTaskPlaceOnEventList  tasks.o
    0x080066b4   0x080066b4   0x000000a0   Code   RO         4392    i.vTaskPriorityDisinheritAfterTimeout  tasks.o
    0x08006754   0x08006754   0x0000006c   Code   RO         4397    i.vTaskStartScheduler  tasks.o
    0x080067c0   0x080067c0   0x00000010   Code   RO         4399    i.vTaskSuspendAll   tasks.o
    0x080067d0   0x080067d0   0x0000005c   Code   RO         4400    i.vTaskSwitchContext  tasks.o
    0x0800682c   0x0800682c   0x000000a8   Code   RO         5131    i.xPortStartScheduler  port.o
    0x080068d4   0x080068d4   0x00000016   Code   RO         4058    i.xQueueCreateMutex  queue.o
    0x080068ea   0x080068ea   0x00000042   Code   RO         4060    i.xQueueGenericCreate  queue.o
    0x0800692c   0x0800692c   0x00000088   Code   RO         4062    i.xQueueGenericReset  queue.o
    0x080069b4   0x080069b4   0x00000160   Code   RO         4063    i.xQueueGenericSend  queue.o
    0x08006b14   0x08006b14   0x000000be   Code   RO         4064    i.xQueueGenericSendFromISR  queue.o
    0x08006bd2   0x08006bd2   0x00000002   PAD
    0x08006bd4   0x08006bd4   0x00000138   Code   RO         4070    i.xQueueReceive     queue.o
    0x08006d0c   0x08006d0c   0x00000178   Code   RO         4072    i.xQueueSemaphoreTake  queue.o
    0x08006e84   0x08006e84   0x00000074   Code   RO         4402    i.xTaskCheckForTimeOut  tasks.o
    0x08006ef8   0x08006ef8   0x0000005a   Code   RO         4403    i.xTaskCreate       tasks.o
    0x08006f52   0x08006f52   0x00000056   Code   RO         4404    i.xTaskCreateStatic  tasks.o
    0x08006fa8   0x08006fa8   0x0000001c   Code   RO         4408    i.xTaskGetSchedulerState  tasks.o
    0x08006fc4   0x08006fc4   0x00000010   Code   RO         4410    i.xTaskGetTickCountFromISR  tasks.o
    0x08006fd4   0x08006fd4   0x000000cc   Code   RO         4411    i.xTaskIncrementTick  tasks.o
    0x080070a0   0x080070a0   0x00000098   Code   RO         4414    i.xTaskPriorityDisinherit  tasks.o
    0x08007138   0x08007138   0x0000008c   Code   RO         4415    i.xTaskPriorityInherit  tasks.o
    0x080071c4   0x080071c4   0x00000074   Code   RO         4416    i.xTaskRemoveFromEventList  tasks.o
    0x08007238   0x08007238   0x000000c4   Code   RO         4417    i.xTaskResumeAll    tasks.o
    0x080072fc   0x080072fc   0x0000002c   Code   RO         5501    locale$$code        c_w.l(lc_numeric_c.o)
    0x08007328   0x08007328   0x0000002c   Code   RO         5518    locale$$code        c_w.l(lc_ctype_c.o)
    0x08007354   0x08007354   0x00000004   Code   RO         5383    x$fpl$printf1       fz_ws.l(printf1.o)
    0x08007358   0x08007358   0x00000004   Code   RO         5385    x$fpl$printf2       fz_ws.l(printf2.o)
    0x0800735c   0x0800735c   0x00000000   Code   RO         5391    x$fpl$usenofp       fz_ws.l(usenofp.o)
    0x0800735c   0x0800735c   0x000005f0   Data   RO          356    .constdata          oled_data.o
    0x0800794c   0x0800794c   0x0000023a   Data   RO          357    .constdata          oled_data.o
    0x08007b86   0x08007b86   0x00000103   Data   RO          358    .constdata          oled_data.o
    0x08007c89   0x08007c89   0x00000020   Data   RO          360    .constdata          oled_data.o
    0x08007ca9   0x08007ca9   0x00000020   Data   RO          361    .constdata          oled_data.o
    0x08007cc9   0x08007cc9   0x00000004   Data   RO          362    .constdata          oled_data.o
    0x08007ccd   0x08007ccd   0x00000020   Data   RO          363    .constdata          oled_data.o
    0x08007ced   0x08007ced   0x00000008   Data   RO          364    .constdata          oled_data.o
    0x08007cf5   0x08007cf5   0x00000003   PAD
    0x08007cf8   0x08007cf8   0x000000c4   Data   RO          785    .constdata          freertos.o
    0x08007dbc   0x08007dbc   0x00000012   Data   RO         1742    .constdata          stm32f1xx_hal_rcc.o
    0x08007dce   0x08007dce   0x00000012   Data   RO         1834    .constdata          stm32f1xx_hal_rcc_ex.o
    0x08007de0   0x08007de0   0x00000010   Data   RO         3869    .constdata          system_stm32f1xx.o
    0x08007df0   0x08007df0   0x00000008   Data   RO         3870    .constdata          system_stm32f1xx.o
    0x08007df8   0x08007df8   0x00000008   Data   RO         5295    .constdata          c_w.l(_printf_wctomb.o)
    0x08007e00   0x08007e00   0x00000028   Data   RO         5324    .constdata          c_w.l(_printf_hex_int_ll_ptr.o)
    0x08007e28   0x08007e28   0x00000011   Data   RO         5344    .constdata          c_w.l(__printf_flags_ss_wp.o)
    0x08007e39   0x08007e39   0x00000026   Data   RO         5444    .constdata          c_w.l(_printf_fp_hex.o)
    0x08007e5f   0x08007e5f   0x00000001   PAD
    0x08007e60   0x08007e60   0x00000094   Data   RO         5476    .constdata          c_w.l(bigflt0.o)
    0x08007ef4   0x08007ef4   0x0000020d   Data   RO          611    .conststring        wifi.o
    0x08008101   0x08008101   0x00000003   PAD
    0x08008104   0x08008104   0x0000004b   Data   RO          786    .conststring        freertos.o
    0x0800814f   0x0800814f   0x00000001   PAD
    0x08008150   0x08008150   0x00000020   Data   RO         5646    Region$$Table       anon$$obj.o
    0x08008170   0x08008170   0x0000001c   Data   RO         5500    locale$$data        c_w.l(lc_numeric_c.o)
    0x0800818c   0x0800818c   0x00000110   Data   RO         5517    locale$$data        c_w.l(lc_ctype_c.o)


    Execution Region RW_IRAM1 (Exec base: 0x20000000, Load base: 0x0800829c, Size: 0x00002db8, Max: 0x00005000, ABSOLUTE, COMPRESSED[0x00000078])

    Exec Addr    Load Addr    Size         Type   Attr      Idx    E Section Name        Object

    0x20000000   COMPRESSED   0x00000004   Data   RW          686    .data               main.o
    0x20000004   COMPRESSED   0x00000004   Data   RW          687    .data               main.o
    0x20000008   COMPRESSED   0x0000000a   Data   RW          688    .data               main.o
    0x20000012   COMPRESSED   0x00000002   PAD
    0x20000014   COMPRESSED   0x000000e8   Data   RW          787    .data               freertos.o
    0x200000fc   COMPRESSED   0x0000000c   Data   RW         1579    .data               stm32f1xx_hal.o
    0x20000108   COMPRESSED   0x00000004   Data   RW         3871    .data               system_stm32f1xx.o
    0x2000010c   COMPRESSED   0x0000003c   Data   RW         4420    .data               tasks.o
    0x20000148   COMPRESSED   0x00000020   Data   RW         5064    .data               heap_4.o
    0x20000168   COMPRESSED   0x0000000c   Data   RW         5132    .data               port.o
    0x20000174        -       0x00000400   Zero   RW           49    .bss                oled.o
    0x20000574        -       0x00000400   Zero   RW          415    .bss                aoled.o
    0x20000974        -       0x00000040   Zero   RW          685    .bss                main.o
    0x200009b4        -       0x00000254   Zero   RW          782    .bss                freertos.o
    0x20000c08        -       0x00000030   Zero   RW          901    .bss                adc.o
    0x20000c38        -       0x00000090   Zero   RW          954    .bss                tim.o
    0x20000cc8        -       0x000000d8   Zero   RW         1030    .bss                usart.o
    0x20000da0        -       0x00000048   Zero   RW         1206    .bss                stm32f1xx_hal_timebase_tim.o
    0x20000de8        -       0x00000020   Zero   RW         2285    .bss                stm32f1xx_hal_flash.o
    0x20000e08        -       0x000000f0   Zero   RW         4419    .bss                tasks.o
    0x20000ef8        -       0x00001860   Zero   RW         5063    .bss                heap_4.o
    0x20002758        -       0x00000060   Zero   RW         5462    .bss                c_w.l(libspace.o)
    0x200027b8        -       0x00000200   Zero   RW            2    HEAP                startup_stm32f103xb.o
    0x200029b8        -       0x00000400   Zero   RW            1    STACK               startup_stm32f103xb.o


==============================================================================

Image component sizes


      Code (inc. data)   RO Data    RW Data    ZI Data      Debug   Object Name

       208         24          0          0         48       2148   adc.o
      1300         52          0          0       1024      11041   aoled.o
       120          0          0          0          0      23281   cmsis_os.o
         0          0          0          0          0      20116   event_groups.o
      3976        316        271        232        596      16799   freertos.o
       260         18          0          0          0        975   gpio.o
       472         24          0         32       6240       7295   heap_4.o
       138          0          0          0          0       3362   list.o
       840        140          0         18         64       3921   main.o
      1292         48          0          0       1024     459498   oled.o
         0          0       2457          0          0       1290   oled_data.o
       662         70          0         12          0      11025   port.o
      1778         18          0          0          0      17824   queue.o
        64         26        236          0       1536        804   startup_stm32f103xb.o
       100         18          0         12          0       5214   stm32f1xx_hal.o
      1264         54          0          0          0       7039   stm32f1xx_hal_adc.o
       158         14          0          0          0      28158   stm32f1xx_hal_cortex.o
       392         46          0          0         32       4694   stm32f1xx_hal_flash.o
       240         26          0          0          0       3229   stm32f1xx_hal_flash_ex.o
       524         40          0          0          0       4094   stm32f1xx_hal_gpio.o
        72         10          0          0          0        862   stm32f1xx_hal_msp.o
      1304         94         18          0          0       5709   stm32f1xx_hal_rcc.o
       400         28         18          0          0       2453   stm32f1xx_hal_rcc_ex.o
      1718         56          0          0          0      14758   stm32f1xx_hal_tim.o
       192         12          0          0          0       3169   stm32f1xx_hal_tim_ex.o
       152         20          0          0         72       1463   stm32f1xx_hal_timebase_tim.o
       812          6          0          0          0       5715   stm32f1xx_hal_uart.o
        64          6          0          0          0       4753   stm32f1xx_it.o
         0          0          0          0          0        384   stream_buffer.o
         2          0         24          4          0       1107   system_stm32f1xx.o
      2348        178          0         60        240      27458   tasks.o
       548         66          0          0        144       4578   tim.o
       472         48          0          0        216       3848   usart.o
       148         66        525          0          0      32416   wifi.o

    ----------------------------------------------------------------------
     22056       1524       3588        372      11236     740480   Object Totals
         0          0         32          0          0          0   (incl. Generated)
        36          0          7          2          0          0   (incl. Padding)

    ----------------------------------------------------------------------

      Code (inc. data)   RO Data    RW Data    ZI Data      Debug   Library Member Name

        90          0          0          0          0          0   __dczerorl2.o
         8          0          0          0          0         68   __main.o
       392          4         17          0          0         92   __printf_flags_ss_wp.o
        14          0          0          0          0         68   __printf_wp.o
         0          0          0          0          0          0   __rtentry.o
        12          0          0          0          0          0   __rtentry2.o
         6          0          0          0          0          0   __rtentry4.o
        52          8          0          0          0          0   __scatter.o
        28          0          0          0          0          0   __scatter_zi.o
         6          0          0          0          0          0   _printf_a.o
         6          0          0          0          0          0   _printf_c.o
        44          0          0          0          0        108   _printf_char.o
        48          6          0          0          0         96   _printf_char_common.o
        40          0          0          0          0         68   _printf_charcount.o
         6          0          0          0          0          0   _printf_d.o
       120         16          0          0          0         92   _printf_dec.o
         6          0          0          0          0          0   _printf_e.o
         6          0          0          0          0          0   _printf_f.o
      1054          0          0          0          0        216   _printf_fp_dec.o
       764          8         38          0          0        100   _printf_fp_hex.o
       128         16          0          0          0         84   _printf_fp_infnan.o
         6          0          0          0          0          0   _printf_g.o
       148          4         40          0          0        160   _printf_hex_int_ll_ptr.o
         6          0          0          0          0          0   _printf_i.o
       178          0          0          0          0         88   _printf_intcommon.o
        10          0          0          0          0          0   _printf_l.o
         6          0          0          0          0          0   _printf_lc.o
        10          0          0          0          0          0   _printf_ll.o
         6          0          0          0          0          0   _printf_lld.o
         6          0          0          0          0          0   _printf_lli.o
         6          0          0          0          0          0   _printf_llo.o
         6          0          0          0          0          0   _printf_llu.o
         6          0          0          0          0          0   _printf_llx.o
       124         16          0          0          0         92   _printf_longlong_dec.o
         6          0          0          0          0          0   _printf_ls.o
         6          0          0          0          0          0   _printf_n.o
         6          0          0          0          0          0   _printf_o.o
       112         10          0          0          0        124   _printf_oct_int_ll.o
         6          0          0          0          0          0   _printf_p.o
        78          0          0          0          0        108   _printf_pad.o
         0          0          0          0          0          0   _printf_percent.o
         4          0          0          0          0          0   _printf_percent_end.o
         6          0          0          0          0          0   _printf_s.o
        82          0          0          0          0         80   _printf_str.o
        36          0          0          0          0         84   _printf_truncate.o
         6          0          0          0          0          0   _printf_u.o
        44          0          0          0          0        108   _printf_wchar.o
       188          6          8          0          0         92   _printf_wctomb.o
         6          0          0          0          0          0   _printf_x.o
        10          0          0          0          0         68   _sputc.o
        64          0          0          0          0         92   _wcrtomb.o
       228          4        148          0          0         96   bigflt0.o
      1936        128          0          0          0        672   btod.o
        18          0          0          0          0         80   exit.o
         6          0          0          0          0        152   heapauxi.o
         0          0          0          0          0          0   indicate_semi.o
        44         10        272          0          0         76   lc_ctype_c.o
        44         10         28          0          0         76   lc_numeric_c.o
         2          0          0          0          0          0   libinit.o
        30          0          0          0          0          0   libinit2.o
         2          0          0          0          0          0   libshutdown.o
         2          0          0          0          0          0   libshutdown2.o
         8          4          0          0         96         68   libspace.o
       138          0          0          0          0         80   lludiv10.o
        38          0          0          0          0         68   llushr.o
        16          4          0          0          0         76   rt_ctype_table.o
         8          4          0          0          0         68   rt_locale_intlibspace.o
        78          0          0          0          0         80   rt_memclr_w.o
       138          0          0          0          0         68   rt_memcpy_v6.o
       100          0          0          0          0         80   rt_memcpy_w.o
         2          0          0          0          0          0   rtexit.o
        10          0          0          0          0          0   rtexit2.o
       128          0          0          0          0         68   strcmpv7m.o
        62          0          0          0          0         76   strlen.o
        12          4          0          0          0         68   sys_exit.o
        74          0          0          0          0         80   sys_stackheap_outer.o
         2          0          0          0          0         68   use_no_semi.o
        36          4          0          0          0         76   vsprintf.o
         4          0          0          0          0         68   printf1.o
         4          0          0          0          0         68   printf2.o
         0          0          0          0          0          0   usenofp.o
        40          0          0          0          0         68   fpclassify.o

    ----------------------------------------------------------------------
      7240        266        552          0         96       4468   Library Totals
        22          0          1          0          0          0   (incl. Padding)

    ----------------------------------------------------------------------

      Code (inc. data)   RO Data    RW Data    ZI Data      Debug   Library Name

      7170        266        551          0         96       4264   c_w.l
         8          0          0          0          0        136   fz_ws.l
        40          0          0          0          0         68   m_ws.l

    ----------------------------------------------------------------------
      7240        266        552          0         96       4468   Library Totals

    ----------------------------------------------------------------------

==============================================================================


      Code (inc. data)   RO Data    RW Data    ZI Data      Debug   

     29296       1790       4140        372      11332     731840   Grand Totals
     29296       1790       4140        120      11332     731840   ELF Image Totals (compressed)
     29296       1790       4140        120          0          0   ROM Totals

==============================================================================

    Total RO  Size (Code + RO Data)                33436 (  32.65kB)
    Total RW  Size (RW Data + ZI Data)             11704 (  11.43kB)
    Total ROM Size (Code + RO Data + RW Data)      33556 (  32.77kB)

==============================================================================

